exit_code=0

=== stdout (raw) ===
3:##DATA TYPE=NMR Spectrum
4:##DATA CLASS=NTUPLES
50:##PAGE=N=1
51:##DATA TABLE=(X++(R..R)), XYDATA
2783:##PAGE=N=2
2784:##DATA TABLE=(X++(I..I)), XYDATA
5516:##END NTUPLES=NMR Spectrum
5517:##END=
##FIRST=   -1.03000e+02,4.27738776352315e-04,-1.9450852163973e-03,           1
##LAST=    -1.70044e+01,3.62646118437658e-04,-1.2138380882017e-03,           2
##MIN=     -1.03000e+02, -0.0415889394537358,  -0.148775785667957,           1
##MAX=     -1.70044e+01,   0.123193002073817,   0.019857107080923,           2
##FACTOR=             1,                   1,                   1,           1
##PAGE=N=1
##DATA TABLE=(X++(R..R)), XYDATA
-103.000801     0.000428     0.000795     0.002656     0.003485     0.002441     0.002549
-102.969307     0.003451     0.002744     0.003683     0.007734     0.009396     0.008771
-102.937813     0.008518     0.006681     0.004170     0.001680    -0.001056    -0.001699
-102.906319    -0.000174    -0.000004    -0.001067     0.000831     0.003221     0.003666
-102.874825     0.002490    -0.002067    -0.006745    -0.008469    -0.008419    -0.005414
-102.843330    -0.000683     0.001793     0.001894     0.001769     0.002881     0.004962
-102.811836     0.005469     0.004220     0.002614     0.000777     0.000130     0.000632
-102.780342     0.000591     0.000305     0.001350     0.001731    -0.001112    -0.004032
-102.748848    -0.003571    -0.001373     0.000576     0.002806     0.004688     0.004956
-102.717346     0.003696     0.003102     0.002648     0.003305     0.003532     0.003123
-102.685852     0.004893     0.006784     0.006049     0.005883     0.006004     0.003477
-102.654358     0.001046    -0.000192    -0.000770    -0.003158    -0.005743    -0.006503
-102.622864    -0.005455    -0.001069     0.003157     0.004086     0.003156     0.002368
-102.591370     0.002472     0.003898     0.007118     0.007128     0.002660    -0.000010


=== stderr (raw) ===


=== stderr (model-visible) ===
