exit_code=0

=== stdout (raw) ===
points 16384 first,last,dx -103.0 -17.004400000000004 0.005249075260941219
median 0.0008975 mad_sigma 0.0053766489 minmax -0.021231 0.5678
target±3 n 1143 max (-57.57450269181469, 0.020893) min (-57.17557297198316, -0.015436) mean 0.0016680008748906387 max_z 3.718952152520132
display n 10669 max (-76.46592455594214, 0.5678) min (-87.56771873283282, -0.021231) mean 0.00249636760708595 max_z 105.43788715681248
full n 16384 max (-76.46592455594214, 0.5678) min (-87.56771873283282, -0.021231) mean 0.0018052755126953125 max_z 105.43788715681248
top peaks z>10 separated 0.15ppm:
  -76.466 ppm  amp=0.5678  z=105.4
target region top local maxima:
  -57.575 ppm  amp=0.02089  z=3.7
  -57.601 ppm  amp=0.01972  z=3.5
  -56.997 ppm  amp=0.01809  z=3.2
  -59.385 ppm  amp=0.01372  z=2.4
  -60.519 ppm  amp=0.01325  z=2.3
  -55.674 ppm  amp=0.01286  z=2.2
  -55.060 ppm  amp=0.01274  z=2.2
  -56.021 ppm  amp=0.01273  z=2.2
  -56.252 ppm  amp=0.01257  z=2.2
  -57.973 ppm  amp=0.01229  z=2.1
global peak half width ppm -76.46592455594214 0.5678 0.09448335469693347 bounds -76.52366438381249 -76.42918102911555


=== stderr (raw) ===


=== stderr (model-visible) ===
