exit_code=0

=== stdout (raw) ===
--- artifacts/recreated_robochemflex_yield_bo_20260725/bo_campaign_id.txt ---
ccbfc92e-c646-4943-a44d-9277f2f2d8d4

--- artifacts/recreated_robochemflex_yield_bo_20260725/recreation_summary.json ---
{
  "campaign_id": "ccbfc92e-c646-4943-a44d-9277f2f2d8d4",
  "contacted_roboflex": false,
  "expected_run_ids": [
    "R0044",
    "R0045",
    "R0046",
    "R0047",
    "R0048",
    "R0049",
    "R0050",
    "R0051",
    "R0052"
  ],
  "final_result_count": 9,
  "generated_suggestions": false,
  "skipped_existing_count": 0,
  "source_csv": "campaign_logs/roboflex_experiment_log_latest.csv",
  "submitted_count": 9
}

--- import audit run/status ---
R0044 submitted None
R0045 submitted None
R0046 submitted None
R0047 submitted None
R0048 submitted None
R0049 submitted None
R0050 submitted None
R0051 submitted None
R0052 submitted None
--- artifact files ---
bo_campaign_export.content_type.txt
bo_campaign_export.csv
bo_campaign_id.txt
final_bomcp_results.json
historical_results_to_import.json
import_audit.jsonl
intake.json
preflight_summary.json
recreation_summary.json


=== stderr (raw) ===


=== stderr (model-visible) ===
