exit_code=0

=== stdout (raw) ===
Read 23 successful/submitted measurements from artifacts/yield_only_clean21_export_20260729T212630Z/bo_campaign_export.csv
Excluded measurement numbers: [24, 25, 26]
Wrote plots/yield_only_clean_excluding_24_25_26/yield_only_successful_improvement_curve.png
Wrote plots/yield_only_clean_excluding_24_25_26/yield_only_successful_improvement_curve.svg
Wrote plots/yield_only_clean_excluding_24_25_26/yield_only_successful_improvement_curve_data.csv
total 252K
-rw-r--r-- 1 root root 166K Jul 29 21:29 yield_only_successful_improvement_curve.png
-rw-r--r-- 1 root root  75K Jul 29 21:29 yield_only_successful_improvement_curve.svg
-rw-r--r-- 1 root root 4.9K Jul 29 21:29 yield_only_successful_improvement_curve_data.csv
param_catalyst_type,param_oxidant_type,param_catalyst_equiv,param_TFAA_equiv,param_oxidant_equiv,param_light_intensity,param_residence_time_min,obj_yield_percent,result_id,suggestion_id,created_at,experiment,yield_percent,cum_best_yield,stage
4CzIPN,py NO,0.0025,2.2,1.8,50,30.0,0.0,f2638e59-a238-49ad-8d6d-913189aa70c2,,2026-07-29T15:58:59.183206+00:00,1,0.0,0.0,seed
Ru bpy Cl,py NO,0.001,0.9,0.9,75,10.0,30.037732281591182,481f9e96-23be-4809-90de-ce98db09ded3,,2026-07-29T15:58:59.220607+00:00,2,30.037732281591182,30.037732281591182,seed
Ir CF3 ppy,4-Ph py NO,0.004,3.5,3.0,100,75.0,15.766697453699583,47e57159-24b9-499c-bc99-74ddb9da71a2,,2026-07-29T15:58:59.255611+00:00,3,15.766697453699583,30.037732281591182,seed
Ir ppy,py NO,0.002,1.4,2.4,25,45.0,11.930255522523904,8926834b-ac54-4028-9c5f-58f0415ba5c2,,2026-07-29T15:58:59.300846+00:00,4,11.930255522523904,30.037732281591182,seed
Ru bpy Cl,py NO,0.0015895931399105,1.588655546840804,0.9,50,16.396666666666665,36.54768450235394,9f4ebca9-d876-4ed0-a8a8-3f87961e31ec,,2026-07-29T15:58:59.830622+00:00,16,36.54768450235394,36.54768450235394,mixed-objective BO
Ru bpy Cl,py NO,0.0012551564527834,1.6156597192651254,1.4410604139317431,50,16.428333333333335,48.50520336395255,6aa3458c-9f8f-45ab-9d8e-06c53bdd88d2,,2026-07-29T15:58:59.874675+00:00,17,48.50520336395255,48.50520336395255,mixed-objective BO
Ru bpy Cl,py NO,0.0010327647764327,1.576838763587787,1.750417584313675,50,17.011666666666667,20.17560599224093,29b78807-38d4-4aaf-b6a3-b1eddd5250c8,,2026-07-29T15:58:59.906838+00:00,18,20.17560599224093,48.50520336395255,mixed-objective BO
Ru bpy Cl,py NO,0.0011562499295373,1.5559624699508112,1.29960973315381,50,16.805,45.09342521319984,af23901d-c507-48a9-b719-a01a66064482,,2026-07-29T15:58:59.952233+00:00,19,45.09342521319984,48.50520336395255,mixed-objective BO
Ru bpy Cl,py NO,0.0012148856753842,1.4044945005711598,1.4011655894317083,25,19.39,0.0,338930d2-a566-4e82-84ad-7f88fd6f8143,,2026-07-29T15:58:59.996713+00:00,20,0.0,48.50520336395255,mixed-objective BO
Ru bpy Cl,py NO,0.0018919182875174,1.9967805730581696,1.3920495769768648,50,14.173333333333334,58.81124477660556,cc3b1d2f-de5f-4b0c-b50e-150bf3ecd95f,,2026-07-29T15:59:00.036596+00:00,21,58.81124477660556,58.81124477660556,yield-only BO
Ru bpy Cl,py NO,0.002215397053331,2.3143285769192654,1.36180188518011,50,18.676666666666662,52.27761523334914,d09d7c0a-6a31-405f-bf05-4d6f5abd38bc,d5368262-18b0-4e1b-8edf-794dd7eb04f1,2026-07-29T16:46:31.193816+00:00,22,52.27761523334914,58.81124477660556,yield-only BO
Ru bpy Cl,py NO,0.0022066440457651,1.6901767218049744,1.403392075648312,50,11.691666666666666,31.797149428210524,4afdb350-78b6-4449-87bc-a0c6d92efb9f,e3d3fbb8-615b-4d19-a7aa-7332997adef4,2026-07-29T17:39:05.233507+00:00,23,31.797149428210524,58.81124477660556,yield-only BO


=== stderr (raw) ===


=== stderr (model-visible) ===
