exit_code=0

=== stdout (raw) ===
downloading 9 files
raw_data_analysis\sample_20260724_185954\acqu.par -> raw_spectra/R0044/raw_data_analysis/sample_20260724_185954/acqu.par (2966 bytes)
raw_data_analysis\sample_20260724_185954\data.1d -> raw_spectra/R0044/raw_data_analysis/sample_20260724_185954/data.1d (98336 bytes)
raw_data_analysis\sample_20260724_185954\data.jpg -> raw_spectra/R0044/raw_data_analysis/sample_20260724_185954/data.jpg (192169 bytes)
raw_data_analysis\sample_20260724_185954\display.par -> raw_spectra/R0044/raw_data_analysis/sample_20260724_185954/display.par (1944 bytes)
raw_data_analysis\sample_20260724_185954\nmr_fid.dx -> raw_spectra/R0044/raw_data_analysis/sample_20260724_185954/nmr_fid.dx (242480 bytes)
raw_data_analysis\sample_20260724_185954\processed_spectrum.dx -> raw_spectra/R0044/raw_data_analysis/sample_20260724_185954/processed_spectrum.dx (493906 bytes)
raw_data_analysis\sample_20260724_185954\spectrum.1d -> raw_spectra/R0044/raw_data_analysis/sample_20260724_185954/spectrum.1d (196640 bytes)
raw_data\input_runs\R0044_2026-07-24_181110.csv -> raw_spectra/R0044/raw_data/input_runs/R0044_2026-07-24_181110.csv (453 bytes)
raw_data\results\R0044_2026-07-24_190815.csv -> raw_spectra/R0044/raw_data/results/R0044_2026-07-24_190815.csv (671 bytes)
manifest raw_spectra/R0044/download_manifest.json
raw_spectra/R0044/download_manifest.json 2209 bytes
raw_spectra/R0044/raw_data/input_runs/R0044_2026-07-24_181110.csv 453 bytes
raw_spectra/R0044/raw_data/results/R0044_2026-07-24_190815.csv 671 bytes
raw_spectra/R0044/raw_data_analysis/sample_20260724_185954/acqu.par 2966 bytes
raw_spectra/R0044/raw_data_analysis/sample_20260724_185954/data.1d 98336 bytes
raw_spectra/R0044/raw_data_analysis/sample_20260724_185954/data.jpg 192169 bytes
raw_spectra/R0044/raw_data_analysis/sample_20260724_185954/display.par 1944 bytes
raw_spectra/R0044/raw_data_analysis/sample_20260724_185954/nmr_fid.dx 242480 bytes
raw_spectra/R0044/raw_data_analysis/sample_20260724_185954/processed_spectrum.dx 493906 bytes
raw_spectra/R0044/raw_data_analysis/sample_20260724_185954/spectrum.1d 196640 bytes


=== stderr (raw) ===


=== stderr (model-visible) ===
