exit_code=0

=== stdout (raw) ===
idx 399770
6
                                ├  .SHIFTREFERENCE: (INTERNAL, None, 16384, 0)
                                ├  $REFERENCEPOINT: 5988.307
                                ├  SPECTROMETERDATASYSTEM: Magritek
                                ├  SAMPLEDESCRIPTION: solvent=None
                                ├  $AUNMP: <proc_1d_nosref>
                                ├  $INSTRUM: <Magritek>
                                ├  $SI: 16384
                                ├  $TD: 16384
                                ├  $TDEFF: 16384
                                ├  $SW: 86.001600
                                ├  $BF1: 58.1384524703026
                                ├  $SF: 58.1419407774508
                                ├  $LB: 1.00
                                ├  $GB: 0
                                ├  $PHC0: 136.4
                                ├  $PHC1: 0.0
                                ├  $REVERSE: yes
                                ├  NTUPLES: NMR Spectrum
                                ├  VARNAME: RANGE,            AMP/REAL,            AMP/IMAG, PAGE NUMBER
                                ├  SYMBOL: X,                   R,                   I,           N
                                ├  VARTYPE: INDEPENDENT,           DEPENDENT,           DEPENDENT,        PAGE
                                ├  VARFORM: AFFN,                AFFN,                AFFN,        AFFN
                                ├  VARDIM: 16384,               16384,               16384,           2
                                ├  UNITS: PPM,     ARBITRARY UNITS,     ARBITRARY UNITS,
                                ├  FIRST: -1.03000e+02,4.27738776352315e-04,-1.9450852163973e-03,           1
                                ├  LAST: -1.70044e+01,3.62646118437658e-04,-1.2138380882017e-03,           2
                                ├  MIN: -1.03000e+02, -0.0415889394537358,  -0.148775785667957,           1
                                ├  MAX: -1.70044e+01,   0.123193002073817,   0.019857107080923,           2
                                ├  FACTOR: 1,                   1,                   1,           1
                                ├  PAGE: N=1      N=2
                                ├
                                ├
          23:10:37[NMRAnalysis] ├Phase correction applied using model: peak_minima.
          23:10:37[NMRAnalysis] ├Imaginary components removed
          23:10:37[NMRAnalysis] ├Gaussian filter applied with kernel standard deviation of: 5.
          23:10:37[NMRAnalysis] ├Baseline correction applied (median).
          23:10:37[NMRAnalysis] ├Extrapolated peaks:
                                ├     height      shift      FWHM  integral
                                ├0  0.030840 -57.685138  0.215214  0.004457
                                ├1  0.019650 -76.450746  0.073488  0.001246
                                ├2  0.141624 -76.765693  0.199467  0.021218
     [OK] 23:10:37[NMRAnalysis] └Processed bo_5c5570bd-d_r2:
                                └analytes:
                                └main:
                                └yield: 25.69
                                └    yield (IS): NaN
                                └    concentration: 25.68
                                └    peak integral: 0.004457
                                └    peak width: 0.2152
                                └    peak position: -57.69
                                └    pass: False
                                └
                                └
                                └yield: 25.69
                                └pass: False
                                └.


### bo_2584b3ce-3 idx 304432
Processed bo_2584b3ce-3:
                                └analytes:
                                └main:
                                └yield: 36.55
                                └    yield (IS): NaN
                                └    concentration: 36.53
                                └    peak integral: 0.006014
                                └    peak width: 0.105
                                └    peak position: -57.56
                                └    pass: True
                                └
                                └
                                └yield: 36.55
                                └pass: True
                                └.
     

### bo_a9f8598d-e idx 323476
Processed bo_a9f8598d-e:
                                └analytes:
                                └main:
                                └yield: 25.03
                                └    yield (IS): NaN
                                └    concentration: 25.02
                                └    peak integral: 0.004362
                                └    peak width: 0.3307
                                └    peak position: -57.61
                                └    pass: False
                                └
                                └
                                └yield: 25.03
                                └pass: False
                                └.
  

### bo_a9f8598d-e_r2 idx 342540
Processed bo_a9f8598d-e_r2:
                                └analytes:
                                └main:
                                └yield: 48.51
                                └    yield (IS): NaN
                                └    concentration: 48.49
                                └    peak integral: 0.007728
                                └    peak width: 0.105
                                └    peak position: -57.56
                                └    pass: True
                                └
                                └
                                └yield: 48.51
                                └pass: True
                                └.
  

### bo_bb5d0b0c-c idx 361588
Processed bo_bb5d0b0c-c:
                                └analytes:
                                └main:
                                └yield: 20.18
                                └    yield (IS): NaN
                                └    concentration: 20.17
                                └    peak integral: 0.003667
                                └    peak width: 0.1732
                                └    peak position: -57.56
                                └    pass: True
                                └
                                └
                                └yield: 20.18
                                └pass: True
                                └.
    

### bo_5c5570bd-d idx 380642
Processed bo_5c5570bd-d:
                                └analytes:
                                └main:
                                └yield: 27.04
                                └    yield (IS): NaN
                                └    concentration: 27.03
                                └    peak integral: 0.004651
                                └    peak width: 0.2782
                                └    peak position: -57.67
                                └    pass: False
                                └
                                └
                                └yield: 27.04
                                └pass: False
                                └.
  

### bo_5c5570bd-d_r2 idx 399770
Processed bo_5c5570bd-d_r2:
                                └analytes:
                                └main:
                                └yield: 25.69
                                └    yield (IS): NaN
                                └    concentration: 25.68
                                └    peak integral: 0.004457
                                └    peak width: 0.2152
                                └    peak position: -57.69
                                └    pass: False
                                └
                                └
                                └yield: 25.69
                                └pass: False
                                └.


=== stderr (raw) ===


=== stderr (model-visible) ===
