exit_code=0

=== stdout (raw) ===
##TITLE=1D-19F-32-1.64-10-90--60.0-"High"
##JCAMP-DX=5.01 $$ Magritek Spinsolve SPA3315 2.8.2.9926
##DATA TYPE=NMR Spectrum
##DATA CLASS=NTUPLES
##ORIGIN=SPA3315 at Magritek
##OWNER=Copyright (C) 2026 by Magritek
##LONGDATE=2026/07/25 23:05:15.819
##.OBSERVE FREQUENCY=58.1384524703026
##.OBSERVE NUCLEUS=^19F
##.DELAY=( 20,  10000)
##.ACQUISITION MODE=SIMULTANEOUS
##.FIELD= 1.5
##.AVERAGES= 32
##.DIGITISER RES=16
##.SHIFT REFERENCE=(INTERNAL, None, 16384, 0)
##$REFERENCE_POINT= 5988.307    $$ Referencing label
$$      Distance of the zero axis position (in Hz) from the last data
$$      point (right edge); positive values -> right edge is below 0 Hz
##SPECTROMETER/DATA SYSTEM=Magritek
##SAMPLE DESCRIPTION=solvent=None
$$ Bruker specific parameters
$$ --------------------------
##$AUNMP=   <proc_1d_nosref>
##$INSTRUM= <Magritek>
##$SI=      16384
##$TD=      16384
##$TDeff=   16384
##$SW=      86.001600
##$BF1=     58.1384524703026
##$SF=      58.1419407774508
##$LB=      1.00
##$GB=      0
##$PHC0=    136.4
##$PHC1=    0.0
##$REVERSE= yes
$$ End of Bruker specific parameters
$$ ---------------------------------
##NTUPLES=NMR Spectrum
##VAR_NAME=       RANGE,            AMP/REAL,            AMP/IMAG, PAGE NUMBER
##SYMBOL=             X,                   R,                   I,           N
##VAR_TYPE= INDEPENDENT,           DEPENDENT,           DEPENDENT,        PAGE
##VAR_FORM=        AFFN,                AFFN,                AFFN,        AFFN
##VAR_DIM=        16384,               16384,               16384,           2
##UNITS=            PPM,     ARBITRARY UNITS,     ARBITRARY UNITS,            
##FIRST=   -1.03000e+02,4.27738776352315e-04,-1.9450852163973e-03,           1
##LAST=    -1.70044e+01,3.62646118437658e-04,-1.2138380882017e-03,           2
##MIN=     -1.03000e+02, -0.0415889394537358,  -0.148775785667957,           1
##MAX=     -1.70044e+01,   0.123193002073817,   0.019857107080923,           2
##FACTOR=             1,                   1,              


=== stderr (raw) ===


=== stderr (model-visible) ===
