exit_code=0

=== stdout (raw) ===
Read 25 tested/valid point rows from artifacts/yield_only_robochemflex_bo/continuation_20260727T014003Z/bo_campaign_export.csv
Wrote plots/search_space_coverage/search_space_parallel_coordinates.png
Wrote plots/search_space_coverage/search_space_parallel_coordinates.svg
Wrote plots/search_space_coverage/search_space_coverage_points.csv
Read 25 tested/valid point rows from artifacts/yield_only_robochemflex_bo/continuation_20260727T014003Z/bo_campaign_export.csv
Wrote plots/search_space_coverage/search_space_pairwise_numeric.png
Wrote plots/search_space_coverage/search_space_pairwise_numeric.svg
Read 25 point rows from artifacts/yield_only_robochemflex_bo/continuation_20260727T014003Z/bo_campaign_export.csv
Wrote plots/search_space_coverage/search_space_focused_residence_vs_TFAA.png
Wrote plots/search_space_coverage/search_space_focused_residence_vs_TFAA.svg
Read 20 point rows from artifacts/yield_only_robochemflex_bo/continuation_20260727T014003Z/bo_campaign_export.csv
Wrote plots/search_space_coverage/search_space_focused_residence_vs_TFAA_main_region.png
Wrote plots/search_space_coverage/search_space_focused_residence_vs_TFAA_main_region.svg
total 2.1M
-rw-r--r-- 1 root root 7.4K Jul 27 03:46 search_space_coverage_points.csv
-rw-r--r-- 1 root root 164K Jul 27 03:46 search_space_focused_residence_vs_TFAA.png
-rw-r--r-- 1 root root  80K Jul 27 03:46 search_space_focused_residence_vs_TFAA.svg
-rw-r--r-- 1 root root 159K Jul 27 03:46 search_space_focused_residence_vs_TFAA_main_region.png
-rw-r--r-- 1 root root  80K Jul 27 03:46 search_space_focused_residence_vs_TFAA_main_region.svg
-rw-r--r-- 1 root root 386K Jul 27 03:46 search_space_pairwise_numeric.png
-rw-r--r-- 1 root root 313K Jul 27 03:46 search_space_pairwise_numeric.svg
-rw-r--r-- 1 root root 814K Jul 27 03:46 search_space_parallel_coordinates.png
-rw-r--r-- 1 root root  81K Jul 27 03:46 search_space_parallel_coordinates.svg


=== stderr (raw) ===


=== stderr (model-visible) ===
