exit_code=0

=== stdout (raw) ===
artifacts/recreated_robochemflex_yield_bo_20260725/autonomous_continuation_20260725T053043Z/bo_campaign_export.csv
artifacts/recreated_robochemflex_yield_bo_20260725/autonomous_continuation_20260725T053043Z/summary.jsonl
artifacts/recreated_robochemflex_yield_bo_20260725/bo_campaign_export.csv
artifacts/recreated_robochemflex_yield_bo_20260725/failed17_retry_continuation_20260725T150837Z/bo_campaign_export.csv
artifacts/recreated_robochemflex_yield_bo_20260725/failed17_retry_continuation_20260725T150837Z/summary.jsonl
artifacts/recreated_robochemflex_yield_bo_20260725/failed_measurement_retry_continuation_20260725T203233Z/bo_campaign_export.csv
artifacts/recreated_robochemflex_yield_bo_20260725/failed_measurement_retry_continuation_20260725T203233Z/summary.jsonl
artifacts/recreated_robochemflex_yield_bo_20260725/failed_measurement_retry_continuation_20260726T184638Z/bo_campaign_export.csv
artifacts/recreated_robochemflex_yield_bo_20260725/failed_measurement_retry_continuation_20260726T184638Z/summary.jsonl
artifacts/recreated_robochemflex_yield_bo_20260725/final_bomcp_results.json
artifacts/recreated_robochemflex_yield_bo_20260725/resume_from18_to20_20260725T165458Z/bo_campaign_export.csv
artifacts/recreated_robochemflex_yield_bo_20260725/resume_from18_to20_20260725T165458Z/summary.jsonl
artifacts/recreated_robochemflex_yield_bo_20260725/resume_from18_to20_20260725T191436Z/bo_campaign_export.csv
artifacts/recreated_robochemflex_yield_bo_20260725/resume_from18_to20_20260725T191436Z/summary.jsonl
artifacts/recreated_robochemflex_yield_bo_20260725/bo_campaign_export.csv 1784955014.653372 1763
artifacts/recreated_robochemflex_yield_bo_20260725/failed_measurement_retry_continuation_20260726T184638Z/bo_campaign_export.csv 1785097700.2846045 4358
artifacts/recreated_robochemflex_yield_bo_20260725/resume_from18_to20_20260725T191436Z/bo_campaign_export.csv 1785009764.6206806 3866
artifacts/recreated_robochemflex_yield_bo_20260725/failed_measurement_retry_continuation_20260725T203233Z/bo_campaign_export.csv 1785014083.823945 3866
artifacts/recreated_robochemflex_yield_bo_20260725/failed17_retry_continuation_20260725T150837Z/bo_campaign_export.csv 1784998278.181227 3866
artifacts/recreated_robochemflex_yield_bo_20260725/resume_from18_to20_20260725T165458Z/bo_campaign_export.csv 1784998738.2565577 3866
artifacts/recreated_robochemflex_yield_bo_20260725/autonomous_continuation_20260725T053043Z/bo_campaign_export.csv 1784981735.3258696 3335


=== stderr (raw) ===


=== stderr (model-visible) ===
