exit_code=0

=== stdout (raw) ===
ART=artifacts/real_robochemflex_yield_bo_fresh_20260724T155503Z
analyzed_points 8
data_csv plots/bo_improvement_curve_data.csv
plot_png plots/bo_improvement_curve_so_far.png
plot_pdf plots/bo_improvement_curve_so_far.pdf
table:
 1 R0044 yield=  0.00 best=  0.00 green= 60.31 label=seed01_b681a41d
 2 R0045 yield= 30.04 best= 30.04 green= 98.30 label=seed02_b681a41d
 3 R0046 yield= 15.77 best= 30.04 green=  4.26 label=seed03_b681a41d
 4 R0047 yield= 11.93 best= 30.04 green= 65.95 label=seed04_b681a41d
 5 R0048 yield= 13.14 best= 30.04 green= 51.57 label=seed05_b681a41d
 6 R0049 yield=  7.57 best= 30.04 green= 56.59 label=seed06_b681a41d
 7 R0050 yield= 15.23 best= 30.04 green=100.00 label=bo_761b6759-b
 8 R0051 yield= 27.64 best= 30.04 green= 93.58 label=bo_6185a2d1-0
-rw-r--r-- 1 root root  766 Jul 25 03:31 plots/bo_improvement_curve_data.csv
-rw-r--r-- 1 root root  19K Jul 25 03:31 plots/bo_improvement_curve_so_far.pdf
-rw-r--r-- 1 root root 121K Jul 25 03:31 plots/bo_improvement_curve_so_far.png


=== stderr (raw) ===


=== stderr (model-visible) ===
