exit_code=0

=== stdout (raw) ===

--- measurement21_attempt1 candidate---
{
  "TFAA_equiv": 1.9967805730581698,
  "catalyst_equiv": 0.001891918287517448,
  "catalyst_type": "Ru bpy Cl",
  "light_intensity": 50,
  "oxidant_equiv": 1.3920495769768648,
  "oxidant_type": "py NO",
  "residence_time_min": 14.172988793048333
}
--- suggestion ---
{
  "suggestion_id": "cc26e7f1-b8fc-477f-b476-d9e9fe3e1fa9",
  "parameter_values": {
    "TFAA_equiv": 1.9967805730581698,
    "catalyst_equiv": 0.001891918287517448,
    "catalyst_type": "Ru bpy Cl",
    "light_intensity": 50.0,
    "oxidant_equiv": 1.3920495769768648,
    "oxidant_type": "py NO",
    "residence_time_min": 14.172988793048333
  },
  "provenance": {
    "acquisition_function": "qLogExpectedImprovement",
    "acquisition_value": 0.3459973267585932,
    "batch_index": 0,
    "confidence_level": "high",
    "explanation": "Suggestion 1/1 generated by BayBE with 20 prior observations.",
    "generation_method": "bo",
    "iteration": 1,
    "model_type": "BayBE GP",
    "model_uncertainty": null,
    "model_version": null,
    "random_seed": 1980071635
  }
}

--- measurement22_attempt1 candidate---
{
  "TFAA_equiv": 2.301668795918735,
  "catalyst_equiv": 0.0022452457086006112,
  "catalyst_type": "Ru bpy Cl",
  "light_intensity": 50,
  "oxidant_equiv": 1.355256776264335,
  "oxidant_type": "py NO",
  "residence_time_min": 21.55044544824578
}
--- suggestion ---
{
  "suggestion_id": "31d5114e-3796-4b21-9d5f-d7e9a31378b0",
  "parameter_values": {
    "TFAA_equiv": 2.301668795918735,
    "catalyst_equiv": 0.0022452457086006112,
    "catalyst_type": "Ru bpy Cl",
    "light_intensity": 50.0,
    "oxidant_equiv": 1.355256776264335,
    "oxidant_type": "py NO",
    "residence_time_min": 21.55044544824578
  },
  "provenance": {
    "acquisition_function": "qLogExpectedImprovement",
    "acquisition_value": 0.36434154914439976,
    "batch_index": 0,
    "confidence_level": "high",
    "explanation": "Suggestion 1/1 generated by BayBE with 21 prior observations.",
    "generation_method": "bo",
    "iteration": 2,
    "model_type": "BayBE GP",
    "model_uncertainty": null,
    "model_version": null,
    "random_seed": 2049970613
  }
}

--- top old rows ---
 exp  param_catalyst_equiv  param_TFAA_equiv  param_oxidant_equiv  param_light_intensity  param_residence_time_min  obj_yield_percent  obj_green_score
  17              0.001255          1.615660              1.44106                     50                 16.428333          48.505203        82.501678
  19              0.001156          1.555962              1.29961                     50                 16.805000          45.093425        85.530344
  16              0.001590          1.588656              0.90000                     50                 16.396667          36.547685        86.420055
  15              0.001000          1.577915              0.90000                     50                 17.890000          35.775953        91.224483
  12              0.001000          0.939243              0.90000                     75                 15.385000          32.958219        96.770746


=== stderr (raw) ===


=== stderr (model-visible) ===
