[EVENT] Artifacts: artifacts/phosphine_electronics_20260805_182629
[EVENT] Loaded 364 pre-enumerated ligand candidates
[EVENT] Resuming paused campaign f4e94d3d-0e06-43aa-baab-8bb15da9b843
[EVENT] Campaign already has 28 completed candidate ids; skipping warm start
[EVENT] Evaluating BO batch of 2 ligand(s)
[RESULT] bo P_0263 HOMOerr=0.917 gaperr=1.523 steric=0.0 heavy=21
[RESULT] bo P_0197 HOMOerr=0.360 gaperr=1.546 steric=0.0 heavy=21
[EVENT] Evaluating BO batch of 2 ligand(s)
[RESULT] bo P_0249 HOMOerr=1.016 gaperr=1.367 steric=0.0 heavy=21
[RESULT] bo P_0185 HOMOerr=0.871 gaperr=2.169 steric=0.0 heavy=21
[EVENT] Evaluating BO batch of 2 ligand(s)
[RESULT] bo P_0266 HOMOerr=0.982 gaperr=2.598 steric=0.0 heavy=22
[RESULT] bo P_0192 HOMOerr=0.541 gaperr=1.367 steric=0.0 heavy=18
[EVENT] Evaluating BO batch of 2 ligand(s)
[RESULT] bo P_0015 HOMOerr=0.415 gaperr=1.869 steric=0.0 heavy=11
[RESULT] bo P_0210 HOMOerr=0.934 gaperr=0.276 steric=0.0 heavy=17
[EVENT] Evaluating BO batch of 2 ligand(s)
[RESULT] bo P_0032 HOMOerr=1.196 gaperr=1.599 steric=0.0 heavy=13
[RESULT] bo P_0034 HOMOerr=0.887 gaperr=1.504 steric=0.0 heavy=12
[EVENT] Evaluating BO batch of 2 ligand(s)
[RESULT] bo P_0018 HOMOerr=0.778 gaperr=0.636 steric=0.0 heavy=8
[RESULT] bo P_0013 HOMOerr=0.829 gaperr=1.415 steric=0.0 heavy=10
[EVENT] Evaluating BO batch of 2 ligand(s)
[RESULT] bo P_0332 HOMOerr=1.192 gaperr=1.966 steric=0.0 heavy=24
[RESULT] bo P_0200 HOMOerr=0.610 gaperr=2.512 steric=0.0 heavy=22
[HEARTBEAT] campaign_id=f4e94d3d-0e06-43aa-baab-8bb15da9b843 artifact_dir=artifacts/phosphine_electronics_20260805_182629
[EVENT] Evaluating BO batch of 2 ligand(s)
[RESULT] bo P_0184 HOMOerr=1.764 gaperr=2.598 steric=0.0 heavy=18
[RESULT] bo P_0188 HOMOerr=0.971 gaperr=1.663 steric=0.0 heavy=19
[EVENT] Evaluating BO batch of 2 ligand(s)
[RESULT] bo P_0045 HOMOerr=0.505 gaperr=2.021 steric=0.0 heavy=14
[RESULT] bo P_0256 HOMOerr=0.844 gaperr=1.507 steric=0.0 heavy=21
[EVENT] Evaluating BO batch of 2 ligand(s)
[RESULT] bo P_0025 HOMOerr=0.407 gaperr=1.403 steric=0.0 heavy=14
[RESULT] bo P_0196 HOMOerr=1.356 gaperr=2.467 steric=0.0 heavy=18
[EVENT] Configured BO-guided evaluation budget already reached
[EVENT] Paused campaign f4e94d3d-0e06-43aa-baab-8bb15da9b843; resume with --campaign-id f4e94d3d-0e06-43aa-baab-8bb15da9b843
[EVENT] Report: artifacts/phosphine_electronics_20260805_182629/report.md
