/app/domains/pyscf/graph/pyscf_graph.py:25: PydanticGraphDeprecationWarning: Importing `Graph` from `pydantic_graph` is deprecated. The `BaseNode`-based `Graph` runner and its persistence machinery are deprecated and will be removed (or repurposed) in v2; use the builder-based `GraphBuilder` API instead, or pin to `pydantic_graph<2` to keep using them.
  from pydantic_graph import Graph, GraphRunContext
/app/grafico/abstraction/graph.py:22: PydanticGraphDeprecationWarning: `pydantic_graph.nodes` is deprecated, import from `pydantic_graph.basenode` (or `pydantic_graph`) instead.
  from pydantic_graph.nodes import Edge, NodeDef
=== A014B056C078: CREST/GFN2-xTB ===
=== A014B056C078: wB97X-D4/def2-SVP geometry optimization ===
Running PySCF workflow:
  - Input: https://elagente.ca/ontopyscf/PyscfInput_165d8a1c-98a8-4563-aaa2-e1e6e55a4928
  - Summarised user query: Optimize the geometry of this conformer with DFT. Skip frequency analysis and stop after geometry optimization.
  - Hard exit node: GeometryOptimisation
  - Update knowledge graph: False
  - Geometry max steps: 100
  - Frequency threshold: 50.0
  - TDDFT nstates: 10
  - Imag. removal max attempts: 3
  - Workflow timeout: 3600
=== A014B056C078: wB97X-D4/def2-TZVP excited states on optimized geometry ===
Running PySCF workflow:
  - Input: https://elagente.ca/ontopyscf/PyscfInput_4675ce91-457b-4f02-a1b0-a10bb411da40
  - Summarised user query: Compute low-lying singlet excited states for this already optimized geometry. Do not re-optimize and skip frequency analysis.
  - Hard exit node: TDDFT
  - Update knowledge graph: False
  - Geometry max steps: 100
  - Frequency threshold: 50.0
  - TDDFT nstates: 10
  - Imag. removal max attempts: 3
  - Workflow timeout: 3600
Traceback (most recent call last):
  File "/app/.graphchat-workspaces/gallery_guest_1783043406297/scripts/confirm_four_candidates_wb97xd4.py", line 149, in <module>
    main()
  File "/app/.graphchat-workspaces/gallery_guest_1783043406297/scripts/confirm_four_candidates_wb97xd4.py", line 110, in main
    bright = pick_bright_state(excit)
             ^^^^^^^^^^^^^^^^^^^^^^^^
  File "/app/.graphchat-workspaces/gallery_guest_1783043406297/scripts/confirm_four_candidates_wb97xd4.py", line 41, in pick_bright_state
    sing_e = tr['tddft_singlet_energies']
             ~~^^^^^^^^^^^^^^^^^^^^^^^^^^
TypeError: 'NoneType' object is not subscriptable
