exit_code=0

=== stdout (raw) ===
xe_kr_mof_bo_artifacts/20260812_154010/campaign_export.csv
xe_kr_mof_bo_artifacts/20260812_154010/campaign_intake.json
xe_kr_mof_bo_artifacts/20260812_154010/candidate_space.json
xe_kr_mof_bo_artifacts/20260812_154010/evaluations.jsonl
xe_kr_mof_bo_artifacts/20260812_154010/pcu_N295_E129.cif
xe_kr_mof_bo_artifacts/20260812_154010/pcu_N295_E161.cif
xe_kr_mof_bo_artifacts/20260812_154010/pcu_N295_E174.cif
xe_kr_mof_bo_artifacts/20260812_154010/pcu_N295_E177.cif
xe_kr_mof_bo_artifacts/20260812_154010/pcu_N295_E226.cif
xe_kr_mof_bo_artifacts/20260812_154010/pcu_N295_E4.cif
xe_kr_mof_bo_artifacts/20260812_154010/pcu_N295_E73.cif
xe_kr_mof_bo_artifacts/20260812_154010/pcu_N295_E78.cif
xe_kr_mof_bo_artifacts/20260812_154010/pcu_N295_E85.cif
xe_kr_mof_bo_artifacts/20260812_154010/pcu_N295_E88.cif
xe_kr_mof_bo_artifacts/20260812_154010/pcu_N59_E129.cif
xe_kr_mof_bo_artifacts/20260812_154010/pcu_N59_E177.cif
xe_kr_mof_bo_artifacts/20260812_154010/pcu_N59_E73.cif
xe_kr_mof_bo_artifacts/20260812_154010/pcu_N59_E85.cif
xe_kr_mof_bo_artifacts/20260812_154010/pcu_N59_E88.cif
xe_kr_mof_bo_artifacts/20260812_154010/validation.json
---
total 164
-rw-r--r-- 1 root root  4679 Aug 12 15:42 campaign_export.csv
-rw-r--r-- 1 root root  2066 Aug 12 15:40 campaign_intake.json
-rw-r--r-- 1 root root  5936 Aug 12 15:40 candidate_space.json
-rw-r--r-- 1 root root 13899 Aug 12 15:42 evaluations.jsonl
-rw-r--r-- 1 root root  8032 Aug 12 15:41 pcu_N295_E129.cif
-rw-r--r-- 1 root root 13462 Aug 12 15:41 pcu_N295_E161.cif
-rw-r--r-- 1 root root  7550 Aug 12 15:41 pcu_N295_E174.cif
-rw-r--r-- 1 root root  7082 Aug 12 15:41 pcu_N295_E177.cif
-rw-r--r-- 1 root root  6012 Aug 12 15:41 pcu_N295_E226.cif
-rw-r--r-- 1 root root  6598 Aug 12 15:41 pcu_N295_E4.cif
-rw-r--r-- 1 root root  5329 Aug 12 15:41 pcu_N295_E73.cif
-rw-r--r-- 1 root root  7077 Aug 12 15:41 pcu_N295_E78.cif
-rw-r--r-- 1 root root  6051 Aug 12 15:41 pcu_N295_E85.cif
-rw-r--r-- 1 root root  4779 Aug 12 15:41 pcu_N295_E88.cif
-rw-r--r-- 1 root root  7215 Aug 12 15:42 pcu_N59_E129.cif
-rw-r--r-- 1 root root  6346 Aug 12 15:41 pcu_N59_E177.cif
-rw-r--r-- 1 root root  4573 Aug 12 15:41 pcu_N59_E73.cif
-rw-r--r-- 1 root root  5287 Aug 12 15:42 pcu_N59_E85.cif
-rw-r--r-- 1 root root  4015 Aug 12 15:42 pcu_N59_E88.cif
-rw-r--r-- 1 root root   230 Aug 12 15:40 validation.json


=== stderr (raw) ===


=== stderr (model-visible) ===
