exit_code=0

=== stdout (raw) ===
allowed requested 9 ['pcu', 'dia', 'rtl', 'ths', 'bcu', 'srs', 'nbo', 'tbo', 'pts']
active topo 7 ['pcu', 'dia', 'ths', 'bcu', 'srs', 'nbo', 'pts']
excluded {'rtl': 'No single node building block can satisfy all unique node local structures.', 'tbo': 'No single node building block can satisfy all unique node local structures.'}
nodes 40
edges 10 ['E226', 'E88', 'E73', 'E85', 'E177', 'E174', 'E78', 'E4', 'E129', 'E161']
cartesian active 2800
per topology compatible nodes:
pcu 6 [{'degree': 6, 'id': 'N16', 'rmsd': 3.44127577060238e-08}, {'degree': 6, 'id': 'N295', 'rmsd': 1.1407777274816883e-05}, {'degree': 6, 'id': 'N180', 'rmsd': 0.019109890753579543}, {'degree': 6, 'id': 'N214', 'rmsd': 0.033958246942512316}, {'degree': 6, 'id': 'N59', 'rmsd': 0.040495156604054845}, {'degree': 6, 'id': 'N47', 'rmsd': 0.04268234980110735}]
dia 6 [{'degree': 4, 'id': 'N693', 'rmsd': 0.003672501131059359}, {'degree': 4, 'id': 'N450', 'rmsd': 0.028108931362206963}, {'degree': 4, 'id': 'N601', 'rmsd': 0.02866351860739885}, {'degree': 4, 'id': 'N307', 'rmsd': 0.03189775311204413}, {'degree': 4, 'id': 'N52', 'rmsd': 0.035782645807717006}, {'degree': 4, 'id': 'N367', 'rmsd': 0.03899880812696622}]
ths 6 [{'degree': 3, 'id': 'N477', 'rmsd': 0.01439303560180918}, {'degree': 3, 'id': 'N321', 'rmsd': 0.023924387937309128}, {'degree': 3, 'id': 'N474', 'rmsd': 0.025729079702268745}, {'degree': 3, 'id': 'N679', 'rmsd': 0.028789121531651397}, {'degree': 3, 'id': 'N717', 'rmsd': 0.029245994405351475}, {'degree': 3, 'id': 'N81', 'rmsd': 0.029302773847162504}]
bcu 6 [{'degree': 8, 'id': 'N672', 'rmsd': 0.011894548977992013}, {'degree': 8, 'id': 'N642', 'rmsd': 0.024106607766745742}, {'degree': 8, 'id': 'N124', 'rmsd': 0.04067191990592748}, {'degree': 8, 'id': 'N171', 'rmsd': 0.04239466162130792}, {'degree': 8, 'id': 'N199', 'rmsd': 0.04351912459745508}, {'degree': 8, 'id': 'N632', 'rmsd': 0.04823128366854708}]
srs 6 [{'degree': 3, 'id': 'N440', 'rmsd': 0.0}, {'degree': 3, 'id': 'N682', 'rmsd': 0.0}, {'degree': 3, 'id': 'N639', 'rmsd': 1.7206378853011898e-08}, {'degree': 3, 'id': 'N495', 'rmsd': 2.433349433325905e-08}, {'degree': 3, 'id': 'N126', 'rmsd': 2.2692858959199754e-06}, {'degree': 3, 'id': 'N20', 'rmsd': 2.4303667522575816e-06}]
nbo 6 [{'degree': 4, 'id': 'N689', 'rmsd': 9.354749142261038e-06}, {'degree': 4, 'id': 'N17', 'rmsd': 2.112135393651931e-05}, {'degree': 4, 'id': 'N470', 'rmsd': 0.00013314458196415145}, {'degree': 4, 'id': 'N257', 'rmsd': 0.0006472157497866849}, {'degree': 4, 'id': 'N512', 'rmsd': 0.0010593013329134213}, {'degree': 4, 'id': 'N718', 'rmsd': 0.0015050126066967415}]
pts 6 [{'degree': 4, 'id': 'N202', 'rmsd': 0.6282258423016919}, {'degree': 4, 'id': 'N404', 'rmsd': 0.628279814207113}, {'degree': 4, 'id': 'N693', 'rmsd': 0.6285928614608308}, {'degree': 4, 'id': 'N12', 'rmsd': 0.6303852422607104}, {'degree': 4, 'id': 'N259', 'rmsd': 0.6305947645710512}, {'degree': 4, 'id': 'N307', 'rmsd': 0.6307458679409564}]
compatible topology-node pairs 42
compatible triples with all edges 420


=== stderr (raw) ===


=== stderr (model-visible) ===
