exit_code=0

=== stdout (raw) ===
xe_kr_mof_bo_refined_artifacts/20260812_163546/campaign_export.csv
xe_kr_mof_bo_refined_artifacts/20260812_163546/campaign_intake.json
xe_kr_mof_bo_refined_artifacts/20260812_163546/evaluations.jsonl
xe_kr_mof_bo_refined_artifacts/20260812_163546/pcu_N16_E129.cif
xe_kr_mof_bo_refined_artifacts/20260812_163546/pcu_N16_E133.cif
xe_kr_mof_bo_refined_artifacts/20260812_163546/pcu_N16_E147.cif
xe_kr_mof_bo_refined_artifacts/20260812_163546/pcu_N16_E167.cif
xe_kr_mof_bo_refined_artifacts/20260812_163546/pcu_N16_E174.cif
xe_kr_mof_bo_refined_artifacts/20260812_163546/pcu_N16_E177.cif
xe_kr_mof_bo_refined_artifacts/20260812_163546/pcu_N16_E192.cif
xe_kr_mof_bo_refined_artifacts/20260812_163546/pcu_N16_E203.cif
xe_kr_mof_bo_refined_artifacts/20260812_163546/pcu_N16_E213.cif
xe_kr_mof_bo_refined_artifacts/20260812_163546/pcu_N16_E226.cif
xe_kr_mof_bo_refined_artifacts/20260812_163546/pcu_N16_E4.cif
xe_kr_mof_bo_refined_artifacts/20260812_163546/pcu_N16_E50.cif
xe_kr_mof_bo_refined_artifacts/20260812_163546/pcu_N16_E56.cif
xe_kr_mof_bo_refined_artifacts/20260812_163546/pcu_N16_E73.cif
xe_kr_mof_bo_refined_artifacts/20260812_163546/pcu_N16_E78.cif
xe_kr_mof_bo_refined_artifacts/20260812_163546/pcu_N16_E79.cif
xe_kr_mof_bo_refined_artifacts/20260812_163546/pcu_N16_E85.cif
xe_kr_mof_bo_refined_artifacts/20260812_163546/pcu_N16_E88.cif
xe_kr_mof_bo_refined_artifacts/20260812_163546/pcu_N180_E129.cif
xe_kr_mof_bo_refined_artifacts/20260812_163546/pcu_N180_E133.cif
xe_kr_mof_bo_refined_artifacts/20260812_163546/pcu_N180_E147.cif
xe_kr_mof_bo_refined_artifacts/20260812_163546/pcu_N180_E167.cif
xe_kr_mof_bo_refined_artifacts/20260812_163546/pcu_N180_E174.cif
xe_kr_mof_bo_refined_artifacts/20260812_163546/pcu_N180_E177.cif
xe_kr_mof_bo_refined_artifacts/20260812_163546/pcu_N180_E192.cif
xe_kr_mof_bo_refined_artifacts/20260812_163546/pcu_N180_E203.cif
xe_kr_mof_bo_refined_artifacts/20260812_163546/pcu_N180_E213.cif
xe_kr_mof_bo_refined_artifacts/20260812_163546/pcu_N180_E226.cif
xe_kr_mof_bo_refined_artifacts/20260812_163546/pcu_N180_E4.cif
xe_kr_mof_bo_refined_artifacts/20260812_163546/pcu_N180_E50.cif
xe_kr_mof_bo_refined_artifacts/20260812_163546/pcu_N180_E56.cif
xe_kr_mof_bo_refined_artifacts/20260812_163546/pcu_N180_E73.cif
xe_kr_mof_bo_refined_artifacts/20260812_163546/pcu_N180_E78.cif
xe_kr_mof_bo_refined_artifacts/20260812_163546/pcu_N180_E79.cif
xe_kr_mof_bo_refined_artifacts/20260812_163546/pcu_N180_E85.cif
xe_kr_mof_bo_refined_artifacts/20260812_163546/pcu_N180_E88.cif
xe_kr_mof_bo_refined_artifacts/20260812_163546/pcu_N214_E129.cif
xe_kr_mof_bo_refined_artifacts/20260812_163546/pcu_N214_E133.cif
xe_kr_mof_bo_refined_artifacts/20260812_163546/pcu_N214_E147.cif
xe_kr_mof_bo_refined_artifacts/20260812_163546/pcu_N214_E167.cif
xe_kr_mof_bo_refined_artifacts/20260812_163546/pcu_N214_E174.cif
xe_kr_mof_bo_refined_artifacts/20260812_163546/pcu_N214_E177.cif
xe_kr_mof_bo_refined_artifacts/20260812_163546/pcu_N214_E192.cif
xe_kr_mof_bo_refined_artifacts/20260812_163546/pcu_N214_E203.cif
xe_kr_mof_bo_refined_artifacts/20260812_163546/pcu_N214_E213.cif
xe_kr_mof_bo_refined_artifacts/20260812_163546/pcu_N214_E226.cif
xe_kr_mof_bo_refined_artifacts/20260812_163546/pcu_N214_E4.cif
xe_kr_mof_bo_refined_artifacts/20260812_163546/pcu_N214_E73.cif
xe_kr_mof_bo_refined_artifacts/20260812_163546/pcu_N47_E79.cif
xe_kr_mof_bo_refined_artifacts/20260812_163546/pcu_N59_E167.cif
xe_kr_mof_bo_refined_artifacts/20260812_163546/refined_candidate_space.json
xe_kr_mof_bo_refined_artifacts/20260812_163546/validation.json
(65, 6)
  param_candidate_id  obj_selectivity_proxy  obj_capacity_proxy                             result_id suggestion_id                        created_at
0       pcu|N295|E88                    1.0             1.52422  bca5e989-f658-4039-a643-408bc41e35ab           NaN  2026-08-12T16:35:47.105103+00:00
1       pcu|N295|E73                    1.0             1.23157  a0ddc15b-63fa-4716-9c39-fd3f5d35c969           NaN  2026-08-12T16:35:47.105116+00:00
2        pcu|N59|E88                    1.0             1.15889  365bf706-dbc5-45f3-ac3c-789327084db5           NaN  2026-08-12T16:35:47.105124+00:00
   param_candidate_id  obj_selectivity_proxy  obj_capacity_proxy                             result_id                         suggestion_id                        created_at
62      pcu|N214|E177               0.828938            1.793100  3b8ea7d9-3185-4375-a8f4-ed432901da1c  573b2921-7236-4554-a45f-f3479c6ced97  2026-08-12T16:38:30.628108+00:00
63      pcu|N214|E226               1.000000            0.506108  1179c3e2-9117-4d3a-bba9-5c8302809fc2  b079acf7-2b4f-4a25-96dd-09460432746b  2026-08-12T16:38:32.814633+00:00
64      pcu|N214|E213               0.632042            1.907450  33361fa0-cca1-4d18-a473-79c06afccb9c  f5844e50-6514-4897-9f13-b8f950870178  2026-08-12T16:38:35.833550+00:00
['param_candidate_id', 'obj_selectivity_proxy', 'obj_capacity_proxy', 'result_id', 'suggestion_id', 'created_at']


=== stderr (raw) ===


=== stderr (model-visible) ===
