exit_code=0

=== stdout (raw) ===
wrote xe_kr_mof_bo_artifacts/20260812_154010/bo_improvement_curve.png
wrote xe_kr_mof_bo_artifacts/20260812_154010/bo_improvement_curve.pdf
wrote xe_kr_mof_bo_artifacts/20260812_154010/bo_improvement_curve.csv
 eval     candidate    ok  selectivity_proxy  capacity_proxy_cm3_g  scalarized_desirability  best_so_far
   26   pcu_N59_E85  True           1.000000               1.03986                 0.404380     0.486926
   27 pcu_N682_E177 False           0.000000               0.00000                 0.000000     0.486926
   28   pcu_N59_E88  True           1.000000               1.15889                 0.422296     0.486926
   29  pcu_N59_E129  True           0.304043               2.48678                 0.280554     0.486926
   30   pcu_N12_E85 False           0.000000               0.00000                 0.000000     0.486926

Best row:
eval                                  12
candidate                  pcu_N295_E177
ok                                  True
selectivity_proxy               0.934134
capacity_proxy_cm3_g              1.8325
scalarized_desirability         0.486926
best_so_far                     0.486926


=== stderr (raw) ===


=== stderr (model-visible) ===
