exit_code=0

=== stdout (raw) ===
n 30 success 15 invalid 15
success by eval:
   param_topology param_node param_edge  obj_selectivity_proxy  obj_capacity_proxy
3             pcu       N295       E161               0.005405            5.027620
9             pcu       N295        E88               1.000000            1.524220
11            pcu       N295       E177               0.934134            1.832500
12            pcu       N295        E78               0.374821            3.318310
13            pcu       N295        E85               0.948511            1.358660
14            pcu       N295       E129               0.426513            2.993540
15            pcu       N295       E174               0.549027            1.849690
16            pcu       N295       E226               1.000000            0.523159
17            pcu       N295        E73               1.000000            1.231570
18            pcu       N295         E4               0.280780            4.020680
22            pcu        N59       E177               0.791571            1.449410
24            pcu        N59        E73               1.000000            0.926527
25            pcu        N59        E85               1.000000            1.039860
27            pcu        N59        E88               1.000000            1.158890
28            pcu        N59       E129               0.304043            2.486780
last improvement eval
12 0.4869260841444052
after best max new score 0.4359830810712769


=== stderr (raw) ===


=== stderr (model-visible) ===
