exit_code=0

=== stdout (raw) ===
campaign_logs/roboflex_experiment_log_20260725T032930Z.json
campaign_logs/roboflex_experiment_log_20260725T032930Z.csv
campaign_logs/roboflex_experiment_log_latest.json
campaign_logs/roboflex_experiment_log_latest.csv
runs_logged=9 latest_artifact=artifacts/real_robochemflex_yield_bo_fresh_20260724T155503Z
-rw-r--r-- 1 root root 6.4K Jul 25 03:29 campaign_logs/roboflex_experiment_log_20260725T032930Z.csv
-rw-r--r-- 1 root root  74K Jul 25 03:29 campaign_logs/roboflex_experiment_log_20260725T032930Z.json
-rw-r--r-- 1 root root 6.4K Jul 25 03:29 campaign_logs/roboflex_experiment_log_latest.csv
-rw-r--r-- 1 root root  74K Jul 25 03:29 campaign_logs/roboflex_experiment_log_latest.json
--- CSV preview ---
run_id,status,yield,green_score_from_bo_artifact,light_intensity,residence_time,SM,4CzIPN,Ru-bpy-Cl,Ru-bpy-PF,Ir-ppy,IrCF3ppy,TFAA,PyNO,4PhPyNO,protocol,AcquisitionTime,Number
R0044,completed,0.0,60.30844155844155,50.0 %,1800.0 S,100.0 mM,0.0025 eq,,,,,2.2 eq,1.8 eq,,1D FLUORINE HDEC,1.64 S,32
R0045,completed,30.037732281591182,98.29545454545455,75.0 %,600.0 S,100.0 mM,,0.001 eq,,,,0.9 eq,0.9 eq,,1D FLUORINE HDEC,1.64 S,32
R0046,completed,15.766697453699585,4.261363636363635,100.0 %,4500.0 S,100.0 mM,,,,,0.004 eq,3.5 eq,,3.0 eq,1D FLUORINE HDEC,1.64 S,32
R0047,completed,11.930255522523904,65.94785422910422,25.0 %,2700.0 S,100.0 mM,,,,0.002 eq,,1.4 eq,2.4 eq,,1D FLUORINE HDEC,1.64 S,32
R0048,completed,13.136061617657441,51.567703130203135,75.0 %,1200.0 S,100.0 mM,,,0.0035 eq,,,3.0 eq,,1.2 eq,1D FLUORINE HDEC,1.64 S,32
R0049,completed,7.574024955754647,56.59340659340659,50.0 %,5400.0 S,100.0 mM,0.0015 eq,,,,,1.7 eq,,2.5 eq,1D FLUORINE HDEC,1.64 S,32
R0050,completed,15.229219976533518,100.0,100.0 %,120.0 S,100.0 mM,,0.001 eq,,,,0.9 eq,0.9 eq,,1D FLUORINE HDEC,1.64 S,32
R0051,completed,27.638363856448734,93.57670454545455,75.0 %,1928.823242676121 S,100.0 mM,,0.001 eq,,,,0.9 eq,0.9 eq,,1D FLUORINE HDEC,1.64 S,32
R0052,completed,11.557190298459707,,50.0 %,120.0 S,100.0 mM,,0.001 eq,,,,0.9 eq,0.9 eq,,1D FLUORINE HDEC,1.64 S,32


=== stderr (raw) ===


=== stderr (model-visible) ===
