[EVENT] loaded candidates n=1512 heavy_atom_cutoff=<56 csv=pollice_2021_geometry_available.csv
[EVENT] intake validation succeeded
[EVENT] created campaign_id=f023cf90-a1a1-470a-987d-134a38919812
[EVENT] generated suggestions n=2
[RESULT] molecule_key=NSFPKBSRRKTUCK-UHFFFAOYSA-N status=success objective=-0.22678693 delta_est_ev=0.22678693 S1_ev=1.3987101 T1_ev=1.1719232
[RESULT] molecule_key=TYRQLYOWVMBGNA-UHFFFAOYSA-N status=success objective=-0.92270257 delta_est_ev=0.92270257 S1_ev=2.3530767 T1_ev=1.4303741
[HEARTBEAT] campaign_id=f023cf90-a1a1-470a-987d-134a38919812 elapsed_s=2039 completed_invocation_loops=1
[EVENT] generated suggestions n=2
[RESULT] molecule_key=HXWXPNZYXZHKRZ-UHFFFAOYSA-N status=success objective=-0.43644881 delta_est_ev=0.43644881 S1_ev=2.6267574 T1_ev=2.1903086
[RESULT] molecule_key=ZAGUESFSZZNNGP-UHFFFAOYSA-N status=success objective=-0.27200586 delta_est_ev=0.27200586 S1_ev=2.3165089 T1_ev=2.0445031
[EVENT] generated suggestions n=2
[RESULT] molecule_key=UKMKRHRCQLZPGT-UHFFFAOYSA-N status=success objective=-0.28678864 delta_est_ev=0.28678864 S1_ev=2.2839257 T1_ev=1.997137
[RESULT] molecule_key=NONGYEVCQNBZFJ-UHFFFAOYSA-N status=failed rejected_suggestion_id=dcb5b84c-4fdc-49c7-9e4e-e2a5846fc025 error=Evaluation timed out after 7200.0 s
[HEARTBEAT] campaign_id=f023cf90-a1a1-470a-987d-134a38919812 elapsed_s=9890 completed_invocation_loops=3
[EVENT] generated suggestions n=2
[RESULT] molecule_key=STACUZZGKSWALO-UHFFFAOYSA-N status=success objective=-0.40246232 delta_est_ev=0.40246232 S1_ev=2.1953052 T1_ev=1.7928429
[RESULT] molecule_key=BKUMJJLBFBDXGD-UHFFFAOYSA-N status=success objective=-0.28141505 delta_est_ev=0.28141505 S1_ev=1.9027498 T1_ev=1.6213347
[EVENT] generated suggestions n=2
[RESULT] molecule_key=XFLQTXGZQAAHAI-UHFFFAOYSA-N status=success objective=-0.24970159 delta_est_ev=0.24970159 S1_ev=1.2372693 T1_ev=0.98756776
[RESULT] molecule_key=AMGVEBPJFUEWLX-UHFFFAOYSA-N status=success objective=-0.26725133 delta_est_ev=0.26725133 S1_ev=1.6502336 T1_ev=1.3829822
[EVENT] generated suggestions n=2
[RESULT] molecule_key=OHQFVBCXZCGROC-UHFFFAOYSA-N status=success objective=-0.32868482 delta_est_ev=0.32868482 S1_ev=1.5256659 T1_ev=1.1969811
[RESULT] molecule_key=MDBVXVGLLQXSTQ-UHFFFAOYSA-N status=success objective=-0.30857229 delta_est_ev=0.30857229 S1_ev=1.2595042 T1_ev=0.95093194
[HEARTBEAT] campaign_id=f023cf90-a1a1-470a-987d-134a38919812 elapsed_s=12055 completed_invocation_loops=6
[EVENT] generated suggestions n=2
[RESULT] molecule_key=NNFSKHBTJWXTQJ-UHFFFAOYSA-N status=success objective=-0.30815889 delta_est_ev=0.30815889 S1_ev=1.6435889 T1_ev=1.3354301
[RESULT] molecule_key=XGPVIOJANRNKMD-UHFFFAOYSA-N status=success objective=-0.26319366 delta_est_ev=0.26319366 S1_ev=1.2540791 T1_ev=0.99088541
[EVENT] generated suggestions n=2
[RESULT] molecule_key=MLHIMDRRGDRXQW-UHFFFAOYSA-N status=success objective=-0.22980388 delta_est_ev=0.22980388 S1_ev=1.4846145 T1_ev=1.2548106
[RESULT] molecule_key=YSKSYGZSFISTGH-UHFFFAOYSA-N status=success objective=-0.26955493 delta_est_ev=0.26955493 S1_ev=1.6448921 T1_ev=1.3753372
[EVENT] generated suggestions n=2
[RESULT] molecule_key=YVDLTBKGQDBKQW-UHFFFAOYSA-N status=success objective=-0.30663777 delta_est_ev=0.30663777 S1_ev=2.0149558 T1_ev=1.708318
[RESULT] molecule_key=NMHQWTLWOWSATB-UHFFFAOYSA-N status=success objective=-0.25405648 delta_est_ev=0.25405648 S1_ev=1.1962224 T1_ev=0.94216593
[HEARTBEAT] campaign_id=f023cf90-a1a1-470a-987d-134a38919812 elapsed_s=14261 completed_invocation_loops=9
[EVENT] generated suggestions n=2
[RESULT] molecule_key=VQJCMFYAJLAEFQ-UHFFFAOYSA-N status=success objective=-0.31529122 delta_est_ev=0.31529122 S1_ev=1.1385619 T1_ev=0.82327064
[RESULT] molecule_key=SUVXEVRKTOAMPY-UHFFFAOYSA-N status=success objective=-0.24655021 delta_est_ev=0.24655021 S1_ev=2.6694761 T1_ev=2.4229259
[EVENT] exported campaign CSV path=pollice_lowest_conformer_gap_artifacts/bo_export.csv content_type=text/csv; charset=utf-8
[EVENT] paused campaign_id=f023cf90-a1a1-470a-987d-134a38919812
[EVENT] artifacts_dir=pollice_lowest_conformer_gap_artifacts results_csv=pollice_lowest_conformer_gap_artifacts/evaluation_results.csv campaign_id=f023cf90-a1a1-470a-987d-134a38919812
[EVENT] loaded candidates n=1512 heavy_atom_cutoff=<56 csv=pollice_2021_geometry_available.csv
[EVENT] resuming paused campaign_id=f023cf90-a1a1-470a-987d-134a38919812
[EVENT] generated suggestions n=2
[RESULT] molecule_key=KHANFGGITOYZMP-UHFFFAOYSA-N status=success objective=-0.39830092 delta_est_ev=0.39830092 S1_ev=2.967494 T1_ev=2.569193
[RESULT] molecule_key=GLMBSENYFBMIGV-UHFFFAOYSA-N status=success objective=-0.60143493 delta_est_ev=0.60143493 S1_ev=2.0711611 T1_ev=1.4697261
[EVENT] generated suggestions n=2
[RESULT] molecule_key=VJWIGBOMOWNWSG-UHFFFAOYSA-N status=success objective=-0.3112999 delta_est_ev=0.3112999 S1_ev=1.7331857 T1_ev=1.4218858
[RESULT] molecule_key=FZUULLLJGCRDKO-UHFFFAOYSA-N status=success objective=-0.27752976 delta_est_ev=0.27752976 S1_ev=1.5840205 T1_ev=1.3064907
[EVENT] generated suggestions n=2
[RESULT] molecule_key=KHIDMFKWCYMIAR-UHFFFAOYSA-N status=success objective=-0.28087251 delta_est_ev=0.28087251 S1_ev=1.6324901 T1_ev=1.3516176
[RESULT] molecule_key=XFAKGSNBLLHIJS-UHFFFAOYSA-N status=success objective=-0.24513379 delta_est_ev=0.24513379 S1_ev=1.288267 T1_ev=1.0431332
[EVENT] generated suggestions n=2
[RESULT] molecule_key=NMMLJSSHMNUPOJ-UHFFFAOYSA-N status=success objective=-0.23717237 delta_est_ev=0.23717237 S1_ev=1.34605 T1_ev=1.1088776
[RESULT] molecule_key=KWTVZDWFGBQDFU-UHFFFAOYSA-N status=success objective=-0.29844687 delta_est_ev=0.29844687 S1_ev=2.1711719 T1_ev=1.872725
[HEARTBEAT] campaign_id=f023cf90-a1a1-470a-987d-134a38919812 elapsed_s=2328 completed_invocation_loops=4
[EVENT] generated suggestions n=2
[RESULT] molecule_key=CGGKYQWGDWHWKT-UHFFFAOYSA-N status=success objective=-0.23527368 delta_est_ev=0.23527368 S1_ev=1.4534651 T1_ev=1.2181914
[RESULT] molecule_key=UTFYSUKXYGQJCH-UHFFFAOYSA-N status=success objective=-0.26091811 delta_est_ev=0.26091811 S1_ev=2.1924368 T1_ev=1.9315187
[EVENT] generated suggestions n=2
[RESULT] molecule_key=OSFMDCVCBCMQAU-UHFFFAOYSA-N status=success objective=-0.4964415 delta_est_ev=0.4964415 S1_ev=2.7833467 T1_ev=2.2869052
[RESULT] molecule_key=RPTBODQPVWBDCE-UHFFFAOYSA-N status=success objective=-0.26495563 delta_est_ev=0.26495563 S1_ev=2.6200539 T1_ev=2.3550983
[EVENT] generated suggestions n=2
[RESULT] molecule_key=YAPKFDISPNDBAO-UHFFFAOYSA-N status=success objective=-0.29489719 delta_est_ev=0.29489719 S1_ev=2.2283031 T1_ev=1.9334059
[RESULT] molecule_key=KJHNXTWSXSOLOY-UHFFFAOYSA-N status=success objective=-0.32066652 delta_est_ev=0.32066652 S1_ev=1.7494082 T1_ev=1.4287417
[HEARTBEAT] campaign_id=f023cf90-a1a1-470a-987d-134a38919812 elapsed_s=4508 completed_invocation_loops=7
[EVENT] generated suggestions n=2
[RESULT] molecule_key=NFVAOZHVIPENHN-UHFFFAOYSA-N status=success objective=-0.28211549 delta_est_ev=0.28211549 S1_ev=1.8352264 T1_ev=1.553111
[RESULT] molecule_key=MEAXUEXYUDPEPU-UHFFFAOYSA-N status=success objective=-0.38346031 delta_est_ev=0.38346031 S1_ev=2.154013 T1_ev=1.7705527
[EVENT] generated suggestions n=2
[RESULT] molecule_key=RMSXYWWMTBMFED-UHFFFAOYSA-N status=success objective=-0.231883 delta_est_ev=0.231883 S1_ev=1.3772421 T1_ev=1.1453591
[RESULT] molecule_key=WGKMZGAJDYWUCE-UHFFFAOYSA-N status=success objective=-0.22323082 delta_est_ev=0.22323082 S1_ev=1.3980195 T1_ev=1.1747887
[EVENT] generated suggestions n=2
[RESULT] molecule_key=QCWXRFCFKSVXNS-UHFFFAOYSA-N status=success objective=-0.2415605 delta_est_ev=0.2415605 S1_ev=1.3051813 T1_ev=1.0636208
[RESULT] molecule_key=VLSAKTJCRGDWDN-UHFFFAOYSA-N status=success objective=-0.35160316 delta_est_ev=0.35160316 S1_ev=2.7349893 T1_ev=2.3833862
[EVENT] exported campaign CSV path=pollice_lowest_conformer_gap_artifacts/bo_export.csv content_type=text/csv; charset=utf-8
[EVENT] paused campaign_id=f023cf90-a1a1-470a-987d-134a38919812
[EVENT] artifacts_dir=pollice_lowest_conformer_gap_artifacts results_csv=pollice_lowest_conformer_gap_artifacts/evaluation_results.csv campaign_id=f023cf90-a1a1-470a-987d-134a38919812
[EVENT] loaded candidates n=1512 heavy_atom_cutoff=<56 csv=pollice_2021_geometry_available.csv
[EVENT] resuming paused campaign_id=f023cf90-a1a1-470a-987d-134a38919812
[EVENT] generated suggestions n=2
[RESULT] molecule_key=XDPCAOJHJFQBCS-UHFFFAOYSA-N status=failed rejected_suggestion_id=f86f3670-21dd-4c33-884e-150942350162 error=ModelRetry: run_pyscf_workflow failed: Traceback (most recent call last):   File "/app/domains/pyscf/tools/pyscf_workflow_tools.py", line 442, in run_pyscf_workflow     return run_pyscf(            ^^
[RESULT] molecule_key=OPPMQHHCEYGRSM-UHFFFAOYSA-N status=failed rejected_suggestion_id=fe0a8dc3-3e27-461e-b38b-eb9c1711cb1b error=ModelRetry: run_pyscf_workflow failed: Traceback (most recent call last):   File "/app/domains/pyscf/tools/pyscf_workflow_tools.py", line 442, in run_pyscf_workflow     return run_pyscf(            ^^
[EVENT] generated suggestions n=2
[RESULT] molecule_key=DYHLIWPSYMMWJV-UHFFFAOYSA-N status=failed rejected_suggestion_id=6be171c1-f3c7-4aff-92da-aaae15004f11 error=ModelRetry: run_pyscf_workflow failed: Traceback (most recent call last):   File "/app/domains/pyscf/tools/pyscf_workflow_tools.py", line 442, in run_pyscf_workflow     return run_pyscf(            ^^
[RESULT] molecule_key=VJPYKUZBOIDYFX-UHFFFAOYSA-N status=failed rejected_suggestion_id=bd97f2ca-cbd2-4b9f-8461-8919a140eb29 error=ModelRetry: run_pyscf_workflow failed: Traceback (most recent call last):   File "/app/domains/pyscf/tools/pyscf_workflow_tools.py", line 442, in run_pyscf_workflow     return run_pyscf(            ^^
[EVENT] stop file detected path=STOP; removing marker and stopping before suggestion generation
[EVENT] exported campaign CSV path=pollice_lowest_conformer_gap_artifacts/bo_export.csv content_type=text/csv; charset=utf-8
[EVENT] paused campaign_id=f023cf90-a1a1-470a-987d-134a38919812
[EVENT] artifacts_dir=pollice_lowest_conformer_gap_artifacts results_csv=pollice_lowest_conformer_gap_artifacts/evaluation_results.csv campaign_id=f023cf90-a1a1-470a-987d-134a38919812
