exit_code=0

=== stdout (raw) ===
--- top-level before legacy move ---
.grafico
HOW_TO_EXECUTE_CAMPAIGN.md
__pycache__
campaign_manifest.json
hood2020.pdf
hood_co_bisphosphine_artifacts_analysis_h2
hood_co_bisphosphine_artifacts_analysis_mock
hood_co_bisphosphine_artifacts_analysis_preflight
hood_co_bisphosphine_artifacts_pbe_converged
hood_co_bisphosphine_artifacts_restart3
hood_co_bisphosphine_bo
molecules
plot_bo_improvement_curve.py
run_hood_co_bisphosphine_bo.py
--- active monitors ---


=== stderr (raw) ===


=== stderr (model-visible) ===
