exit_code=0

=== stdout (raw) ===
moving __pycache__ -> legacy_initial_campaign_20260810T150653Z/
moving hood_co_bisphosphine_artifacts_restart3 -> legacy_initial_campaign_20260810T150653Z/
moving hood_co_bisphosphine_artifacts_analysis_h2 -> legacy_initial_campaign_20260810T150653Z/
moving hood_co_bisphosphine_artifacts_analysis_mock -> legacy_initial_campaign_20260810T150653Z/
moving hood_co_bisphosphine_artifacts_analysis_preflight -> legacy_initial_campaign_20260810T150653Z/
moving molecules -> legacy_initial_campaign_20260810T150653Z/
moving plot_bo_improvement_curve.py -> legacy_initial_campaign_20260810T150653Z/
--- legacy folder ---
legacy_initial_campaign_20260810T150653Z
README.md
__pycache__
hood_co_bisphosphine_artifacts_analysis_h2
hood_co_bisphosphine_artifacts_analysis_mock
hood_co_bisphosphine_artifacts_analysis_preflight
hood_co_bisphosphine_artifacts_restart3
molecules
plot_bo_improvement_curve.py
--- top-level after move ---
.grafico
HOW_TO_EXECUTE_CAMPAIGN.md
campaign_manifest.json
hood2020.pdf
hood_co_bisphosphine_artifacts_pbe_converged
hood_co_bisphosphine_bo
legacy_initial_campaign_20260810T150653Z
run_hood_co_bisphosphine_bo.py


=== stderr (raw) ===


=== stderr (model-visible) ===
