exit_code=0

=== stdout (raw) ===
removing __pycache__
removing hood_co_bisphosphine_bo/__pycache__
removing hood_co_bisphosphine_artifacts_bad_context_preflight_test
removing hood_co_bisphosphine_artifacts_bad_context_preflight_test2
removing hood_co_bisphosphine_artifacts_estructural_only_test
removing hood_co_bisphosphine_artifacts_integrated_preflight_test
removing hood_co_bisphosphine_artifacts_output_debug_smoke
removing hood_co_bisphosphine_artifacts_output_debug_smoke2
removing hood_co_bisphosphine_artifacts_preflight_test
removing hood_co_bisphosphine_artifacts_pyscf_handoff_mock
removing hood_co_bisphosphine_artifacts_pyscf_handoff_test
removing hood_co_bisphosphine_artifacts_restart
removing hood_co_bisphosphine_artifacts_restart2
removing molecules
--- remaining top-level after cleanup ---
.grafico
HOW_TO_EXECUTE_CAMPAIGN.md
campaign_manifest.json
hood2020.pdf
hood_co_bisphosphine_artifacts_restart3
hood_co_bisphosphine_bo
run_hood_co_bisphosphine_bo.py
--- remaining hood artifact dirs ---
hood_co_bisphosphine_artifacts_restart3


=== stderr (raw) ===


=== stderr (model-visible) ===
