exit_code=0

=== stdout (raw) ===
path hood_co_bisphosphine_artifacts_pbe_converged/evaluations.jsonl
n_rows 14
n_feasible 6
n_infeasible 8
1 warm_start {'candidate_id': 'eth__Me__Me', 'ligand_description': 'bidentate bisphosphine Me2P-ethylene-PMe2; linker=ethylene; one phosphorus bears two methyl groups and the other phosphorus bears two methyl groups', 'ligand_label': 'Me2P-ethylene-PMe2', 'linker': 'ethylene', 'r1': 'Me', 'r2': 'Me', 'symmetric': True} True
2 warm_start {'candidate_id': 'prop__iPr__Ph', 'ligand_description': 'bidentate bisphosphine iPr2P-propylene-PPh2; linker=propylene; one phosphorus bears two isopropyl groups and the other phosphorus bears two phenyl groups', 'ligand_label': 'iPr2P-propylene-PPh2', 'linker': 'propylene', 'r1': 'iPr', 'r2': 'Ph', 'symmetric': False} False
3 warm_start {'candidate_id': 'ophen__pAnisyl__pCF3Ph', 'ligand_description': 'bidentate bisphosphine p-Anisyl2P-1,2-phenylene-Pp-CF3-Ph2; linker=1,2-phenylene; one phosphorus bears two 4-methoxyphenyl groups and the other phosphorus bears two 4-trifluoromethylphenyl groups', 'ligand_label': 'p-Anisyl2P-1,2-phenylene-Pp-CF3-Ph2', 'linker': '1,2-phenylene', 'r1': 'p-Anisyl', 'r2': 'p-CF3-Ph', 'symmetric': False} False
4 warm_start {'candidate_id': 'cchex__Cy__pTol', 'ligand_description': 'bidentate bisphosphine Cy2P-cis-1,2-cyclohexylene-Pp-Tol2; linker=cis-1,2-cyclohexylene; one phosphorus bears two cyclohexyl groups and the other phosphorus bears two 4-methylphenyl groups', 'ligand_label': 'Cy2P-cis-1,2-cyclohexylene-Pp-Tol2', 'linker': 'cis-1,2-cyclohexylene', 'r1': 'Cy', 'r2': 'p-Tol', 'symmetric': False} False
5 bo {'candidate_id': 'eth__Et__Et', 'ligand_description': 'bidentate bisphosphine Et2P-ethylene-PEt2; linker=ethylene; one phosphorus bears two ethyl groups and the other phosphorus bears two ethyl groups', 'ligand_label': 'Et2P-ethylene-PEt2', 'linker': 'ethylene', 'r1': 'Et', 'r2': 'Et', 'symmetric': True} True
6 bo {'candidate_id': 'prop__Me__Me', 'ligand_description': 'bidentate bisphosphine Me2P-propylene-PMe2; linker=propylene; one phosphorus bears two methyl groups and the other phosphorus bears two methyl groups', 'ligand_label': 'Me2P-propylene-PMe2', 'linker': 'propylene', 'r1': 'Me', 'r2': 'Me', 'symmetric': True} False
7 bo {'candidate_id': 'eth__iPr__iPr', 'ligand_description': 'bidentate bisphosphine iPr2P-ethylene-PiPr2; linker=ethylene; one phosphorus bears two isopropyl groups and the other phosphorus bears two isopropyl groups', 'ligand_label': 'iPr2P-ethylene-PiPr2', 'linker': 'ethylene', 'r1': 'iPr', 'r2': 'iPr', 'symmetric': True} True
8 bo {'candidate_id': 'eth__Cy__Cy', 'ligand_description': 'bidentate bisphosphine Cy2P-ethylene-PCy2; linker=ethylene; one phosphorus bears two cyclohexyl groups and the other phosphorus bears two cyclohexyl groups', 'ligand_label': 'Cy2P-ethylene-PCy2', 'linker': 'ethylene', 'r1': 'Cy', 'r2': 'Cy', 'symmetric': True} False
9 bo {'candidate_id': 'eth__Me__Et', 'ligand_description': 'bidentate bisphosphine Me2P-ethylene-PEt2; linker=ethylene; one phosphorus bears two methyl groups and the other phosphorus bears two ethyl groups', 'ligand_label': 'Me2P-ethylene-PEt2', 'linker': 'ethylene', 'r1': 'Me', 'r2': 'Et', 'symmetric': False} True
10 bo {'candidate_id': 'eth__Et__iPr', 'ligand_description': 'bidentate bisphosphine Et2P-ethylene-PiPr2; linker=ethylene; one phosphorus bears two ethyl groups and the other phosphorus bears two isopropyl groups', 'ligand_label': 'Et2P-ethylene-PiPr2', 'linker': 'ethylene', 'r1': 'Et', 'r2': 'iPr', 'symmetric': False} True
11 bo {'candidate_id': 'eth__Me__iPr', 'ligand_description': 'bidentate bisphosphine Me2P-ethylene-PiPr2; linker=ethylene; one phosphorus bears two methyl groups and the other phosphorus bears two isopropyl groups', 'ligand_label': 'Me2P-ethylene-PiPr2', 'linker': 'ethylene', 'r1': 'Me', 'r2': 'iPr', 'symmetric': False} True
12 bo {'candidate_id': 'eth__Et__Cy', 'ligand_description': 'bidentate bisphosphine Et2P-ethylene-PCy2; linker=ethylene; one phosphorus bears two ethyl groups and the other phosphorus bears two cyclohexyl groups', 'ligand_label': 'Et2P-ethylene-PCy2', 'linker': 'ethylene', 'r1': 'Et', 'r2': 'Cy', 'symmetric': False} False
13 bo {'candidate_id': 'prop__Me__iPr', 'ligand_description': 'bidentate bisphosphine Me2P-propylene-PiPr2; linker=propylene; one phosphorus bears two methyl groups and the other phosphorus bears two isopropyl groups', 'ligand_label': 'Me2P-propylene-PiPr2', 'linker': 'propylene', 'r1': 'Me', 'r2': 'iPr', 'symmetric': False} False
14 bo {'candidate_id': 'eth__pCF3Ph__pCF3Ph', 'ligand_description': 'bidentate bisphosphine p-CF3-Ph2P-ethylene-Pp-CF3-Ph2; linker=ethylene; one phosphorus bears two 4-trifluoromethylphenyl groups and the other phosphorus bears two 4-trifluoromethylphenyl groups', 'ligand_label': 'p-CF3-Ph2P-ethylene-Pp-CF3-Ph2', 'linker': 'ethylene', 'r1': 'p-CF3-Ph', 'r2': 'p-CF3-Ph', 'symmetric': True} False


=== stderr (raw) ===


=== stderr (model-visible) ===
