exit_code=0

=== stdout (raw) ===
{
  "candidate_id": null,
  "feasible": false,
  "validity": {
    "scf_converged": false,
    "optimization_success": false,
    "error": "Estructural did not create expected XYZ file hood_co_bisphosphine_artifacts_restart/eth__Me__Me/eth__Me__Me.xyz"
  },
  "objectives": {
    "electronic_activation": -100.0,
    "coordination_stability": -100.0,
    "chelate_geometry": -100.0,
    "steric_crowding": 100.0
  },
  "error": null,
  "failure_reason": null
}


=== stderr (raw) ===


=== stderr (model-visible) ===
