exit_code=0

=== stdout (raw) ===
--- top-level before cleanup ---
.grafico
HOW_TO_EXECUTE_CAMPAIGN.md
__pycache__
campaign_manifest.json
hood2020.pdf
hood_co_bisphosphine_artifacts_bad_context_preflight_test
hood_co_bisphosphine_artifacts_bad_context_preflight_test2
hood_co_bisphosphine_artifacts_estructural_only_test
hood_co_bisphosphine_artifacts_integrated_preflight_test
hood_co_bisphosphine_artifacts_output_debug_smoke
hood_co_bisphosphine_artifacts_output_debug_smoke2
hood_co_bisphosphine_artifacts_preflight_test
hood_co_bisphosphine_artifacts_pyscf_handoff_mock
hood_co_bisphosphine_artifacts_pyscf_handoff_test
hood_co_bisphosphine_artifacts_restart
hood_co_bisphosphine_artifacts_restart2
hood_co_bisphosphine_artifacts_restart3
hood_co_bisphosphine_bo
molecules
run_hood_co_bisphosphine_bo.py
--- pycache dirs ---
./__pycache__
./hood_co_bisphosphine_bo/__pycache__
--- likely stale hood artifact dirs ---
hood_co_bisphosphine_artifacts_bad_context_preflight_test
hood_co_bisphosphine_artifacts_bad_context_preflight_test2
hood_co_bisphosphine_artifacts_estructural_only_test
hood_co_bisphosphine_artifacts_integrated_preflight_test
hood_co_bisphosphine_artifacts_output_debug_smoke
hood_co_bisphosphine_artifacts_output_debug_smoke2
hood_co_bisphosphine_artifacts_preflight_test
hood_co_bisphosphine_artifacts_pyscf_handoff_mock
hood_co_bisphosphine_artifacts_pyscf_handoff_test
hood_co_bisphosphine_artifacts_restart
hood_co_bisphosphine_artifacts_restart2
hood_co_bisphosphine_artifacts_restart3


=== stderr (raw) ===


=== stderr (model-visible) ===
