exit_code=0

=== stdout (raw) ===
evaljsonl exists True
lines
{"phase": "warm_start", "candidate_id": null, "candidate": {"candidate_id": "eth__Me__Me", "ligand_description": "bidentate bisphosphine Me2P-ethylene-PMe2; linker=ethylene; one phosphorus bears two methyl groups and the other phosphorus bears two methyl groups", "ligand_label": "Me2P-ethylene-PMe2", "linker": "ethylene", "r1": "Me", "r2": "Me", "symmetric": true}, "feasible": true, "objectives": {"chelate_geometry": 8.51758501228108, "coordination_stability": 9.989296189252297, "electronic_activation": -0.08263508031848854, "steric_crowding": 9.0}}
{"phase": "warm_start", "candidate_id": null, "candidate": {"candidate_id": "prop__iPr__Ph", "ligand_description": "bidentate bisphosphine iPr2P-propylene-PPh2; linker=propylene; one phosphorus bears two isopropyl groups and the other phosphorus bears two phenyl groups", "ligand_label": "iPr2P-propylene-PPh2", "linker": "propylene", "r1": "iPr", "r2": "Ph", "symmetric": false}, "feasible": false, "objectives": {"chelate_geometry": -100.0, "coordination_stability": -100.0, "electronic_activation": -100.0, "steric_crowding": 100.0}}
{"phase": "warm_start", "candidate_id": null, "candidate": {"candidate_id": "ophen__pAnisyl__pCF3Ph", "ligand_description": "bidentate bisphosphine p-Anisyl2P-1,2-phenylene-Pp-CF3-Ph2; linker=1,2-phenylene; one phosphorus bears two 4-methoxyphenyl groups and the other phosphorus bears two 4-trifluoromethylphenyl groups", "ligand_label": "p-Anisyl2P-1,2-phenylene-Pp-CF3-Ph2", "linker": "1,2-phenylene", "r1": "p-Anisyl", "r2": "p-CF3-Ph", "symmetric": false}, "feasible": false, "objectives": {"chelate_geometry": -100.0, "coordination_stability": -100.0, "electronic_activation": -100.0, "steric_crowding": 100.0}}
{"phase": "warm_start", "candidate_id": null, "candidate": {"candidate_id": "cchex__Cy__pTol", "ligand_description": "bidentate bisphosphine Cy2P-cis-1,2-cyclohexylene-Pp-Tol2; linker=cis-1,2-cyclohexylene; one phosphorus bears two cyclohexyl groups and the other phosphorus bears two 4-methylphenyl groups", "ligand_label": "Cy2P-cis-1,2-cyclohexylene-Pp-Tol2", "linker": "cis-1,2-cyclohexylene", "r1": "Cy", "r2": "p-Tol", "symmetric": false}, "feasible": false, "objectives": {"chelate_geometry": -100.0, "coordination_stability": -100.0, "electronic_activation": -100.0, "steric_crowding": 100.0}}
{"phase": "bo", "candidate_id": null, "candidate": {"candidate_id": "eth__Et__Et", "ligand_description": "bidentate bisphosphine Et2P-ethylene-PEt2; linker=ethylene; one phosphorus bears two ethyl groups and the other phosphorus bears two ethyl groups", "ligand_label": "Et2P-ethylene-PEt2", "linker": "ethylene", "r1": "Et", "r2": "Et", "symmetric": true}, "feasible": true, "objectives": {"chelate_geometry": 8.394435445172117, "coordination_stability": 9.756678857986092, "electronic_activation": 0.16914626730929117, "steric_crowding": 8.0}}
{"phase": "bo", "candidate_id": null, "candidate": {"candidate_id": "prop__Me__Me", "ligand_description": "bidentate bisphosphine Me2P-propylene-PMe2; linker=propylene; one phosphorus bears two methyl groups and the other phosphorus bears two methyl groups", "ligand_label": "Me2P-propylene-PMe2", "linker": "propylene", "r1": "Me", "r2": "Me", "symmetric": true}, "feasible": false, "objectives": {"chelate_geometry": -100.0, "coordination_stability": -100.0, "electronic_activation": -100.0, "steric_crowding": 100.0}}
{"phase": "bo", "candidate_id": null, "candidate": {"candidate_id": "eth__iPr__iPr", "ligand_description": "bidentate bisphosphine iPr2P-ethylene-PiPr2; linker=ethylene; one phosphorus bears two isopropyl groups and the other phosphorus bears two isopropyl groups", "ligand_label": "iPr2P-ethylene-PiPr2", "linker": "ethylene", "r1": "iPr", "r2": "iPr", "symmetric": true}, "feasible": true, "objectives": {"chelate_geometry": 8.606335928605834, "coordination_stability": 9.605045916719781, "electronic_activation": 0.19177037191740576, "steric_crowding": 10.0}}
{"phase": "bo", "candidate_id": null, "candidate": {"candidate_id": "eth__Cy__Cy", "ligand_description": "bidentate bisphosphine Cy2P-ethylene-PCy2; linker=ethylene; one phosphorus bears two cyclohexyl groups and the other phosphorus bears two cyclohexyl groups", "ligand_label": "Cy2P-ethylene-PCy2", "linker": "ethylene", "r1": "Cy", "r2": "Cy", "symmetric": true}, "feasible": false, "objectives": {"chelate_geometry": -100.0, "coordination_stability": -100.0, "electronic_activation": -100.0, "steric_crowding": 100.0}}
--- files rows by mtime ---
eth__Me__Me True {'electronic_activation': -0.08263508031848854, 'coordination_stability': 9.989296189252297, 'chelate_geometry': 8.51758501228108, 'steric_crowding': 9.0}
prop__iPr__Ph False {'electronic_activation': -100.0, 'coordination_stability': -100.0, 'chelate_geometry': -100.0, 'steric_crowding': 100.0}
ophen__pAnisyl__pCF3Ph False {'electronic_activation': -100.0, 'coordination_stability': -100.0, 'chelate_geometry': -100.0, 'steric_crowding': 100.0}
cchex__Cy__pTol False {'electronic_activation': -100.0, 'coordination_stability': -100.0, 'chelate_geometry': -100.0, 'steric_crowding': 100.0}
eth__Et__Et True {'electronic_activation': 0.16914626730929117, 'coordination_stability': 9.756678857986092, 'chelate_geometry': 8.394435445172117, 'steric_crowding': 8.0}
prop__Me__Me False {'electronic_activation': -100.0, 'coordination_stability': -100.0, 'chelate_geometry': -100.0, 'steric_crowding': 100.0}
eth__iPr__iPr True {'electronic_activation': 0.19177037191740576, 'coordination_stability': 9.605045916719781, 'chelate_geometry': 8.606335928605834, 'steric_crowding': 10.0}
eth__Cy__Cy False {'electronic_activation': -100.0, 'coordination_stability': -100.0, 'chelate_geometry': -100.0, 'steric_crowding': 100.0}


=== stderr (raw) ===


=== stderr (model-visible) ===
