exit_code=0

=== stdout (raw) ===
--- molecules ---
molecules/https_elagente.ca_grafico_QCMolecule_09d4f08b-6e02-4b35-9e9f-0ae6d817fd9d.xyz 940 bytes
molecules/https_elagente.ca_grafico_QCMolecule_4585ba7f-99c6-401e-af46-bcbb50395293.xyz 940 bytes
molecules/https_elagente.ca_grafico_QCMolecule_58ee6eef-fb1b-47cb-b856-eeda7ec27ca3.xyz 1579 bytes
molecules/https_elagente.ca_grafico_QCMolecule_771a252c-c00e-4bb8-9824-aa91f17749f8.xyz 452 bytes
molecules/https_elagente.ca_grafico_QCMolecule_b44e5412-2e29-4832-ba10-b3e3ed48dabb.xyz 940 bytes
--- active restart3 contents ---
hood_co_bisphosphine_artifacts_restart3/campaign_id.txt
hood_co_bisphosphine_artifacts_restart3/candidate_library.csv
hood_co_bisphosphine_artifacts_restart3/candidate_library.json
hood_co_bisphosphine_artifacts_restart3/estructural_preflight_2081.xyz
hood_co_bisphosphine_artifacts_restart3/estructural_preflight_response.json
hood_co_bisphosphine_artifacts_restart3/eth__Me__Me/estructural_response.json
hood_co_bisphosphine_artifacts_restart3/eth__Me__Me/estructural_response.txt
hood_co_bisphosphine_artifacts_restart3/eth__Me__Me/eth__Me__Me.xyz
hood_co_bisphosphine_artifacts_restart3/logs/production_restart3_20260806T190750Z.log
hood_co_bisphosphine_artifacts_restart3/pyscf_literal_preflight_console.txt
hood_co_bisphosphine_artifacts_restart3/pyscf_literal_preflight_result.json
hood_co_bisphosphine_artifacts_restart3/warm_start_candidates.json


=== stderr (raw) ===


=== stderr (model-visible) ===
