exit_code=0

=== stdout (raw) ===
hood_co_bisphosphine_artifacts_restart3/eth__Me__Me/electronic_activation_pbe_def2svp_converged.json
{
  "candidate_id": "eth__Me__Me",
  "method": "UPBE/def2-SVP",
  "charge": 1.0,
  "spin_multiplicity": 2,
  "nelectrons": 161,
  "nalpha": 81,
  "nbeta": 80,
  "total_energy_hartree": -2646.7799749588685,
  "geometry_optimization_status": "converged according to run_pyscf_workflow summary",
  "chkfile": "/app/domains/pyscf/chkfiles/c4b62893-84a0-4662-9152-b939b57131a8.chk",
  "alpha_frontier": {
    "homo_index": 80,
    "homo_hartree": -0.3115902547938634,
    "homo_eV": -8.478802703265972,
    "lumo_index": 81,
    "lumo_hartree": -0.210072003230872,
    "lumo_eV": -5.716350371909945
  },
  "beta_frontier": {
    "homo_index": 79,
    "homo_hartree": -0.30143952683833913,
    "homo_eV": -8.202587326484196,
    "lumo_index": 80,
    "lumo_hartree": -0.2655511932300457,
    "lumo_eV": -7.226016027054385
  },
  "somo_alpha": {
    "index": 80,
    "energy_hartree": -0.3115902547938634,
    "energy_eV": -8.478802703265972
  },
  "co_population": {
    "atom_index": 0,
    "symbol": "Co",
    "mulliken_alpha_electrons": 13.92448347256119,
    "mulliken_beta_electrons": 12.749532285050474,
    "mulliken_total_electrons": 26.674015757611663,
    "mulliken_spin_population": 1.1749511875107164,
    "mulliken_charge": 0.325984242388337
  },
  "total_mulliken_spin_population": 1.0000000000000304,
  "current_campaign_electronic_activation_formula_components": {
    "homo_score_from_somo_hartree": -2.2318050958772675,
    "charge_score_from_mulliken_co_charge": -0.325984242388337,
    "spin_score_from_mulliken_co_spin_population": 2.475146437467851,
    "electronic_activation": -0.0826429007977536
  }
}


=== stderr (raw) ===


=== stderr (model-visible) ===
