exit_code=0

=== stdout (raw) ===
candidate_id,linker,r1,r2,ligand_label,ligand_description,symmetric
eth__Me__Me,ethylene,Me,Me,Me2P-ethylene-PMe2,bidentate bisphosphine Me2P-ethylene-PMe2; linker=ethylene; one phosphorus bears two methyl groups and the other phosphorus bears two methyl groups,True
eth__Me__Et,ethylene,Me,Et,Me2P-ethylene-PEt2,bidentate bisphosphine Me2P-ethylene-PEt2; linker=ethylene; one phosphorus bears two methyl groups and the other phosphorus bears two ethyl groups,False
eth__Me__iPr,ethylene,Me,iPr,Me2P-ethylene-PiPr2,bidentate bisphosphine Me2P-ethylene-PiPr2; linker=ethylene; one phosphorus bears two methyl groups and the other phosphorus bears two isopropyl groups,False
eth__Me__Cy,ethylene,Me,Cy,Me2P-ethylene-PCy2,bidentate bisphosphine Me2P-ethylene-PCy2; linker=ethylene; one phosphorus bears two methyl groups and the other phosphorus bears two cyclohexyl groups,False
eth__Me__Ph,ethylene,Me,Ph,Me2P-ethylene-PPh2,bidentate bisphosphine Me2P-ethylene-PPh2; linker=ethylene; one phosphorus bears two methyl groups and the other phosphorus bears two phenyl groups,False
eth__Me__pTol,ethylene,Me,p-Tol,Me2P-ethylene-Pp-Tol2,bidentate bisphosphine Me2P-ethylene-Pp-Tol2; linker=ethylene; one phosphorus bears two methyl groups and the other phosphorus bears two 4-methylphenyl groups,False
eth__Me__pAnisyl,ethylene,Me,p-Anisyl,Me2P-ethylene-Pp-Anisyl2,bidentate bisphosphine Me2P-ethylene-Pp-Anisyl2; linker=ethylene; one phosphorus bears two methyl groups and the other phosphorus bears two 4-methoxyphenyl groups,False
eth__Me__pCF3Ph,ethylene,Me,p-CF3-Ph,Me2P-ethylene-Pp-CF3-Ph2,bidentate bisphosphine Me2P-ethylene-Pp-CF3-Ph2; linker=ethylene; one phosphorus bears two methyl groups and the other phosphorus bears two 4-trifluoromethylphenyl groups,False
eth__Et__Et,ethylene,Et,Et,Et2P-ethylene-PEt2,bidentate bisphosphine Et2P-ethylene-PEt2; linker=ethylene; one phosphorus bears two ethyl groups and the other phosphorus bears two ethyl groups,True
eth__Et__iPr,ethylene,Et,iPr,Et2P-ethylene-PiPr2,bidentate bisphosphine Et2P-ethylene-PiPr2; linker=ethylene; one phosphorus bears two ethyl groups and the other phosphorus bears two isopropyl groups,False
eth__Et__Cy,ethylene,Et,Cy,Et2P-ethylene-PCy2,bidentate bisphosphine Et2P-ethylene-PCy2; linker=ethylene; one phosphorus bears two ethyl groups and the other phosphorus bears two cyclohexyl groups,False
eth__Et__Ph,ethylene,Et,Ph,Et2P-ethylene-PPh2,bidentate bisphosphine Et2P-ethylene-PPh2; linker=ethylene; one phosphorus bears two ethyl groups and the other phosphorus bears two phenyl groups,False
eth__Et__pTol,ethylene,Et,p-Tol,Et2P-ethylene-Pp-Tol2,bidentate bisphosphine Et2P-ethylene-Pp-Tol2; linker=ethylene; one phosphorus bears two ethyl groups and the other phosphorus bears two 4-methylphenyl groups,False
eth__Et__pAnisyl,ethylene,Et,p-Anisyl,Et2P-ethylene-Pp-Anisyl2,bidentate bisphosphine Et2P-ethylene-Pp-Anisyl2; linker=ethylene; one phosphorus bears two ethyl groups and the other phosphorus bears two 4-methoxyphenyl groups,False
eth__Et__pCF3Ph,ethylene,Et,p-CF3-Ph,Et2P-ethylene-Pp-CF3-Ph2,bidentate bisphosphine Et2P-ethylene-Pp-CF3-Ph2; linker=ethylene; one phosphorus bears two ethyl groups and the other phosphorus bears two 4-trifluoromethylphenyl groups,False
eth__iPr__iPr,ethylene,iPr,iPr,iPr2P-ethylene-PiPr2,bidentate bisphosphine iPr2P-ethylene-PiPr2; linker=ethylene; one phosphorus bears two isopropyl groups and the other phosphorus bears two isopropyl groups,True
eth__iPr__Cy,ethylene,iPr,Cy,iPr2P-ethylene-PCy2,bidentate bisphosphine iPr2P-ethylene-PCy2; linker=ethylene; one phosphorus bears two isopropyl groups and the other phosphorus bears two cyclohexyl groups,False
eth__iPr__Ph,ethylene,iPr,Ph,iPr2P-ethylene-PPh2,bidentate bisphosphine iPr2P-ethylene-PPh2; linker=ethylene; one phosphorus bears two isopropyl groups and the other phosphorus bears two phenyl groups,False
eth__iPr__pTol,ethylene,iPr,p-Tol,iPr2P-ethylene-Pp-Tol2,bidentate bisphosphine iPr2P-ethylene-Pp-Tol2; linker=ethylene; one phosphorus bears two isopropyl groups and the other phosphorus bears two 4-methylphenyl groups,False
eth__iPr__pAnisyl,ethylene,iPr,p-Anisyl,iPr2P-ethylene-Pp-Anisyl2,bidentate bisphosphine iPr2P-ethylene-Pp-Anisyl2; linker=ethylene; one phosphorus bears two isopropyl groups and the other phosphorus bears two 4-methoxyphenyl groups,False
eth__iPr__pCF3Ph,ethylene,iPr,p-CF3-Ph,iPr2P-ethylene-Pp-CF3-Ph2,bidentate bisphosphine iPr2P-ethylene-Pp-CF3-Ph2; linker=ethylene; one phosphorus bears two isopropyl groups and the other phosphorus bears two 4-trifluoromethylphenyl groups,False
eth__Cy__Cy,ethylene,Cy,Cy,Cy2P-ethylene-PCy2,bidentate bisphosphine Cy2P-ethylene-PCy2; linker=ethylene; one phosphorus bears two cyclohexyl groups and the other phosphorus bears two cyclohexyl groups,True
eth__Cy__Ph,ethylene,Cy,Ph,Cy2P-ethylene-PPh2,bidentate bisphosphine Cy2P-ethylene-PPh2; linker=ethylene; one phosphorus bears two cyclohexyl groups and the other phosphorus bears two phenyl groups,False
eth__Cy__pTol,ethylene,Cy,p-Tol,Cy2P-ethylene-Pp-Tol2,bidentate bisphosphine Cy2P-ethylene-Pp-Tol2; linker=ethylene; one phosphorus bears two cyclohexyl groups and the other phosphorus bears two 4-methylphenyl groups,False
eth__Cy__pAnisyl,ethylene,Cy,p-Anisyl,Cy2P-ethylene-Pp-Anisyl2,bidentate bisphosphine Cy2P-ethylene-Pp-Anisyl2; linker=ethylene; one phosphorus bears two cyclohexyl groups and the other phosphorus bears two 4-methoxyphenyl groups,False
eth__Cy__pCF3Ph,ethylene,Cy,p-CF3-Ph,Cy2P-ethylene-Pp-CF3-Ph2,bidentate bisphosphine Cy2P-ethylene-Pp-CF3-Ph2; linker=ethylene; one phosphorus bears two cyclohexyl groups and the other phosphorus bears two 4-trifluoromethylphenyl groups,False
eth__Ph__Ph,ethylene,Ph,Ph,Ph2P-ethylene-PPh2,bidentate bisphosphine Ph2P-ethylene-PPh2; linker=ethylene; one phosphorus bears two phenyl groups and the other phosphorus bears two phenyl groups,True
eth__Ph__pTol,ethylene,Ph,p-Tol,Ph2P-ethylene-Pp-Tol2,bidentate bisphosphine Ph2P-ethylene-Pp-Tol2; linker=ethylene; one phosphorus bears two phenyl groups and the other phosphorus bears two 4-methylphenyl groups,False
eth__Ph__pAnisyl,ethylene,Ph,p-Anisyl,Ph2P-ethylene-Pp-Anisyl2,bidentate bisphosphine Ph2P-ethylene-Pp-Anisyl2; linker=ethylene; one phosphorus bears two phenyl groups and the other phosphorus bears two 4-methoxyphenyl groups,False
eth__Ph__pCF3Ph,ethylene,Ph,p-CF3-Ph,Ph2P-ethylene-Pp-CF3-Ph2,bidentate bisphosphine Ph2P-ethylene-Pp-CF3-Ph2; linker=ethylene; one phosphorus bears two phenyl groups and the other phosphorus bears two 4-trifluoromethylphenyl groups,False
eth__pTol__pTol,ethylene,p-Tol,p-Tol,p-Tol2P-ethylene-Pp-Tol2,bidentate bisphosphine p-Tol2P-ethylene-Pp-Tol2; linker=ethylene; one phosphorus bears two 4-methylphenyl groups and the other phosphorus bears two 4-methylphenyl groups,True
eth__pTol__pAnisyl,ethylene,p-Tol,p-Anisyl,p-Tol2P-ethylene-Pp-Anisyl2,bidentate bisphosphine p-Tol2P-ethylene-Pp-Anisyl2; linker=ethylene; one phosphorus bears two 4-methylphenyl groups and the other phosphorus bears two 4-methoxyphenyl groups,False
eth__pTol__pCF3Ph,ethylene,p-Tol,p-CF3-Ph,p-Tol2P-ethylene-Pp-CF3-Ph2,bidentate bisphosphine p-Tol2P-ethylene-Pp-CF3-Ph2; linker=ethylene; one phosphorus bears two 4-methylphenyl groups and the other phosphorus bears two 4-trifluoromethylphenyl groups,False
eth__pAnisyl__pAnisyl,ethylene,p-Anisyl,p-Anisyl,p-Anisyl2P-ethylene-Pp-Anisyl2,bidentate bisphosphine p-Anisyl2P-ethylene-Pp-Anisyl2; linker=ethylene; one phosphorus bears two 4-methoxyphenyl groups and the other phosphorus bears two 4-methoxyphenyl groups,True
eth__pAnisyl__pCF3Ph,ethylene,p-Anisyl,p-CF3-Ph,p-Anisyl2P-ethylene-Pp-CF3-Ph2,bidentate bisphosphine p-Anisyl2P-ethylene-Pp-CF3-Ph2; linker=ethylene; one phosphorus bears two 4-methoxyphenyl groups and the other phosphorus bears two 4-trifluoromethylphenyl groups,False
eth__pCF3Ph__pCF3Ph,ethylene,p-CF3-Ph,p-CF3-Ph,p-CF3-Ph2P-ethylene-Pp-CF3-Ph2,bidentate bisphosphine p-CF3-Ph2P-ethylene-Pp-CF3-Ph2; linker=ethylene; one phosphorus bears two 4-trifluoromethylphenyl groups and the other phosphorus bears two 4-trifluoromethylphenyl groups,True
prop__Me__Me,propylene,Me,Me,Me2P-propylene-PMe2,bidentate bisphosphine Me2P-propylene-PMe2; linker=propylene; one phosphorus bears two methyl groups and the other phosphorus bears two methyl groups,True
prop__Me__Et,propylene,Me,Et,Me2P-propylene-PEt2,bidentate bisphosphine Me2P-propylene-PEt2; linker=propylene; one phosphorus bears two methyl groups and the other phosphorus bears two ethyl groups,False
prop__Me__iPr,propylene,Me,iPr,Me2P-propylene-PiPr2,bidentate bisphosphine Me2P-propylene-PiPr2; linker=propylene; one phosphorus bears two methyl groups and the other phosphorus bears two isopropyl groups,False
prop__Me__Cy,propylene,Me,Cy,Me2P-propylene-PCy2,bidentate bisphosphine Me2P-propylene-PCy2; linker=propylene; one phosphorus bears two methyl groups and the other phosphorus bears two cyclohexyl groups,False
prop__Me__Ph,propylene,Me,Ph,Me2P-propylene-PPh2,bidentate bisphosphine Me2P-propylene-PPh2; linker=propylene; one phosphorus bears two methyl groups and the other phosphorus bears two phenyl groups,False
prop__Me__pTol,propylene,Me,p-Tol,Me2P-propylene-Pp-Tol2,bidentate bisphosphine Me2P-propylene-Pp-Tol2; linker=propylene; one phosphorus bears two methyl groups and the other phosphorus bears two 4-methylphenyl groups,False
prop__Me__pAnisyl,propylene,Me,p-Anisyl,Me2P-propylene-Pp-Anisyl2,bidentate bisphosphine Me2P-propylene-Pp-Anisyl2; linker=propylene; one phosphorus bears two methyl groups and the other phosphorus bears two 4-methoxyphenyl groups,False
prop__Me__pCF3Ph,propylene,Me,p-CF3-Ph,Me2P-propylene-Pp-CF3-Ph2,bidentate bisphosphine Me2P-propylene-Pp-CF3-Ph2; linker=propylene; one phosphorus bears two methyl groups and the other phosphorus bears two 4-trifluoromethylphenyl groups,False
prop__Et__Et,propylene,Et,Et,Et2P-propylene-PEt2,bidentate bisphosphine Et2P-propylene-PEt2; linker=propylene; one phosphorus bears two ethyl groups and the other phosphorus bears two ethyl groups,True
prop__Et__iPr,propylene,Et,iPr,Et2P-propylene-PiPr2,bidentate bisphosphine Et2P-propylene-PiPr2; linker=propylene; one phosphorus bears two ethyl groups and the other phosphorus bears two isopropyl groups,False
prop__Et__Cy,propylene,Et,Cy,Et2P-propylene-PCy2,bidentate bisphosphine Et2P-propylene-PCy2; linker=propylene; one phosphorus bears two ethyl groups and the other phosphorus bears two cyclohexyl groups,False
prop__Et__Ph,propylene,Et,Ph,Et2P-propylene-PPh2,bidentate bisphosphine Et2P-propylene-PPh2; linker=propylene; one phosphorus bears two ethyl groups and the other phosphorus bears two phenyl groups,False
prop__Et__pTol,propylene,Et,p-Tol,Et2P-propylene-Pp-Tol2,bidentate bisphosphine Et2P-propylene-Pp-Tol2; linker=propylene; one phosphorus bears two ethyl groups and the other phosphorus bears two 4-methylphenyl groups,False
prop__Et__pAnisyl,propylene,Et,p-Anisyl,Et2P-propylene-Pp-Anisyl2,bidentate bisphosphine Et2P-propylene-Pp-Anisyl2; linker=propylene; one phosphorus bears two ethyl groups and the other phosphorus bears two 4-methoxyphenyl groups,False
prop__Et__pCF3Ph,propylene,Et,p-CF3-Ph,Et2P-propylene-Pp-CF3-Ph2,bidentate bisphosphine Et2P-propylene-Pp-CF3-Ph2; linker=propylene; one phosphorus bears two ethyl groups and the other phosphorus bears two 4-trifluoromethylphenyl groups,False
prop__iPr__iPr,propylene,iPr,iPr,iPr2P-propylene-PiPr2,bidentate bisphosphine iPr2P-propylene-PiPr2; linker=propylene; one phosphorus bears two isopropyl groups and the other phosphorus bears two isopropyl groups,True
prop__iPr__Cy,propylene,iPr,Cy,iPr2P-propylene-PCy2,bidentate bisphosphine iPr2P-propylene-PCy2; linker=propylene; one phosphorus bears two isopropyl groups and the other phosphorus bears two cyclohexyl groups,False
prop__iPr__Ph,propylene,iPr,Ph,iPr2P-propylene-PPh2,bidentate bisphosphine iPr2P-propylene-PPh2; linker=propylene; one phosphorus bears two isopropyl groups and the other phosphorus bears two phenyl groups,False
prop__iPr__pTol,propylene,iPr,p-Tol,iPr2P-propylene-Pp-Tol2,bidentate bisphosphine iPr2P-propylene-Pp-Tol2; linker=propylene; one phosphorus bears two isopropyl groups and the other phosphorus bears two 4-methylphenyl groups,False
prop__iPr__pAnisyl,propylene,iPr,p-Anisyl,iPr2P-propylene-Pp-Anisyl2,bidentate bisphosphine iPr2P-propylene-Pp-Anisyl2; linker=propylene; one phosphorus bears two isopropyl groups and the other phosphorus bears two 4-methoxyphenyl groups,False
prop__iPr__pCF3Ph,propylene,iPr,p-CF3-Ph,iPr2P-propylene-Pp-CF3-Ph2,bidentate bisphosphine iPr2P-propylene-Pp-CF3-Ph2; linker=propylene; one phosphorus bears two isopropyl groups and the other phosphorus bears two 4-trifluoromethylphenyl groups,False
prop__Cy__Cy,propylene,Cy,Cy,Cy2P-propylene-PCy2,bidentate bisphosphine Cy2P-propylene-PCy2; linker=propylene; one phosphorus bears two cyclohexyl groups and the other phosphorus bears two cyclohexyl groups,True
prop__Cy__Ph,propylene,Cy,Ph,Cy2P-propylene-PPh2,bidentate bisphosphine Cy2P-propylene-PPh2; linker=propylene; one phosphorus bears two cyclohexyl groups and the other phosphorus bears two phenyl groups,False
prop__Cy__pTol,propylene,Cy,p-Tol,Cy2P-propylene-Pp-Tol2,bidentate bisphosphine Cy2P-propylene-Pp-Tol2; linker=propylene; one phosphorus bears two cyclohexyl groups and the other phosphorus bears two 4-methylphenyl groups,False
prop__Cy__pAnisyl,propylene,Cy,p-Anisyl,Cy2P-propylene-Pp-Anisyl2,bidentate bisphosphine Cy2P-propylene-Pp-Anisyl2; linker=propylene; one phosphorus bears two cyclohexyl groups and the other phosphorus bears two 4-methoxyphenyl groups,False
prop__Cy__pCF3Ph,propylene,Cy,p-CF3-Ph,Cy2P-propylene-Pp-CF3-Ph2,bidentate bisphosphine Cy2P-propylene-Pp-CF3-Ph2; linker=propylene; one phosphorus bears two cyclohexyl groups and the other phosphorus bears two 4-trifluoromethylphenyl groups,False
prop__Ph__Ph,propylene,Ph,Ph,Ph2P-propylene-PPh2,bidentate bisphosphine Ph2P-propylene-PPh2; linker=propylene; one phosphorus bears two phenyl groups and the other phosphorus bears two phenyl groups,True
prop__Ph__pTol,propylene,Ph,p-Tol,Ph2P-propylene-Pp-Tol2,bidentate bisphosphine Ph2P-propylene-Pp-Tol2; linker=propylene; one phosphorus bears two phenyl groups and the other phosphorus bears two 4-methylphenyl groups,False
prop__Ph__pAnisyl,propylene,Ph,p-Anisyl,Ph2P-propylene-Pp-Anisyl2,bidentate bisphosphine Ph2P-propylene-Pp-Anisyl2; linker=propylene; one phosphorus bears two phenyl groups and the other phosphorus bears two 4-methoxyphenyl groups,False
prop__Ph__pCF3Ph,propylene,Ph,p-CF3-Ph,Ph2P-propylene-Pp-CF3-Ph2,bidentate bisphosphine Ph2P-propylene-Pp-CF3-Ph2; linker=propylene; one phosphorus bears two phenyl groups and the other phosphorus bears two 4-trifluoromethylphenyl groups,False
prop__pTol__pTol,propylene,p-Tol,p-Tol,p-Tol2P-propylene-Pp-Tol2,bidentate bisphosphine p-Tol2P-propylene-Pp-Tol2; linker=propylene; one phosphorus bears two 4-methylphenyl groups and the other phosphorus bears two 4-methylphenyl groups,True
prop__pTol__pAnisyl,propylene,p-Tol,p-Anisyl,p-Tol2P-propylene-Pp-Anisyl2,bidentate bisphosphine p-Tol2P-propylene-Pp-Anisyl2; linker=propylene; one phosphorus bears two 4-methylphenyl groups and the other phosphorus bears two 4-methoxyphenyl groups,False
prop__pTol__pCF3Ph,propylene,p-Tol,p-CF3-Ph,p-Tol2P-propylene-Pp-CF3-Ph2,bidentate bisphosphine p-Tol2P-propylene-Pp-CF3-Ph2; linker=propylene; one phosphorus bears two 4-methylphenyl groups and the other phosphorus bears two 4-trifluoromethylphenyl groups,False
prop__pAnisyl__pAnisyl,propylene,p-Anisyl,p-Anisyl,p-Anisyl2P-propylene-Pp-Anisyl2,bidentate bisphosphine p-Anisyl2P-propylene-Pp-Anisyl2; linker=propylene; one phosphorus bears two 4-methoxyphenyl groups and the other phosphorus bears two 4-methoxyphenyl groups,True
prop__pAnisyl__pCF3Ph,propylene,p-Anisyl,p-CF3-Ph,p-Anisyl2P-propylene-Pp-CF3-Ph2,bidentate bisphosphine p-Anisyl2P-propylene-Pp-CF3-Ph2; linker=propylene; one phosphorus bears two 4-methoxyphenyl groups and the other phosphorus bears two 4-trifluoromethylphenyl groups,False
prop__pCF3Ph__pCF3Ph,propylene,p-CF3-Ph,p-CF3-Ph,p-CF3-Ph2P-propylene-Pp-CF3-Ph2,bidentate bisphosphine p-CF3-Ph2P-propylene-Pp-CF3-Ph2; linker=propylene; one phosphorus bears two 4-trifluoromethylphenyl groups and the other phosphorus bears two 4-trifluoromethylphenyl groups,True
ophen__Me__Me,"1,2-phenylene",Me,Me,"Me2P-1,2-phenylene-PMe2","bidentate bisphosphine Me2P-1,2-phenylene-PMe2; linker=1,2-phenylene; one phosphorus bears two methyl groups and the other phosphorus bears two methyl groups",True
ophen__Me__Et,"1,2-phenylene",Me,Et,"Me2P-1,2-phenylene-PEt2","bidentate bisphosphine Me2P-1,2-phenylene-PEt2; linker=1,2-phenylene; one phosphorus bears two methyl groups and the other phosphorus bears two ethyl groups",False
ophen__Me__iPr,"1,2-phenylene",Me,iPr,"Me2P-1,2-phenylene-PiPr2","bidentate bisphosphine Me2P-1,2-phenylene-PiPr2; linker=1,2-phenylene; one phosphorus bears two methyl groups and the other phosphorus bears two isopropyl groups",False
ophen__Me__Cy,"1,2-phenylene",Me,Cy,"Me2P-1,2-phenylene-PCy2","bidentate bisphosphine Me2P-1,2-phenylene-PCy2; linker=1,2-phenylene; one phosphorus bears two methyl groups and the other phosphorus bears two cyclohexyl groups",False
ophen__Me__Ph,"1,2-phenylene",Me,Ph,"Me2P-1,2-phenylene-PPh2","bidentate bisphosphine Me2P-1,2-phenylene-PPh2; linker=1,2-phenylene; one phosphorus bears two methyl groups and the other phosphorus bears two phenyl groups",False
ophen__Me__pTol,"1,2-phenylene",Me,p-Tol,"Me2P-1,2-phenylene-Pp-Tol2","bidentate bisphosphine Me2P-1,2-phenylene-Pp-Tol2; linker=1,2-phenylene; one phosphorus bears two methyl groups and the other phosphorus bears two 4-methylphenyl groups",False
ophen__Me__pAnisyl,"1,2-phenylene",Me,p-Anisyl,"Me2P-1,2-phenylene-Pp-Anisyl2","bidentate bisphosphine Me2P-1,2-phenylene-Pp-Anisyl2; linker=1,2-phenylene; one phosphorus bears two methyl groups and the other phosphorus bears two 4-methoxyphenyl groups",False
ophen__Me__pCF3Ph,"1,2-phenylene",Me,p-CF3-Ph,"Me2P-1,2-phenylene-Pp-CF3-Ph2","bidentate bisphosphine Me2P-1,2-phenylene-Pp-CF3-Ph2; linker=1,2-phenylene; one phosphorus bears two methyl groups and the other phosphorus bears two 4-trifluoromethylphenyl groups",False
ophen__Et__Et,"1,2-phenylene",Et,Et,"Et2P-1,2-phenylene-PEt2","bidentate bisphosphine Et2P-1,2-phenylene-PEt2; linker=1,2-phenylene; one phosphorus bears two ethyl groups and the other phosphorus bears two ethyl groups",True
ophen__Et__iPr,"1,2-phenylene",Et,iPr,"Et2P-1,2-phenylene-PiPr2","bidentate bisphosphine Et2P-1,2-phenylene-PiPr2; linker=1,2-phenylene; one phosphorus bears two ethyl groups and the other phosphorus bears two isopropyl groups",False
ophen__Et__Cy,"1,2-phenylene",Et,Cy,"Et2P-1,2-phenylene-PCy2","bidentate bisphosphine Et2P-1,2-phenylene-PCy2; linker=1,2-phenylene; one phosphorus bears two ethyl groups and the other phosphorus bears two cyclohexyl groups",False
ophen__Et__Ph,"1,2-phenylene",Et,Ph,"Et2P-1,2-phenylene-PPh2","bidentate bisphosphine Et2P-1,2-phenylene-PPh2; linker=1,2-phenylene; one phosphorus bears two ethyl groups and the other phosphorus bears two phenyl groups",False
ophen__Et__pTol,"1,2-phenylene",Et,p-Tol,"Et2P-1,2-phenylene-Pp-Tol2","bidentate bisphosphine Et2P-1,2-phenylene-Pp-Tol2; linker=1,2-phenylene; one phosphorus bears two ethyl groups and the other phosphorus bears two 4-methylphenyl groups",False
ophen__Et__pAnisyl,"1,2-phenylene",Et,p-Anisyl,"Et2P-1,2-phenylene-Pp-Anisyl2","bidentate bisphosphine Et2P-1,2-phenylene-Pp-Anisyl2; linker=1,2-phenylene; one phosphorus bears two ethyl groups and the other phosphorus bears two 4-methoxyphenyl groups",False
ophen__Et__pCF3Ph,"1,2-phenylene",Et,p-CF3-Ph,"Et2P-1,2-phenylene-Pp-CF3-Ph2","bidentate bisphosphine Et2P-1,2-phenylene-Pp-CF3-Ph2; linker=1,2-phenylene; one phosphorus bears two ethyl groups and the other phosphorus bears two 4-trifluoromethylphenyl groups",False
ophen__iPr__iPr,"1,2-phenylene",iPr,iPr,"iPr2P-1,2-phenylene-PiPr2","bidentate bisphosphine iPr2P-1,2-phenylene-PiPr2; linker=1,2-phenylene; one phosphorus bears two isopropyl groups and the other phosphorus bears two isopropyl groups",True
ophen__iPr__Cy,"1,2-phenylene",iPr,Cy,"iPr2P-1,2-phenylene-PCy2","bidentate bisphosphine iPr2P-1,2-phenylene-PCy2; linker=1,2-phenylene; one phosphorus bears two isopropyl groups and the other phosphorus bears two cyclohexyl groups",False
ophen__iPr__Ph,"1,2-phenylene",iPr,Ph,"iPr2P-1,2-phenylene-PPh2","bidentate bisphosphine iPr2P-1,2-phenylene-PPh2; linker=1,2-phenylene; one phosphorus bears two isopropyl groups and the other phosphorus bears two phenyl groups",False
ophen__iPr__pTol,"1,2-phenylene",iPr,p-Tol,"iPr2P-1,2-phenylene-Pp-Tol2","bidentate bisphosphine iPr2P-1,2-phenylene-Pp-Tol2; linker=1,2-phenylene; one phosphorus bears two isopropyl groups and the other phosphorus bears two 4-methylphenyl groups",False
ophen__iPr__pAnisyl,"1,2-phenylene",iPr,p-Anisyl,"iPr2P-1,2-phenylene-Pp-Anisyl2","bidentate bisphosphine iPr2P-1,2-phenylene-Pp-Anisyl2; linker=1,2-phenylene; one phosphorus bears two isopropyl groups and the other phosphorus bears two 4-methoxyphenyl groups",False
ophen__iPr__pCF3Ph,"1,2-phenylene",iPr,p-CF3-Ph,"iPr2P-1,2-phenylene-Pp-CF3-Ph2","bidentate bisphosphine iPr2P-1,2-phenylene-Pp-CF3-Ph2; linker=1,2-phenylene; one phosphorus bears two isopropyl groups and the other phosphorus bears two 4-trifluoromethylphenyl groups",False
ophen__Cy__Cy,"1,2-phenylene",Cy,Cy,"Cy2P-1,2-phenylene-PCy2","bidentate bisphosphine Cy2P-1,2-phenylene-PCy2; linker=1,2-phenylene; one phosphorus bears two cyclohexyl groups and the other phosphorus bears two cyclohexyl groups",True
ophen__Cy__Ph,"1,2-phenylene",Cy,Ph,"Cy2P-1,2-phenylene-PPh2","bidentate bisphosphine Cy2P-1,2-phenylene-PPh2; linker=1,2-phenylene; one phosphorus bears two cyclohexyl groups and the other phosphorus bears two phenyl groups",False
ophen__Cy__pTol,"1,2-phenylene",Cy,p-Tol,"Cy2P-1,2-phenylene-Pp-Tol2","bidentate bisphosphine Cy2P-1,2-phenylene-Pp-Tol2; linker=1,2-phenylene; one phosphorus bears two cyclohexyl groups and the other phosphorus bears two 4-methylphenyl groups",False
ophen__Cy__pAnisyl,"1,2-phenylene",Cy,p-Anisyl,"Cy2P-1,2-phenylene-Pp-Anisyl2","bidentate bisphosphine Cy2P-1,2-phenylene-Pp-Anisyl2; linker=1,2-phenylene; one phosphorus bears two cyclohexyl groups and the other phosphorus bears two 4-methoxyphenyl groups",False
ophen__Cy__pCF3Ph,"1,2-phenylene",Cy,p-CF3-Ph,"Cy2P-1,2-phenylene-Pp-CF3-Ph2","bidentate bisphosphine Cy2P-1,2-phenylene-Pp-CF3-Ph2; linker=1,2-phenylene; one phosphorus bears two cyclohexyl groups and the other phosphorus bears two 4-trifluoromethylphenyl groups",False
ophen__Ph__Ph,"1,2-phenylene",Ph,Ph,"Ph2P-1,2-phenylene-PPh2","bidentate bisphosphine Ph2P-1,2-phenylene-PPh2; linker=1,2-phenylene; one phosphorus bears two phenyl groups and the other phosphorus bears two phenyl groups",True
ophen__Ph__pTol,"1,2-phenylene",Ph,p-Tol,"Ph2P-1,2-phenylene-Pp-Tol2","bidentate bisphosphine Ph2P-1,2-phenylene-Pp-Tol2; linker=1,2-phenylene; one phosphorus bears two phenyl groups and the other phosphorus bears two 4-methylphenyl groups",False
ophen__Ph__pAnisyl,"1,2-phenylene",Ph,p-Anisyl,"Ph2P-1,2-phenylene-Pp-Anisyl2","bidentate bisphosphine Ph2P-1,2-phenylene-Pp-Anisyl2; linker=1,2-phenylene; one phosphorus bears two phenyl groups and the other phosphorus bears two 4-methoxyphenyl groups",False
ophen__Ph__pCF3Ph,"1,2-phenylene",Ph,p-CF3-Ph,"Ph2P-1,2-phenylene-Pp-CF3-Ph2","bidentate bisphosphine Ph2P-1,2-phenylene-Pp-CF3-Ph2; linker=1,2-phenylene; one phosphorus bears two phenyl groups and the other phosphorus bears two 4-trifluoromethylphenyl groups",False
ophen__pTol__pTol,"1,2-phenylene",p-Tol,p-Tol,"p-Tol2P-1,2-phenylene-Pp-Tol2","bidentate bisphosphine p-Tol2P-1,2-phenylene-Pp-Tol2; linker=1,2-phenylene; one phosphorus bears two 4-methylphenyl groups and the other phosphorus bears two 4-methylphenyl groups",True
ophen__pTol__pAnisyl,"1,2-phenylene",p-Tol,p-Anisyl,"p-Tol2P-1,2-phenylene-Pp-Anisyl2","bidentate bisphosphine p-Tol2P-1,2-phenylene-Pp-Anisyl2; linker=1,2-phenylene; one phosphorus bears two 4-methylphenyl groups and the other phosphorus bears two 4-methoxyphenyl groups",False
ophen__pTol__pCF3Ph,"1,2-phenylene",p-Tol,p-CF3-Ph,"p-Tol2P-1,2-phenylene-Pp-CF3-Ph2","bidentate bisphosphine p-Tol2P-1,2-phenylene-Pp-CF3-Ph2; linker=1,2-phenylene; one phosphorus bears two 4-methylphenyl groups and the other phosphorus bears two 4-trifluoromethylphenyl groups",False
ophen__pAnisyl__pAnisyl,"1,2-phenylene",p-Anisyl,p-Anisyl,"p-Anisyl2P-1,2-phenylene-Pp-Anisyl2","bidentate bisphosphine p-Anisyl2P-1,2-phenylene-Pp-Anisyl2; linker=1,2-phenylene; one phosphorus bears two 4-methoxyphenyl groups and the other phosphorus bears two 4-methoxyphenyl groups",True
ophen__pAnisyl__pCF3Ph,"1,2-phenylene",p-Anisyl,p-CF3-Ph,"p-Anisyl2P-1,2-phenylene-Pp-CF3-Ph2","bidentate bisphosphine p-Anisyl2P-1,2-phenylene-Pp-CF3-Ph2; linker=1,2-phenylene; one phosphorus bears two 4-methoxyphenyl groups and the other phosphorus bears two 4-trifluoromethylphenyl groups",False
ophen__pCF3Ph__pCF3Ph,"1,2-phenylene",p-CF3-Ph,p-CF3-Ph,"p-CF3-Ph2P-1,2-phenylene-Pp-CF3-Ph2","bidentate bisphosphine p-CF3-Ph2P-1,2-phenylene-Pp-CF3-Ph2; linker=1,2-phenylene; one phosphorus bears two 4-trifluoromethylphenyl groups and the other phosphorus bears two 4-trifluoromethylphenyl groups",True
cchex__Me__Me,"cis-1,2-cyclohexylene",Me,Me,"Me2P-cis-1,2-cyclohexylene-PMe2","bidentate bisphosphine Me2P-cis-1,2-cyclohexylene-PMe2; linker=cis-1,2-cyclohexylene; one phosphorus bears two methyl groups and the other phosphorus bears two methyl groups",True
cchex__Me__Et,"cis-1,2-cyclohexylene",Me,Et,"Me2P-cis-1,2-cyclohexylene-PEt2","bidentate bisphosphine Me2P-cis-1,2-cyclohexylene-PEt2; linker=cis-1,2-cyclohexylene; one phosphorus bears two methyl groups and the other phosphorus bears two ethyl groups",False
cchex__Me__iPr,"cis-1,2-cyclohexylene",Me,iPr,"Me2P-cis-1,2-cyclohexylene-PiPr2","bidentate bisphosphine Me2P-cis-1,2-cyclohexylene-PiPr2; linker=cis-1,2-cyclohexylene; one phosphorus bears two methyl groups and the other phosphorus bears two isopropyl groups",False
cchex__Me__Cy,"cis-1,2-cyclohexylene",Me,Cy,"Me2P-cis-1,2-cyclohexylene-PCy2","bidentate bisphosphine Me2P-cis-1,2-cyclohexylene-PCy2; linker=cis-1,2-cyclohexylene; one phosphorus bears two methyl groups and the other phosphorus bears two cyclohexyl groups",False
cchex__Me__Ph,"cis-1,2-cyclohexylene",Me,Ph,"Me2P-cis-1,2-cyclohexylene-PPh2","bidentate bisphosphine Me2P-cis-1,2-cyclohexylene-PPh2; linker=cis-1,2-cyclohexylene; one phosphorus bears two methyl groups and the other phosphorus bears two phenyl groups",False
cchex__Me__pTol,"cis-1,2-cyclohexylene",Me,p-Tol,"Me2P-cis-1,2-cyclohexylene-Pp-Tol2","bidentate bisphosphine Me2P-cis-1,2-cyclohexylene-Pp-Tol2; linker=cis-1,2-cyclohexylene; one phosphorus bears two methyl groups and the other phosphorus bears two 4-methylphenyl groups",False
cchex__Me__pAnisyl,"cis-1,2-cyclohexylene",Me,p-Anisyl,"Me2P-cis-1,2-cyclohexylene-Pp-Anisyl2","bidentate bisphosphine Me2P-cis-1,2-cyclohexylene-Pp-Anisyl2; linker=cis-1,2-cyclohexylene; one phosphorus bears two methyl groups and the other phosphorus bears two 4-methoxyphenyl groups",False
cchex__Me__pCF3Ph,"cis-1,2-cyclohexylene",Me,p-CF3-Ph,"Me2P-cis-1,2-cyclohexylene-Pp-CF3-Ph2","bidentate bisphosphine Me2P-cis-1,2-cyclohexylene-Pp-CF3-Ph2; linker=cis-1,2-cyclohexylene; one phosphorus bears two methyl groups and the other phosphorus bears two 4-trifluoromethylphenyl groups",False
cchex__Et__Et,"cis-1,2-cyclohexylene",Et,Et,"Et2P-cis-1,2-cyclohexylene-PEt2","bidentate bisphosphine Et2P-cis-1,2-cyclohexylene-PEt2; linker=cis-1,2-cyclohexylene; one phosphorus bears two ethyl groups and the other phosphorus bears two ethyl groups",True
cchex__Et__iPr,"cis-1,2-cyclohexylene",Et,iPr,"Et2P-cis-1,2-cyclohexylene-PiPr2","bidentate bisphosphine Et2P-cis-1,2-cyclohexylene-PiPr2; linker=cis-1,2-cyclohexylene; one phosphorus bears two ethyl groups and the other phosphorus bears two isopropyl groups",False
cchex__Et__Cy,"cis-1,2-cyclohexylene",Et,Cy,"Et2P-cis-1,2-cyclohexylene-PCy2","bidentate bisphosphine Et2P-cis-1,2-cyclohexylene-PCy2; linker=cis-1,2-cyclohexylene; one phosphorus bears two ethyl groups and the other phosphorus bears two cyclohexyl groups",False
cchex__Et__Ph,"cis-1,2-cyclohexylene",Et,Ph,"Et2P-cis-1,2-cyclohexylene-PPh2","bidentate bisphosphine Et2P-cis-1,2-cyclohexylene-PPh2; linker=cis-1,2-cyclohexylene; one phosphorus bears two ethyl groups and the other phosphorus bears two phenyl groups",False
cchex__Et__pTol,"cis-1,2-cyclohexylene",Et,p-Tol,"Et2P-cis-1,2-cyclohexylene-Pp-Tol2","bidentate bisphosphine Et2P-cis-1,2-cyclohexylene-Pp-Tol2; linker=cis-1,2-cyclohexylene; one phosphorus bears two ethyl groups and the other phosphorus bears two 4-methylphenyl groups",False
cchex__Et__pAnisyl,"cis-1,2-cyclohexylene",Et,p-Anisyl,"Et2P-cis-1,2-cyclohexylene-Pp-Anisyl2","bidentate bisphosphine Et2P-cis-1,2-cyclohexylene-Pp-Anisyl2; linker=cis-1,2-cyclohexylene; one phosphorus bears two ethyl groups and the other phosphorus bears two 4-methoxyphenyl groups",False
cchex__Et__pCF3Ph,"cis-1,2-cyclohexylene",Et,p-CF3-Ph,"Et2P-cis-1,2-cyclohexylene-Pp-CF3-Ph2","bidentate bisphosphine Et2P-cis-1,2-cyclohexylene-Pp-CF3-Ph2; linker=cis-1,2-cyclohexylene; one phosphorus bears two ethyl groups and the other phosphorus bears two 4-trifluoromethylphenyl groups",False
cchex__iPr__iPr,"cis-1,2-cyclohexylene",iPr,iPr,"iPr2P-cis-1,2-cyclohexylene-PiPr2","bidentate bisphosphine iPr2P-cis-1,2-cyclohexylene-PiPr2; linker=cis-1,2-cyclohexylene; one phosphorus bears two isopropyl groups and the other phosphorus bears two isopropyl groups",True
cchex__iPr__Cy,"cis-1,2-cyclohexylene",iPr,Cy,"iPr2P-cis-1,2-cyclohexylene-PCy2","bidentate bisphosphine iPr2P-cis-1,2-cyclohexylene-PCy2; linker=cis-1,2-cyclohexylene; one phosphorus bears two isopropyl groups and the other phosphorus bears two cyclohexyl groups",False
cchex__iPr__Ph,"cis-1,2-cyclohexylene",iPr,Ph,"iPr2P-cis-1,2-cyclohexylene-PPh2","bidentate bisphosphine iPr2P-cis-1,2-cyclohexylene-PPh2; linker=cis-1,2-cyclohexylene; one phosphorus bears two isopropyl groups and the other phosphorus bears two phenyl groups",False
cchex__iPr__pTol,"cis-1,2-cyclohexylene",iPr,p-Tol,"iPr2P-cis-1,2-cyclohexylene-Pp-Tol2","bidentate bisphosphine iPr2P-cis-1,2-cyclohexylene-Pp-Tol2; linker=cis-1,2-cyclohexylene; one phosphorus bears two isopropyl groups and the other phosphorus bears two 4-methylphenyl groups",False
cchex__iPr__pAnisyl,"cis-1,2-cyclohexylene",iPr,p-Anisyl,"iPr2P-cis-1,2-cyclohexylene-Pp-Anisyl2","bidentate bisphosphine iPr2P-cis-1,2-cyclohexylene-Pp-Anisyl2; linker=cis-1,2-cyclohexylene; one phosphorus bears two isopropyl groups and the other phosphorus bears two 4-methoxyphenyl groups",False
cchex__iPr__pCF3Ph,"cis-1,2-cyclohexylene",iPr,p-CF3-Ph,"iPr2P-cis-1,2-cyclohexylene-Pp-CF3-Ph2","bidentate bisphosphine iPr2P-cis-1,2-cyclohexylene-Pp-CF3-Ph2; linker=cis-1,2-cyclohexylene; one phosphorus bears two isopropyl groups and the other phosphorus bears two 4-trifluoromethylphenyl groups",False
cchex__Cy__Cy,"cis-1,2-cyclohexylene",Cy,Cy,"Cy2P-cis-1,2-cyclohexylene-PCy2","bidentate bisphosphine Cy2P-cis-1,2-cyclohexylene-PCy2; linker=cis-1,2-cyclohexylene; one phosphorus bears two cyclohexyl groups and the other phosphorus bears two cyclohexyl groups",True
cchex__Cy__Ph,"cis-1,2-cyclohexylene",Cy,Ph,"Cy2P-cis-1,2-cyclohexylene-PPh2","bidentate bisphosphine Cy2P-cis-1,2-cyclohexylene-PPh2; linker=cis-1,2-cyclohexylene; one phosphorus bears two cyclohexyl groups and the other phosphorus bears two phenyl groups",False
cchex__Cy__pTol,"cis-1,2-cyclohexylene",Cy,p-Tol,"Cy2P-cis-1,2-cyclohexylene-Pp-Tol2","bidentate bisphosphine Cy2P-cis-1,2-cyclohexylene-Pp-Tol2; linker=cis-1,2-cyclohexylene; one phosphorus bears two cyclohexyl groups and the other phosphorus bears two 4-methylphenyl groups",False
cchex__Cy__pAnisyl,"cis-1,2-cyclohexylene",Cy,p-Anisyl,"Cy2P-cis-1,2-cyclohexylene-Pp-Anisyl2","bidentate bisphosphine Cy2P-cis-1,2-cyclohexylene-Pp-Anisyl2; linker=cis-1,2-cyclohexylene; one phosphorus bears two cyclohexyl groups and the other phosphorus bears two 4-methoxyphenyl groups",False
cchex__Cy__pCF3Ph,"cis-1,2-cyclohexylene",Cy,p-CF3-Ph,"Cy2P-cis-1,2-cyclohexylene-Pp-CF3-Ph2","bidentate bisphosphine Cy2P-cis-1,2-cyclohexylene-Pp-CF3-Ph2; linker=cis-1,2-cyclohexylene; one phosphorus bears two cyclohexyl groups and the other phosphorus bears two 4-trifluoromethylphenyl groups",False
cchex__Ph__Ph,"cis-1,2-cyclohexylene",Ph,Ph,"Ph2P-cis-1,2-cyclohexylene-PPh2","bidentate bisphosphine Ph2P-cis-1,2-cyclohexylene-PPh2; linker=cis-1,2-cyclohexylene; one phosphorus bears two phenyl groups and the other phosphorus bears two phenyl groups",True
cchex__Ph__pTol,"cis-1,2-cyclohexylene",Ph,p-Tol,"Ph2P-cis-1,2-cyclohexylene-Pp-Tol2","bidentate bisphosphine Ph2P-cis-1,2-cyclohexylene-Pp-Tol2; linker=cis-1,2-cyclohexylene; one phosphorus bears two phenyl groups and the other phosphorus bears two 4-methylphenyl groups",False
cchex__Ph__pAnisyl,"cis-1,2-cyclohexylene",Ph,p-Anisyl,"Ph2P-cis-1,2-cyclohexylene-Pp-Anisyl2","bidentate bisphosphine Ph2P-cis-1,2-cyclohexylene-Pp-Anisyl2; linker=cis-1,2-cyclohexylene; one phosphorus bears two phenyl groups and the other phosphorus bears two 4-methoxyphenyl groups",False
cchex__Ph__pCF3Ph,"cis-1,2-cyclohexylene",Ph,p-CF3-Ph,"Ph2P-cis-1,2-cyclohexylene-Pp-CF3-Ph2","bidentate bisphosphine Ph2P-cis-1,2-cyclohexylene-Pp-CF3-Ph2; linker=cis-1,2-cyclohexylene; one phosphorus bears two phenyl groups and the other phosphorus bears two 4-trifluoromethylphenyl groups",False
cchex__pTol__pTol,"cis-1,2-cyclohexylene",p-Tol,p-Tol,"p-Tol2P-cis-1,2-cyclohexylene-Pp-Tol2","bidentate bisphosphine p-Tol2P-cis-1,2-cyclohexylene-Pp-Tol2; linker=cis-1,2-cyclohexylene; one phosphorus bears two 4-methylphenyl groups and the other phosphorus bears two 4-methylphenyl groups",True
cchex__pTol__pAnisyl,"cis-1,2-cyclohexylene",p-Tol,p-Anisyl,"p-Tol2P-cis-1,2-cyclohexylene-Pp-Anisyl2","bidentate bisphosphine p-Tol2P-cis-1,2-cyclohexylene-Pp-Anisyl2; linker=cis-1,2-cyclohexylene; one phosphorus bears two 4-methylphenyl groups and the other phosphorus bears two 4-methoxyphenyl groups",False
cchex__pTol__pCF3Ph,"cis-1,2-cyclohexylene",p-Tol,p-CF3-Ph,"p-Tol2P-cis-1,2-cyclohexylene-Pp-CF3-Ph2","bidentate bisphosphine p-Tol2P-cis-1,2-cyclohexylene-Pp-CF3-Ph2; linker=cis-1,2-cyclohexylene; one phosphorus bears two 4-methylphenyl groups and the other phosphorus bears two 4-trifluoromethylphenyl groups",False
cchex__pAnisyl__pAnisyl,"cis-1,2-cyclohexylene",p-Anisyl,p-Anisyl,"p-Anisyl2P-cis-1,2-cyclohexylene-Pp-Anisyl2","bidentate bisphosphine p-Anisyl2P-cis-1,2-cyclohexylene-Pp-Anisyl2; linker=cis-1,2-cyclohexylene; one phosphorus bears two 4-methoxyphenyl groups and the other phosphorus bears two 4-methoxyphenyl groups",True
cchex__pAnisyl__pCF3Ph,"cis-1,2-cyclohexylene",p-Anisyl,p-CF3-Ph,"p-Anisyl2P-cis-1,2-cyclohexylene-Pp-CF3-Ph2","bidentate bisphosphine p-Anisyl2P-cis-1,2-cyclohexylene-Pp-CF3-Ph2; linker=cis-1,2-cyclohexylene; one phosphorus bears two 4-methoxyphenyl groups and the other phosphorus bears two 4-trifluoromethylphenyl groups",False
cchex__pCF3Ph__pCF3Ph,"cis-1,2-cyclohexylene",p-CF3-Ph,p-CF3-Ph,"p-CF3-Ph2P-cis-1,2-cyclohexylene-Pp-CF3-Ph2","bidentate bisphosphine p-CF3-Ph2P-cis-1,2-cyclohexylene-Pp-CF3-Ph2; linker=cis-1,2-cyclohexylene; one phosphorus bears two 4-trifluoromethylphenyl groups and the other phosphorus bears two 4-trifluoromethylphenyl groups",True


=== stderr (raw) ===


=== stderr (model-visible) ===
