exit_code=0

=== stdout (raw) ===
--- workflow_summary ---
[
  "Single point energy: -2645.225431 Hartree",
  "[AI Routing]: SinglePointCalculation -> GeometryOptimisation | The user requested a geometry optimization followed by molecular analysis, explicitly excluding frequency, TDDFT, and other advanced calculations. Since only a single point calculation has been performed so far, the next logical step is to optimize the geometry to obtain a relaxed structure for subsequent analysis.",
  "Error in geometry optimization: Nuclear gradients of <pyscf.scf.hf.DFUKS_Scanner object at 0x789032b5af60> not converged",
  "Traceback:\nTraceback (most recent call last):\n  File \"/app/domains/pyscf/graph/pyscf_graph.py\", line 406, in run\n    mf_opt = await asyncio.to_thread(\n             ^^^^^^^^^^^^^^^^^^^^^^^^\n  File \"/opt/python/cpython-3.12.13-linux-x86_64-gnu/lib/python3.12/asyncio/threads.py\", line 25, in to_thread\n    return await loop.run_in_executor(None, func_call)\n           ^^^^^^^^^^^^^^^^^^^^^^^^^^^^^^^^^^^^^^^^^^^\n  File \"/opt/python/cpython-3.12.13-linux-x86_64-gnu/lib/python3.12/concurrent/futures/thread.py\", line 59, in run\n    result = self.fn(*self.args, **self.kwargs)\n             ^^^^^^^^^^^^^^^^^^^^^^^^^^^^^^^^^^\n  File \"/opt/venv/lib/python3.12/site-packages/logfire/_internal/integrations/executors.py\", line 53, in _run_with_context\n    return func()\n           ^^^^^^\n  File \"/app/domains/pyscf/pyscf_utils.py\", line 302, in get_optimized_mol\n    opt_mol = optimize(\n              ^^^^^^^^^\n  File \"/opt/venv/lib/python3.12/site-packages/pyscf/geomopt/geometric_solver.py\", line 191, in optimize\n    return kernel(method, assert_convergence=assert_convergence, include_ghost=include_ghost,\n           ^^^^^^^^^^^^^^^^^^^^^^^^^^^^^^^^^^^^^^^^^^^^^^^^^^^^^^^^^^^^^^^^^^^^^^^^^^^^^^^^^^\n  File \"/opt/venv/lib/python3.12/site-packages/pyscf/geomopt/geometric_solver.py\", line 162, in kernel\n    geometric.optimize.run_optimizer(customengine=engine, input=tmpf,\n  File \"/opt/venv/lib/python3.12/site-packages/geometric/optimize.py\", line 1300, in run_optimizer\n    progress = Optimize(coords, M, IC, engine, dirname, params)\n               ^^^^^^^^^^^^^^^^^^^^^^^^^^^^^^^^^^^^^^^^^^^^^^^^\n  File \"/opt/venv/lib/python3.12/site-packages/geometric/optimize.py\", line 1116, in Optimize\n    return optimizer.optimizeGeometry()\n           ^^^^^^^^^^^^^^^^^^^^^^^^^^^^\n  File \"/opt/venv/lib/python3.12/site-packages/geometric/optimize.py\", line 1029, in optimizeGeometry\n    self.calcEnergyForce()\n  File \"/opt/venv/lib/python3.12/site-packages/geometric/optimize.py\", line 311, in calcEnergyForce\n    spcalc = self.engine.calc(self.X, self.dirname, read_data=(self.Iteration==0))\n             ^^^^^^^^^^^^^^^^^^^^^^^^^^^^^^^^^^^^^^^^^^^^^^^^^^^^^^^^^^^^^^^^^^^^^\n  File \"/opt/venv/lib/python3.12/site-packages/geometric/engine.py\", line 255, in calc\n    result = self.calc_new(coords, dirname)\n             ^^^^^^^^^^^^^^^^^^^^^^^^^^^^^^\n  File \"/opt/venv/lib/python3.12/sit
--- analysis_results ---
null
--- pyscf_output ---
{
  "rdfs_comment": [],
  "rdfs_label": [],
  "instance_iri": "https://elagente.ca/ontopyscf/PyscfOutput_4ee74cd9-918d-4099-8b75-89e9085fd051",
  "energy": -2645.225430883676,
  "chkfile": "/app/domains/pyscf/chkfiles/963a9502-622d-4ea8-82bb-e9b1fe7ec6a9.chk"
}
--- final_molecule ---
{
  "rdfs_comment": [],
  "rdfs_label": [],
  "instance_iri": "https://elagente.ca/grafico/ConceptualAtoms_e734b1a7-82e3-424f-ae71-37cd43439b12",
  "xyz": {
    "rdfs_comment": [],
    "rdfs_label": [],
    "instance_iri": "https://elagente.ca/grafico/XYZ_c779a44a-d2db-49b7-81e1-abd37a585f68",
    "atomic_numbers": [
      27,
      15,
      15,
      8,
      8,
      6,
      6,
      6,
      6,
      6,
      1,
      1,
      1,
      1,
      1,
      1,
      1,
      6,
      6,
      1,
      1,
      1,
      1,
      6,
      6,
      6,
      6,
      1,
      1,
      1,
      1,
      1,
      1,
      1,
      1,
      1,
      1,
      1,
      1
    ],
    "positions": [
      [
        0.0,
        0.0,
        0.0
      ],
      [
        2.140000104904175,
        0.0,
        0.0
      ],
      [
        0.0,
        2.1500000953674316,
        0.0
      ],
      [
        -1.850000023841858,
        0.0,
        0.05000000074505806
      ],
      [
        0.0,
        -1.850000023841858,
        -0.05000000074505806
      ],
      [
        -2.799999952316284,
        -0.8500000238418579,
        0.05000000074505806
      ],
      [
        -2.0,
        -2.0,
        0.0
      ],
      [
        -0.8500000238418579,
        -2.799999952316284,
        -0.05000000074505806
      ],
      [
        -4.25,
        -0.6499999761581421,
        0.10000000149011612
      ],
      [
        -0.6499999761581421,
        -4.25,
        -0.10000000149011612
      ],
      [
        -2.25,
        -2.25,
        1.0499999523162842
      ],
      [
        -4.650000095367432,
        -1.2000000476837158,
        0.949999988079071
      ],
      [
        -4.550000190734863,
        0.4000000059604645,
        0.20000000298023224
      ],
      [
        -4.75,
        -1.0499999523162842,
        -0.800000011920929
      ],
      [
        -1.2000000476837158,
        -4.650000095367432,
        -0.949999988079071
      ],
      [
        0.4000000059604645,
        -4.550000190734863,
        -0.20000000298023224
      ],
      [
        -1.0499999523162842,
        -4.75,
        0.800000011920929
      ],
      [
        2.049999952316284,
        1.5499999523162842,
        0.949999988079071
      ],
      [
        1.7999999523162842,
        2.25,
        -0.3499999940395355
      ],
      [
        2.950000047683716,
        2.0999999046325684,
        1.25
      ],
      [
        1.2000000476837158,
        1.4800000190734863,
        1.649999976158142
      ],
      [
        2.3499999046325684,
        3.1500000953674316,
        -0.05000000074505806
      ],
      [
        1.850000023841858,
        2.1500000953674316,
        -1.4500000476837158
      ],
      [
        3.6500000953674316,
        -0.800000011920929,
        0.75
      ],
      [
        2.950000047683716,
        -1.100000023841858,
        -1.25
      ],
      [
        -0.800000011920929,
        3.6500000953674316,
        0.75
      ],
      [
    


=== stderr (raw) ===


=== stderr (model-visible) ===
