exit_code=0

=== stdout (raw) ===
file estructural_failed_candidate_prop__Me__Me.xyz
n_atoms 42 n_pairs 861 csv estructural_failed_candidate_prop__Me__Me_interatomic_distances.csv
comment Properties=species:S:1:pos:R:3 Co(acac)(Me2P-propylene-PMe2)+;=T initial=T tetrahedral/distorted=T square-planar=T Co(II)=T high-spin=T geometry=T pbc="F F F" explicit_bonds=b0_3_1,b0_4_1,b3_5_1,b4_7_1,b5_6_1,b5_8_1,b6_7_2,b6_10_1,b7_9_1,b8_11_1,b8_12_1,b8_13_1,b9_14_1,b9_15_1,b9_16_1,b17_18_1,b17_20_1,b17_21_1,b18_22_1,b18_23_1,b19_24_1,b25_34_1,b26_27_1,b26_28_1,b26_29_1,b30_31_1,b30_32_1,b30_33_1,b34_35_1,b34_37_1,b38_39_1,b38_40_1,b38_41_1

Co distances sorted:
Co- 04O    1.8807
Co- 05O    1.8807
Co- 02P    2.1600
Co- 03P    2.1806
Co- 22H    2.3154
Co- 40H    2.4745
Co- 18C    2.7406
Co- 24H    2.7993
Co- 07C    2.8284
Co- 06C    2.8788
Co- 08C    2.8788
Co- 33H    3.1075
Co- 19C    3.1903
Co- 11H    3.3507
Co- 31C    3.3630
Co- 39C    3.3797
Co- 20C    3.6276
Co- 35C    3.8003
Co- 21H    3.8108
Co- 27C    3.8144
Co- 36H    3.8777
Co- 41H    3.9011
Co- 32H    3.9097
Co- 29H    3.9421
Co- 26H    4.1646
Co- 23H    4.2200
Co- 42H    4.2232
Co- 34H    4.2297
Co- 09C    4.2512
Co- 10C    4.2512
Co- 28H    4.2887
Co- 38H    4.3281
Co- 25H    4.5000
Co- 13H    4.5247
Co- 16H    4.5247
Co- 37H    4.5611
Co- 30H    4.5684
Co- 14H    4.8755
Co- 17H    4.8755
Co- 12H    4.8859
Co- 15H    4.8859

Shortest 40 all-atom distances:
26H-37H 0.4751
26H-35C 0.6434
09C-12H 1.0700
10C-15H 1.0700
20C-26H 1.0956
35C-36H 1.0970
39C-41H 1.0977
19C-23H 1.0979
35C-38H 1.0988
31C-34H 1.0994
39C-42H 1.0995
18C-22H 1.0995
27C-28H 1.0997
19C-24H 1.1007
20C-25H 1.1014
18C-21H 1.1015
39C-40H 1.1017
31C-33H 1.1021
09C-13H 1.1023
10C-16H 1.1023
27C-30H 1.1030
31C-32H 1.1043
35C-37H 1.1070
07C-11H 1.1079
09C-14H 1.1082
10C-17H 1.1082
27C-29H 1.1108
20C-37H 1.2102
04O-06C 1.2163
05O-08C 1.2163
06C-07C 1.3739
07C-08C 1.3739
20C-35C 1.3984
26H-36H 1.4448
06C-09C 1.4646
08C-10C 1.4646
26H-38H 1.4905
18C-19C 1.4962
19C-20C 1.5186
03P-20C 1.5931

Very short non-XH contacts (<1.15 A excluding X-H normal bonds not filtered):
26H-37H 0.4751
26H-35C 0.6434
09C-12H 1.0700
10C-15H 1.0700
20C-26H 1.0956
35C-36H 1.0970
39C-41H 1.0977
19C-23H 1.0979
35C-38H 1.0988
31C-34H 1.0994
39C-42H 1.0995
18C-22H 1.0995
27C-28H 1.0997
19C-24H 1.1007
20C-25H 1.1014
18C-21H 1.1015
39C-40H 1.1017
31C-33H 1.1021
09C-13H 1.1023
10C-16H 1.1023
27C-30H 1.1030
31C-32H 1.1043
35C-37H 1.1070
07C-11H 1.1079
09C-14H 1.1082
10C-17H 1.1082
27C-29H 1.1108

Heavy-heavy distances <1.8 A:
04O-06C 1.2163
05O-08C 1.2163
06C-07C 1.3739
07C-08C 1.3739
20C-35C 1.3984
06C-09C 1.4646
08C-10C 1.4646
18C-19C 1.4962
19C-20C 1.5186
03P-20C 1.5931


=== stderr (raw) ===


=== stderr (model-visible) ===
