exit_code=0

=== stdout (raw) ===
--- hood_co_bisphosphine_artifacts/cchex__Cy__pTol/evaluation.json
candidate_id None
phase None
feasible False
failure_reason None
errors None
validity {'scf_converged': False, 'optimization_success': False, 'error': '[Errno -3] Temporary failure in name resolution'}
calculation None
--- hood_co_bisphosphine_artifacts/eth__Me__Me/evaluation.json
candidate_id None
phase None
feasible False
failure_reason None
errors None
validity {'scf_converged': False, 'optimization_success': False, 'error': '[Errno -3] Temporary failure in name resolution'}
calculation None
--- hood_co_bisphosphine_artifacts/eth__pCF3Ph__pCF3Ph/evaluation.json
candidate_id None
phase None
feasible False
failure_reason None
errors None
validity {'scf_converged': False, 'optimization_success': False, 'error': '[Errno -3] Temporary failure in name resolution'}
calculation None
--- hood_co_bisphosphine_artifacts/ophen__pAnisyl__pCF3Ph/evaluation.json
candidate_id None
phase None
feasible False
failure_reason None
errors None
validity {'scf_converged': False, 'optimization_success': False, 'error': '[Errno -3] Temporary failure in name resolution'}
calculation None
--- hood_co_bisphosphine_artifacts/prop__iPr__Ph/evaluation.json
candidate_id None
phase None
feasible False
failure_reason None
errors None
validity {'scf_converged': False, 'optimization_success': False, 'error': '[Errno -3] Temporary failure in name resolution'}
calculation None


=== stderr (raw) ===


=== stderr (model-visible) ===
