exit_code=0

=== stdout (raw) ===
01 Co       0.00000000       0.00000000       0.00000000
02 P        2.15943209       0.00000000       0.04952826
03 P        0.00000000       2.18000000      -0.05000000
04 O       -1.88000000       0.00000000       0.05000000
05 O        0.00000000      -1.88000000      -0.05000000
06 C       -2.75000000      -0.85000000       0.05000000
07 C       -2.00000000      -2.00000000       0.00000000
08 C       -0.85000000      -2.75000000      -0.05000000
09 C       -4.20000000      -0.65000000       0.10000000
10 C       -0.65000000      -4.20000000      -0.10000000
11 H       -2.25000000      -2.25000000       1.05000000
12 H       -4.65000000      -1.20000000       0.90000000
13 H       -4.50000000       0.40000000       0.25000000
14 H       -4.70000000      -1.00000000      -0.82500000
15 H       -1.20000000      -4.65000000      -0.90000000
16 H        0.40000000      -4.50000000      -0.25000000
17 H       -1.00000000      -4.70000000       0.82500000
18 C        2.05000000       1.71000000       0.62000000
19 C        1.19000000       2.54000000       1.52000000
20 C        0.54000000       3.54000000       0.58000000
21 H        3.02000000       2.13000000       0.93000000
22 H        1.60000000       1.63000000      -0.38000000
23 H        1.83000000       3.08000000       2.23000000
24 H        0.39000000       1.94000000       1.98000000
25 H        1.29000000       4.30000000       0.31000000
26 H       -0.35000000       4.03000000       0.99000000
27 C        3.62000000      -0.85000000       0.85000000
28 H        3.85000000      -0.43000000       1.84000000
29 H        3.30000000      -1.90000000       1.02000000
30 H        4.48000000      -0.88000000       0.16000000
31 C        2.90000000      -1.10000000      -1.30000000
32 H        3.02000000      -2.19000000      -1.17000000
33 H        2.14000000      -0.89000000      -2.07000000
34 H        3.84000000      -0.65000000      -1.65000000
35 C       -0.82000000       3.60000000       0.90000000
36 H       -1.14000000       3.20000000       1.87000000
37 H       -0.11000000       4.43000000       1.08000000
38 H       -1.69000000       3.97000000       0.34000000
39 C       -1.15000000       2.90000000      -1.30000000
40 H       -1.16000000       1.80000000      -1.24000000
41 H       -0.52000000       3.22000000      -2.14000000
42 H       -2.15000000       3.32000000      -1.48000000


=== stderr (raw) ===


=== stderr (model-visible) ===
