exit_code=0

=== stdout (raw) ===
[EVENT] candidate library constructed before calculations: total=144; per_linker={'ethylene': 36, 'propylene': 36, '1,2-phenylene': 36, 'cis-1,2-cyclohexylene': 36}; symmetric=32; unsymmetric=112; duplicate_ids=0; duplicate_R1_R2_permutations_remaining=0; report=hood_co_bisphosphine_artifacts/candidate_library.json
[EVENT] created campaign 0030e8d9-f737-49e8-a7dd-0bc3c89c146e
[EVENT] warm-start preset enabled: exactly 4 candidates=['eth__Me__Me', 'prop__iPr__Ph', 'ophen__pAnisyl__pCF3Ph', 'cchex__Cy__pTol']; default_bo_iterations=10
[EVENT] evaluating warm_start candidate eth__Me__Me (Me2P-ethylene-PMe2)
[RESULT] phase=warm_start candidate=eth__Me__Me feasible=False objectives={"chelate_geometry": -100.0, "coordination_stability": -100.0, "electronic_activation": -100.0, "steric_crowding": 100.0}
[EVENT] evaluating warm_start candidate prop__iPr__Ph (iPr2P-propylene-PPh2)
[RESULT] phase=warm_start candidate=prop__iPr__Ph feasible=False objectives={"chelate_geometry": -100.0, "coordination_stability": -100.0, "electronic_activation": -100.0, "steric_crowding": 100.0}
[EVENT] evaluating warm_start candidate ophen__pAnisyl__pCF3Ph (p-Anisyl2P-1,2-phenylene-Pp-CF3-Ph2)
[RESULT] phase=warm_start candidate=ophen__pAnisyl__pCF3Ph feasible=False objectives={"chelate_geometry": -100.0, "coordination_stability": -100.0, "electronic_activation": -100.0, "steric_crowding": 100.0}
[EVENT] evaluating warm_start candidate cchex__Cy__pTol (Cy2P-cis-1,2-cyclohexylene-Pp-Tol2)
[RESULT] phase=warm_start candidate=cchex__Cy__pTol feasible=False objectives={"chelate_geometry": -100.0, "coordination_stability": -100.0, "electronic_activation": -100.0, "steric_crowding": 100.0}
[EVENT] warm-start phase complete: completed_or_existing=4/4; BO-selected target this invocation=10
[EVENT] evaluating bo candidate eth__pCF3Ph__pCF3Ph (p-CF3-Ph2P-ethylene-Pp-CF3-Ph2)
[RESULT] phase=bo candidate=eth__pCF3Ph__pCF3Ph feasible=False objectives={"chelate_geometry": -100.0, "coordination_stability": -100.0, "electronic_activation": -100.0, "steric_crowding": 100.0}
---
    PID     ELAPSED STAT CMD
    608       01:15 Sl   /opt/venv/bin/python3 -u run_hood_co_bisphosphine_bo.py --hood-warm-start-bo10 --run-calculations


=== stderr (raw) ===


=== stderr (model-visible) ===
