exit_code=0

=== stdout (raw) ===
144
| 1 | eth__Me__Me | ethylene | Me | Me | Me2P-ethylene-PMe2 | yes |
| 2 | eth__Me__Et | ethylene | Me | Et | Me2P-ethylene-PEt2 | no |
| 3 | eth__Me__iPr | ethylene | Me | iPr | Me2P-ethylene-PiPr2 | no |
| 4 | eth__Me__Cy | ethylene | Me | Cy | Me2P-ethylene-PCy2 | no |
| 5 | eth__Me__Ph | ethylene | Me | Ph | Me2P-ethylene-PPh2 | no |
| 6 | eth__Me__pTol | ethylene | Me | p-Tol | Me2P-ethylene-Pp-Tol2 | no |
| 7 | eth__Me__pAnisyl | ethylene | Me | p-Anisyl | Me2P-ethylene-Pp-Anisyl2 | no |
| 8 | eth__Me__pCF3Ph | ethylene | Me | p-CF3-Ph | Me2P-ethylene-Pp-CF3-Ph2 | no |
| 9 | eth__Et__Et | ethylene | Et | Et | Et2P-ethylene-PEt2 | yes |
| 10 | eth__Et__iPr | ethylene | Et | iPr | Et2P-ethylene-PiPr2 | no |
| 11 | eth__Et__Cy | ethylene | Et | Cy | Et2P-ethylene-PCy2 | no |
| 12 | eth__Et__Ph | ethylene | Et | Ph | Et2P-ethylene-PPh2 | no |
| 13 | eth__Et__pTol | ethylene | Et | p-Tol | Et2P-ethylene-Pp-Tol2 | no |
| 14 | eth__Et__pAnisyl | ethylene | Et | p-Anisyl | Et2P-ethylene-Pp-Anisyl2 | no |
| 15 | eth__Et__pCF3Ph | ethylene | Et | p-CF3-Ph | Et2P-ethylene-Pp-CF3-Ph2 | no |
| 16 | eth__iPr__iPr | ethylene | iPr | iPr | iPr2P-ethylene-PiPr2 | yes |
| 17 | eth__iPr__Cy | ethylene | iPr | Cy | iPr2P-ethylene-PCy2 | no |
| 18 | eth__iPr__Ph | ethylene | iPr | Ph | iPr2P-ethylene-PPh2 | no |
| 19 | eth__iPr__pTol | ethylene | iPr | p-Tol | iPr2P-ethylene-Pp-Tol2 | no |
| 20 | eth__iPr__pAnisyl | ethylene | iPr | p-Anisyl | iPr2P-ethylene-Pp-Anisyl2 | no |
| 21 | eth__iPr__pCF3Ph | ethylene | iPr | p-CF3-Ph | iPr2P-ethylene-Pp-CF3-Ph2 | no |
| 22 | eth__Cy__Cy | ethylene | Cy | Cy | Cy2P-ethylene-PCy2 | yes |
| 23 | eth__Cy__Ph | ethylene | Cy | Ph | Cy2P-ethylene-PPh2 | no |
| 24 | eth__Cy__pTol | ethylene | Cy | p-Tol | Cy2P-ethylene-Pp-Tol2 | no |
| 25 | eth__Cy__pAnisyl | ethylene | Cy | p-Anisyl | Cy2P-ethylene-Pp-Anisyl2 | no |
| 26 | eth__Cy__pCF3Ph | ethylene | Cy | p-CF3-Ph | Cy2P-ethylene-Pp-CF3-Ph2 | no |
| 27 | eth__Ph__Ph | ethylene | Ph | Ph | Ph2P-ethylene-PPh2 | yes |
| 28 | eth__Ph__pTol | ethylene | Ph | p-Tol | Ph2P-ethylene-Pp-Tol2 | no |
| 29 | eth__Ph__pAnisyl | ethylene | Ph | p-Anisyl | Ph2P-ethylene-Pp-Anisyl2 | no |
| 30 | eth__Ph__pCF3Ph | ethylene | Ph | p-CF3-Ph | Ph2P-ethylene-Pp-CF3-Ph2 | no |
| 31 | eth__pTol__pTol | ethylene | p-Tol | p-Tol | p-Tol2P-ethylene-Pp-Tol2 | yes |
| 32 | eth__pTol__pAnisyl | ethylene | p-Tol | p-Anisyl | p-Tol2P-ethylene-Pp-Anisyl2 | no |
| 33 | eth__pTol__pCF3Ph | ethylene | p-Tol | p-CF3-Ph | p-Tol2P-ethylene-Pp-CF3-Ph2 | no |
| 34 | eth__pAnisyl__pAnisyl | ethylene | p-Anisyl | p-Anisyl | p-Anisyl2P-ethylene-Pp-Anisyl2 | yes |
| 35 | eth__pAnisyl__pCF3Ph | ethylene | p-Anisyl | p-CF3-Ph | p-Anisyl2P-ethylene-Pp-CF3-Ph2 | no |
| 36 | eth__pCF3Ph__pCF3Ph | ethylene | p-CF3-Ph | p-CF3-Ph | p-CF3-Ph2P-ethylene-Pp-CF3-Ph2 | yes |
| 37 | prop__Me__Me | propylene | Me | Me | Me2P-propylene-PMe2 | yes |
| 38 | prop__Me__Et | propylene | Me | Et | Me2P-propylene-PEt2 | no |
| 39 | prop__Me__iPr | propylene | Me | iPr | Me2P-propylene-PiPr2 | no |
| 40 | prop__Me__Cy | propylene | Me | Cy | Me2P-propylene-PCy2 | no |
| 41 | prop__Me__Ph | propylene | Me | Ph | Me2P-propylene-PPh2 | no |
| 42 | prop__Me__pTol | propylene | Me | p-Tol | Me2P-propylene-Pp-Tol2 | no |
| 43 | prop__Me__pAnisyl | propylene | Me | p-Anisyl | Me2P-propylene-Pp-Anisyl2 | no |
| 44 | prop__Me__pCF3Ph | propylene | Me | p-CF3-Ph | Me2P-propylene-Pp-CF3-Ph2 | no |
| 45 | prop__Et__Et | propylene | Et | Et | Et2P-propylene-PEt2 | yes |
| 46 | prop__Et__iPr | propylene | Et | iPr | Et2P-propylene-PiPr2 | no |
| 47 | prop__Et__Cy | propylene | Et | Cy | Et2P-propylene-PCy2 | no |
| 48 | prop__Et__Ph | propylene | Et | Ph | Et2P-propylene-PPh2 | no |
| 49 | prop__Et__pTol | propylene | Et | p-Tol | Et2P-propylene-Pp-Tol2 | no |
| 50 | prop__Et__pAnisyl | propylene | Et | p-Anisyl | Et2P-propylene-Pp-Anisyl2 | no |
| 51 | prop__Et__pCF3Ph | propylene | Et | p-CF3-Ph | Et2P-propylene-Pp-CF3-Ph2 | no |
| 52 | prop__iPr__iPr | propylene | iPr | iPr | iPr2P-propylene-PiPr2 | yes |
| 53 | prop__iPr__Cy | propylene | iPr | Cy | iPr2P-propylene-PCy2 | no |
| 54 | prop__iPr__Ph | propylene | iPr | Ph | iPr2P-propylene-PPh2 | no |
| 55 | prop__iPr__pTol | propylene | iPr | p-Tol | iPr2P-propylene-Pp-Tol2 | no |
| 56 | prop__iPr__pAnisyl | propylene | iPr | p-Anisyl | iPr2P-propylene-Pp-Anisyl2 | no |
| 57 | prop__iPr__pCF3Ph | propylene | iPr | p-CF3-Ph | iPr2P-propylene-Pp-CF3-Ph2 | no |
| 58 | prop__Cy__Cy | propylene | Cy | Cy | Cy2P-propylene-PCy2 | yes |
| 59 | prop__Cy__Ph | propylene | Cy | Ph | Cy2P-propylene-PPh2 | no |
| 60 | prop__Cy__pTol | propylene | Cy | p-Tol | Cy2P-propylene-Pp-Tol2 | no |
| 61 | prop__Cy__pAnisyl | propylene | Cy | p-Anisyl | Cy2P-propylene-Pp-Anisyl2 | no |
| 62 | prop__Cy__pCF3Ph | propylene | Cy | p-CF3-Ph | Cy2P-propylene-Pp-CF3-Ph2 | no |
| 63 | prop__Ph__Ph | propylene | Ph | Ph | Ph2P-propylene-PPh2 | yes |
| 64 | prop__Ph__pTol | propylene | Ph | p-Tol | Ph2P-propylene-Pp-Tol2 | no |
| 65 | prop__Ph__pAnisyl | propylene | Ph | p-Anisyl | Ph2P-propylene-Pp-Anisyl2 | no |
| 66 | prop__Ph__pCF3Ph | propylene | Ph | p-CF3-Ph | Ph2P-propylene-Pp-CF3-Ph2 | no |
| 67 | prop__pTol__pTol | propylene | p-Tol | p-Tol | p-Tol2P-propylene-Pp-Tol2 | yes |
| 68 | prop__pTol__pAnisyl | propylene | p-Tol | p-Anisyl | p-Tol2P-propylene-Pp-Anisyl2 | no |
| 69 | prop__pTol__pCF3Ph | propylene | p-Tol | p-CF3-Ph | p-Tol2P-propylene-Pp-CF3-Ph2 | no |
| 70 | prop__pAnisyl__pAnisyl | propylene | p-Anisyl | p-Anisyl | p-Anisyl2P-propylene-Pp-Anisyl2 | yes |
| 71 | prop__pAnisyl__pCF3Ph | propylene | p-Anisyl | p-CF3-Ph | p-Anisyl2P-propylene-Pp-CF3-Ph2 | no |
| 72 | prop__pCF3Ph__pCF3Ph | propylene | p-CF3-Ph | p-CF3-Ph | p-CF3-Ph2P-propylene-Pp-CF3-Ph2 | yes |
| 73 | ophen__Me__Me | 1,2-phenylene | Me | Me | Me2P-1,2-phenylene-PMe2 | yes |
| 74 | ophen__Me__Et | 1,2-phenylene | Me | Et | Me2P-1,2-phenylene-PEt2 | no |
| 75 | ophen__Me__iPr | 1,2-phenylene | Me | iPr | Me2P-1,2-phenylene-PiPr2 | no |
| 76 | ophen__Me__Cy | 1,2-phenylene | Me | Cy | Me2P-1,2-phenylene-PCy2 | no |
| 77 | ophen__Me__Ph | 1,2-phenylene | Me | Ph | Me2P-1,2-phenylene-PPh2 | no |
| 78 | ophen__Me__pTol | 1,2-phenylene | Me | p-Tol | Me2P-1,2-phenylene-Pp-Tol2 | no |
| 79 | ophen__Me__pAnisyl | 1,2-phenylene | Me | p-Anisyl | Me2P-1,2-phenylene-Pp-Anisyl2 | no |
| 80 | ophen__Me__pCF3Ph | 1,2-phenylene | Me | p-CF3-Ph | Me2P-1,2-phenylene-Pp-CF3-Ph2 | no |
| 81 | ophen__Et__Et | 1,2-phenylene | Et | Et | Et2P-1,2-phenylene-PEt2 | yes |
| 82 | ophen__Et__iPr | 1,2-phenylene | Et | iPr | Et2P-1,2-phenylene-PiPr2 | no |
| 83 | ophen__Et__Cy | 1,2-phenylene | Et | Cy | Et2P-1,2-phenylene-PCy2 | no |
| 84 | ophen__Et__Ph | 1,2-phenylene | Et | Ph | Et2P-1,2-phenylene-PPh2 | no |
| 85 | ophen__Et__pTol | 1,2-phenylene | Et | p-Tol | Et2P-1,2-phenylene-Pp-Tol2 | no |
| 86 | ophen__Et__pAnisyl | 1,2-phenylene | Et | p-Anisyl | Et2P-1,2-phenylene-Pp-Anisyl2 | no |
| 87 | ophen__Et__pCF3Ph | 1,2-phenylene | Et | p-CF3-Ph | Et2P-1,2-phenylene-Pp-CF3-Ph2 | no |
| 88 | ophen__iPr__iPr | 1,2-phenylene | iPr | iPr | iPr2P-1,2-phenylene-PiPr2 | yes |
| 89 | ophen__iPr__Cy | 1,2-phenylene | iPr | Cy | iPr2P-1,2-phenylene-PCy2 | no |
| 90 | ophen__iPr__Ph | 1,2-phenylene | iPr | Ph | iPr2P-1,2-phenylene-PPh2 | no |
| 91 | ophen__iPr__pTol | 1,2-phenylene | iPr | p-Tol | iPr2P-1,2-phenylene-Pp-Tol2 | no |
| 92 | ophen__iPr__pAnisyl | 1,2-phenylene | iPr | p-Anisyl | iPr2P-1,2-phenylene-Pp-Anisyl2 | no |
| 93 | ophen__iPr__pCF3Ph | 1,2-phenylene | iPr | p-CF3-Ph | iPr2P-1,2-phenylene-Pp-CF3-Ph2 | no |
| 94 | ophen__Cy__Cy | 1,2-phenylene | Cy | Cy | Cy2P-1,2-phenylene-PCy2 | yes |
| 95 | ophen__Cy__Ph | 1,2-phenylene | Cy | Ph | Cy2P-1,2-phenylene-PPh2 | no |
| 96 | ophen__Cy__pTol | 1,2-phenylene | Cy | p-Tol | Cy2P-1,2-phenylene-Pp-Tol2 | no |
| 97 | ophen__Cy__pAnisyl | 1,2-phenylene | Cy | p-Anisyl | Cy2P-1,2-phenylene-Pp-Anisyl2 | no |
| 98 | ophen__Cy__pCF3Ph | 1,2-phenylene | Cy | p-CF3-Ph | Cy2P-1,2-phenylene-Pp-CF3-Ph2 | no |
| 99 | ophen__Ph__Ph | 1,2-phenylene | Ph | Ph | Ph2P-1,2-phenylene-PPh2 | yes |
| 100 | ophen__Ph__pTol | 1,2-phenylene | Ph | p-Tol | Ph2P-1,2-phenylene-Pp-Tol2 | no |
| 101 | ophen__Ph__pAnisyl | 1,2-phenylene | Ph | p-Anisyl | Ph2P-1,2-phenylene-Pp-Anisyl2 | no |
| 102 | ophen__Ph__pCF3Ph | 1,2-phenylene | Ph | p-CF3-Ph | Ph2P-1,2-phenylene-Pp-CF3-Ph2 | no |
| 103 | ophen__pTol__pTol | 1,2-phenylene | p-Tol | p-Tol | p-Tol2P-1,2-phenylene-Pp-Tol2 | yes |
| 104 | ophen__pTol__pAnisyl | 1,2-phenylene | p-Tol | p-Anisyl | p-Tol2P-1,2-phenylene-Pp-Anisyl2 | no |
| 105 | ophen__pTol__pCF3Ph | 1,2-phenylene | p-Tol | p-CF3-Ph | p-Tol2P-1,2-phenylene-Pp-CF3-Ph2 | no |
| 106 | ophen__pAnisyl__pAnisyl | 1,2-phenylene | p-Anisyl | p-Anisyl | p-Anisyl2P-1,2-phenylene-Pp-Anisyl2 | yes |
| 107 | ophen__pAnisyl__pCF3Ph | 1,2-phenylene | p-Anisyl | p-CF3-Ph | p-Anisyl2P-1,2-phenylene-Pp-CF3-Ph2 | no |
| 108 | ophen__pCF3Ph__pCF3Ph | 1,2-phenylene | p-CF3-Ph | p-CF3-Ph | p-CF3-Ph2P-1,2-phenylene-Pp-CF3-Ph2 | yes |
| 109 | cchex__Me__Me | cis-1,2-cyclohexylene | Me | Me | Me2P-cis-1,2-cyclohexylene-PMe2 | yes |
| 110 | cchex__Me__Et | cis-1,2-cyclohexylene | Me | Et | Me2P-cis-1,2-cyclohexylene-PEt2 | no |
| 111 | cchex__Me__iPr | cis-1,2-cyclohexylene | Me | iPr | Me2P-cis-1,2-cyclohexylene-PiPr2 | no |
| 112 | cchex__Me__Cy | cis-1,2-cyclohexylene | Me | Cy | Me2P-cis-1,2-cyclohexylene-PCy2 | no |
| 113 | cchex__Me__Ph | cis-1,2-cyclohexylene | Me | Ph | Me2P-cis-1,2-cyclohexylene-PPh2 | no |
| 114 | cchex__Me__pTol | cis-1,2-cyclohexylene | Me | p-Tol | Me2P-cis-1,2-cyclohexylene-Pp-Tol2 | no |
| 115 | cchex__Me__pAnisyl | cis-1,2-cyclohexylene | Me | p-Anisyl | Me2P-cis-1,2-cyclohexylene-Pp-Anisyl2 | no |
| 116 | cchex__Me__pCF3Ph | cis-1,2-cyclohexylene | Me | p-CF3-Ph | Me2P-cis-1,2-cyclohexylene-Pp-CF3-Ph2 | no |
| 117 | cchex__Et__Et | cis-1,2-cyclohexylene | Et | Et | Et2P-cis-1,2-cyclohexylene-PEt2 | yes |
| 118 | cchex__Et__iPr | cis-1,2-cyclohexylene | Et | iPr | Et2P-cis-1,2-cyclohexylene-PiPr2 | no |
| 119 | cchex__Et__Cy | cis-1,2-cyclohexylene | Et | Cy | Et2P-cis-1,2-cyclohexylene-PCy2 | no |
| 120 | cchex__Et__Ph | cis-1,2-cyclohexylene | Et | Ph | Et2P-cis-1,2-cyclohexylene-PPh2 | no |
| 121 | cchex__Et__pTol | cis-1,2-cyclohexylene | Et | p-Tol | Et2P-cis-1,2-cyclohexylene-Pp-Tol2 | no |
| 122 | cchex__Et__pAnisyl | cis-1,2-cyclohexylene | Et | p-Anisyl | Et2P-cis-1,2-cyclohexylene-Pp-Anisyl2 | no |
| 123 | cchex__Et__pCF3Ph | cis-1,2-cyclohexylene | Et | p-CF3-Ph | Et2P-cis-1,2-cyclohexylene-Pp-CF3-Ph2 | no |
| 124 | cchex__iPr__iPr | cis-1,2-cyclohexylene | iPr | iPr | iPr2P-cis-1,2-cyclohexylene-PiPr2 | yes |
| 125 | cchex__iPr__Cy | cis-1,2-cyclohexylene | iPr | Cy | iPr2P-cis-1,2-cyclohexylene-PCy2 | no |
| 126 | cchex__iPr__Ph | cis-1,2-cyclohexylene | iPr | Ph | iPr2P-cis-1,2-cyclohexylene-PPh2 | no |
| 127 | cchex__iPr__pTol | cis-1,2-cyclohexylene | iPr | p-Tol | iPr2P-cis-1,2-cyclohexylene-Pp-Tol2 | no |
| 128 | cchex__iPr__pAnisyl | cis-1,2-cyclohexylene | iPr | p-Anisyl | iPr2P-cis-1,2-cyclohexylene-Pp-Anisyl2 | no |
| 129 | cchex__iPr__pCF3Ph | cis-1,2-cyclohexylene | iPr | p-CF3-Ph | iPr2P-cis-1,2-cyclohexylene-Pp-CF3-Ph2 | no |
| 130 | cchex__Cy__Cy | cis-1,2-cyclohexylene | Cy | Cy | Cy2P-cis-1,2-cyclohexylene-PCy2 | yes |
| 131 | cchex__Cy__Ph | cis-1,2-cyclohexylene | Cy | Ph | Cy2P-cis-1,2-cyclohexylene-PPh2 | no |
| 132 | cchex__Cy__pTol | cis-1,2-cyclohexylene | Cy | p-Tol | Cy2P-cis-1,2-cyclohexylene-Pp-Tol2 | no |
| 133 | cchex__Cy__pAnisyl | cis-1,2-cyclohexylene | Cy | p-Anisyl | Cy2P-cis-1,2-cyclohexylene-Pp-Anisyl2 | no |
| 134 | cchex__Cy__pCF3Ph | cis-1,2-cyclohexylene | Cy | p-CF3-Ph | Cy2P-cis-1,2-cyclohexylene-Pp-CF3-Ph2 | no |
| 135 | cchex__Ph__Ph | cis-1,2-cyclohexylene | Ph | Ph | Ph2P-cis-1,2-cyclohexylene-PPh2 | yes |
| 136 | cchex__Ph__pTol | cis-1,2-cyclohexylene | Ph | p-Tol | Ph2P-cis-1,2-cyclohexylene-Pp-Tol2 | no |
| 137 | cchex__Ph__pAnisyl | cis-1,2-cyclohexylene | Ph | p-Anisyl | Ph2P-cis-1,2-cyclohexylene-Pp-Anisyl2 | no |
| 138 | cchex__Ph__pCF3Ph | cis-1,2-cyclohexylene | Ph | p-CF3-Ph | Ph2P-cis-1,2-cyclohexylene-Pp-CF3-Ph2 | no |
| 139 | cchex__pTol__pTol | cis-1,2-cyclohexylene | p-Tol | p-Tol | p-Tol2P-cis-1,2-cyclohexylene-Pp-Tol2 | yes |
| 140 | cchex__pTol__pAnisyl | cis-1,2-cyclohexylene | p-Tol | p-Anisyl | p-Tol2P-cis-1,2-cyclohexylene-Pp-Anisyl2 | no |
| 141 | cchex__pTol__pCF3Ph | cis-1,2-cyclohexylene | p-Tol | p-CF3-Ph | p-Tol2P-cis-1,2-cyclohexylene-Pp-CF3-Ph2 | no |
| 142 | cchex__pAnisyl__pAnisyl | cis-1,2-cyclohexylene | p-Anisyl | p-Anisyl | p-Anisyl2P-cis-1,2-cyclohexylene-Pp-Anisyl2 | yes |
| 143 | cchex__pAnisyl__pCF3Ph | cis-1,2-cyclohexylene | p-Anisyl | p-CF3-Ph | p-Anisyl2P-cis-1,2-cyclohexylene-Pp-CF3-Ph2 | no |
| 144 | cchex__pCF3Ph__pCF3Ph | cis-1,2-cyclohexylene | p-CF3-Ph | p-CF3-Ph | p-CF3-Ph2P-cis-1,2-cyclohexylene-Pp-CF3-Ph2 | yes |


=== stderr (raw) ===


=== stderr (model-visible) ===
