exit_code=0

=== stdout (raw) ===
/app/.graphchat-workspaces/gallery_guest_1786039292184
--- top-level ---
.grafico
HOW_TO_EXECUTE_CAMPAIGN.md
__pycache__
campaign_manifest.json
hood2020.pdf
hood_co_bisphosphine_artifacts
hood_co_bisphosphine_artifacts_bad_preflight_test
hood_co_bisphosphine_artifacts_debug_smoke
hood_co_bisphosphine_artifacts_debug_smoke_final
hood_co_bisphosphine_artifacts_flag_safe
hood_co_bisphosphine_artifacts_restart
hood_co_bisphosphine_artifacts_stop_smoke
hood_co_bisphosphine_artifacts_stop_smoke_final
hood_co_bisphosphine_artifacts_stop_smoke_fixed
hood_co_bisphosphine_artifacts_stop_smoke_serial
hood_co_bisphosphine_artifacts_warm_smoke
hood_co_bisphosphine_bo
run_hood_co_bisphosphine_bo.py
--- monitors ---


=== stderr (raw) ===


=== stderr (model-visible) ===
