exit_code=0

=== stdout (raw) ===
hood_co_bisphosphine_artifacts_pbe_converged/campaign_id.txt
hood_co_bisphosphine_artifacts_pbe_converged/candidate_library.csv
hood_co_bisphosphine_artifacts_pbe_converged/candidate_library.json
hood_co_bisphosphine_artifacts_pbe_converged/cchex__Cy__pTol/cchex__Cy__pTol.xyz
hood_co_bisphosphine_artifacts_pbe_converged/cchex__Cy__pTol/estructural_response.json
hood_co_bisphosphine_artifacts_pbe_converged/cchex__Cy__pTol/estructural_response.txt
hood_co_bisphosphine_artifacts_pbe_converged/cchex__Cy__pTol/evaluation.json
hood_co_bisphosphine_artifacts_pbe_converged/cchex__Cy__pTol/pyscf_console.txt
hood_co_bisphosphine_artifacts_pbe_converged/estructural_preflight_10601.xyz
hood_co_bisphosphine_artifacts_pbe_converged/estructural_preflight_response.json
hood_co_bisphosphine_artifacts_pbe_converged/eth__Cy__Cy/estructural_response.json
hood_co_bisphosphine_artifacts_pbe_converged/eth__Cy__Cy/estructural_response.txt
hood_co_bisphosphine_artifacts_pbe_converged/eth__Cy__Cy/eth__Cy__Cy.xyz
hood_co_bisphosphine_artifacts_pbe_converged/eth__Cy__Cy/evaluation.json
hood_co_bisphosphine_artifacts_pbe_converged/eth__Cy__Cy/pyscf_console.txt
hood_co_bisphosphine_artifacts_pbe_converged/eth__Et__Et/estructural_response.json
hood_co_bisphosphine_artifacts_pbe_converged/eth__Et__Et/estructural_response.txt
hood_co_bisphosphine_artifacts_pbe_converged/eth__Et__Et/eth__Et__Et.xyz
hood_co_bisphosphine_artifacts_pbe_converged/eth__Et__Et/evaluation.json
hood_co_bisphosphine_artifacts_pbe_converged/eth__Et__Et/pyscf_console.txt
hood_co_bisphosphine_artifacts_pbe_converged/eth__Me__Et/estructural_response.json
hood_co_bisphosphine_artifacts_pbe_converged/eth__Me__Et/estructural_response.txt
hood_co_bisphosphine_artifacts_pbe_converged/eth__Me__Et/eth__Me__Et.xyz
hood_co_bisphosphine_artifacts_pbe_converged/eth__Me__Me/estructural_response.json
hood_co_bisphosphine_artifacts_pbe_converged/eth__Me__Me/estructural_response.txt
hood_co_bisphosphine_artifacts_pbe_converged/eth__Me__Me/eth__Me__Me.xyz
hood_co_bisphosphine_artifacts_pbe_converged/eth__Me__Me/evaluation.json
hood_co_bisphosphine_artifacts_pbe_converged/eth__Me__Me/pyscf_console.txt
hood_co_bisphosphine_artifacts_pbe_converged/eth__iPr__iPr/estructural_response.json
hood_co_bisphosphine_artifacts_pbe_converged/eth__iPr__iPr/estructural_response.txt
hood_co_bisphosphine_artifacts_pbe_converged/eth__iPr__iPr/eth__iPr__iPr.xyz
hood_co_bisphosphine_artifacts_pbe_converged/eth__iPr__iPr/evaluation.json
hood_co_bisphosphine_artifacts_pbe_converged/eth__iPr__iPr/pyscf_console.txt
hood_co_bisphosphine_artifacts_pbe_converged/evaluations.jsonl
hood_co_bisphosphine_artifacts_pbe_converged/feasible_improvement_so_far.csv
hood_co_bisphosphine_artifacts_pbe_converged/feasible_improvement_so_far.png
hood_co_bisphosphine_artifacts_pbe_converged/logs/production_pbe_converged_20260810T145758Z.log
hood_co_bisphosphine_artifacts_pbe_converged/ophen__pAnisyl__pCF3Ph/estructural_response.json
hood_co_bisphosphine_artifacts_pbe_converged/ophen__pAnisyl__pCF3Ph/estructural_response.txt
hood_co_bisphosphine_artifacts_pbe_converged/ophen__pAnisyl__pCF3Ph/evaluation.json
hood_co_bisphosphine_artifacts_pbe_converged/ophen__pAnisyl__pCF3Ph/ophen__pAnisyl__pCF3Ph.xyz
hood_co_bisphosphine_artifacts_pbe_converged/ophen__pAnisyl__pCF3Ph/pyscf_console.txt
hood_co_bisphosphine_artifacts_pbe_converged/plot_feasible_improvement_so_far.py
hood_co_bisphosphine_artifacts_pbe_converged/prop__Me__Me/estructural_response.json
hood_co_bisphosphine_artifacts_pbe_converged/prop__Me__Me/estructural_response.txt
hood_co_bisphosphine_artifacts_pbe_converged/prop__Me__Me/evaluation.json
hood_co_bisphosphine_artifacts_pbe_converged/prop__Me__Me/prop__Me__Me.xyz
hood_co_bisphosphine_artifacts_pbe_converged/prop__Me__Me/pyscf_console.txt
hood_co_bisphosphine_artifacts_pbe_converged/prop__iPr__Ph/estructural_response.json
hood_co_bisphosphine_artifacts_pbe_converged/prop__iPr__Ph/estructural_response.txt
hood_co_bisphosphine_artifacts_pbe_converged/prop__iPr__Ph/evaluation.json
hood_co_bisphosphine_artifacts_pbe_converged/prop__iPr__Ph/prop__iPr__Ph.xyz
hood_co_bisphosphine_artifacts_pbe_converged/prop__iPr__Ph/pyscf_console.txt
hood_co_bisphosphine_artifacts_pbe_converged/pyscf_literal_preflight_console.txt
hood_co_bisphosphine_artifacts_pbe_converged/pyscf_literal_preflight_result.json
hood_co_bisphosphine_artifacts_pbe_converged/warm_start_candidates.json
--- eth__Me__Me ---
xyz_path hood_co_bisphosphine_artifacts_pbe_converged/eth__Me__Me/eth__Me__Me.xyz
final identifier first line ['39', '', 'Co -0.052864 -0.233045 0.045592']
files ['eth__Me__Me.xyz', 'evaluation.json', 'estructural_response.json', 'estructural_response.txt', 'pyscf_console.txt']
--- eth__Et__Et ---
xyz_path hood_co_bisphosphine_artifacts_pbe_converged/eth__Et__Et/eth__Et__Et.xyz
final identifier first line ['51', '', 'Co 0.170070 0.324297 -0.023240']
files ['evaluation.json', 'estructural_response.json', 'estructural_response.txt', 'pyscf_console.txt', 'eth__Et__Et.xyz']
--- eth__iPr__iPr ---
xyz_path hood_co_bisphosphine_artifacts_pbe_converged/eth__iPr__iPr/eth__iPr__iPr.xyz
final identifier first line ['63', '', 'Co -0.075493 -0.157483 -0.078104']
files ['eth__iPr__iPr.xyz', 'evaluation.json', 'estructural_response.json', 'estructural_response.txt', 'pyscf_console.txt']


=== stderr (raw) ===


=== stderr (model-visible) ===
