exit_code=0

=== stdout (raw) ===
removing __pycache__
removing hood_co_bisphosphine_artifacts
removing hood_co_bisphosphine_artifacts_bad_preflight_test
removing hood_co_bisphosphine_artifacts_debug_smoke
removing hood_co_bisphosphine_artifacts_debug_smoke_final
removing hood_co_bisphosphine_artifacts_flag_safe
removing hood_co_bisphosphine_artifacts_stop_smoke
removing hood_co_bisphosphine_artifacts_stop_smoke_final
removing hood_co_bisphosphine_artifacts_stop_smoke_fixed
removing hood_co_bisphosphine_artifacts_stop_smoke_serial
removing hood_co_bisphosphine_artifacts_warm_smoke
--- remaining top-level ---
.grafico
HOW_TO_EXECUTE_CAMPAIGN.md
campaign_manifest.json
hood2020.pdf
hood_co_bisphosphine_artifacts_restart
hood_co_bisphosphine_bo
run_hood_co_bisphosphine_bo.py


=== stderr (raw) ===


=== stderr (model-visible) ===
