exit_code=0

=== stdout (raw) ===
Wrote /app/.graphchat-workspaces/gallery_guest_1786039292184/hood_co_bisphosphine_artifacts_pbe_converged/electronic_activation_curve.png
Wrote /app/.graphchat-workspaces/gallery_guest_1786039292184/hood_co_bisphosphine_artifacts_pbe_converged/electronic_activation_curve.csv
 iteration              candidate      phase  feasible  electronic_activation  best_feasible_electronic_activation_so_far
         1            eth__Me__Me warm_start      True              -0.082635                                   -0.082635
         2          prop__iPr__Ph warm_start     False            -100.000000                                   -0.082635
         3 ophen__pAnisyl__pCF3Ph warm_start     False            -100.000000                                   -0.082635
         4        cchex__Cy__pTol warm_start     False            -100.000000                                   -0.082635
         5            eth__Et__Et         bo      True               0.169146                                    0.169146
         6           prop__Me__Me         bo     False            -100.000000                                    0.169146
         7          eth__iPr__iPr         bo      True               0.191770                                    0.191770
         8            eth__Cy__Cy         bo     False            -100.000000                                    0.191770
         9            eth__Me__Et         bo      True              -0.050767                                    0.191770
        10           eth__Et__iPr         bo      True               0.120446                                    0.191770
        11           eth__Me__iPr         bo      True               0.049100                                    0.191770
        12            eth__Et__Cy         bo     False            -100.000000                                    0.191770
        13          prop__Me__iPr         bo     False            -100.000000                                    0.191770
hood_co_bisphosphine_artifacts_pbe_converged/electronic_activation_curve.png ok


=== stderr (raw) ===


=== stderr (model-visible) ===
