[EVENT] loaded candidates n=1512 heavy_atom_cutoff=<56 csv=pollice_2021_geometry_available.csv
[EVENT] resuming paused campaign_id=f023cf90-a1a1-470a-987d-134a38919812
[EVENT] generated suggestions n=2
[RESULT] molecule_key=KHANFGGITOYZMP-UHFFFAOYSA-N status=success objective=-0.39830092 delta_est_ev=0.39830092 S1_ev=2.967494 T1_ev=2.569193
[RESULT] molecule_key=GLMBSENYFBMIGV-UHFFFAOYSA-N status=success objective=-0.60143493 delta_est_ev=0.60143493 S1_ev=2.0711611 T1_ev=1.4697261
[EVENT] generated suggestions n=2
[RESULT] molecule_key=VJWIGBOMOWNWSG-UHFFFAOYSA-N status=success objective=-0.3112999 delta_est_ev=0.3112999 S1_ev=1.7331857 T1_ev=1.4218858
[RESULT] molecule_key=FZUULLLJGCRDKO-UHFFFAOYSA-N status=success objective=-0.27752976 delta_est_ev=0.27752976 S1_ev=1.5840205 T1_ev=1.3064907
[EVENT] generated suggestions n=2
[RESULT] molecule_key=KHIDMFKWCYMIAR-UHFFFAOYSA-N status=success objective=-0.28087251 delta_est_ev=0.28087251 S1_ev=1.6324901 T1_ev=1.3516176
[RESULT] molecule_key=XFAKGSNBLLHIJS-UHFFFAOYSA-N status=success objective=-0.24513379 delta_est_ev=0.24513379 S1_ev=1.288267 T1_ev=1.0431332
[EVENT] generated suggestions n=2
[RESULT] molecule_key=NMMLJSSHMNUPOJ-UHFFFAOYSA-N status=success objective=-0.23717237 delta_est_ev=0.23717237 S1_ev=1.34605 T1_ev=1.1088776
[RESULT] molecule_key=KWTVZDWFGBQDFU-UHFFFAOYSA-N status=success objective=-0.29844687 delta_est_ev=0.29844687 S1_ev=2.1711719 T1_ev=1.872725
[HEARTBEAT] campaign_id=f023cf90-a1a1-470a-987d-134a38919812 elapsed_s=2328 completed_invocation_loops=4
[EVENT] generated suggestions n=2
[RESULT] molecule_key=CGGKYQWGDWHWKT-UHFFFAOYSA-N status=success objective=-0.23527368 delta_est_ev=0.23527368 S1_ev=1.4534651 T1_ev=1.2181914
[RESULT] molecule_key=UTFYSUKXYGQJCH-UHFFFAOYSA-N status=success objective=-0.26091811 delta_est_ev=0.26091811 S1_ev=2.1924368 T1_ev=1.9315187
[EVENT] generated suggestions n=2
[RESULT] molecule_key=OSFMDCVCBCMQAU-UHFFFAOYSA-N status=success objective=-0.4964415 delta_est_ev=0.4964415 S1_ev=2.7833467 T1_ev=2.2869052
[RESULT] molecule_key=RPTBODQPVWBDCE-UHFFFAOYSA-N status=success objective=-0.26495563 delta_est_ev=0.26495563 S1_ev=2.6200539 T1_ev=2.3550983
[EVENT] generated suggestions n=2
[RESULT] molecule_key=YAPKFDISPNDBAO-UHFFFAOYSA-N status=success objective=-0.29489719 delta_est_ev=0.29489719 S1_ev=2.2283031 T1_ev=1.9334059
[RESULT] molecule_key=KJHNXTWSXSOLOY-UHFFFAOYSA-N status=success objective=-0.32066652 delta_est_ev=0.32066652 S1_ev=1.7494082 T1_ev=1.4287417
[HEARTBEAT] campaign_id=f023cf90-a1a1-470a-987d-134a38919812 elapsed_s=4508 completed_invocation_loops=7
[EVENT] generated suggestions n=2
[RESULT] molecule_key=NFVAOZHVIPENHN-UHFFFAOYSA-N status=success objective=-0.28211549 delta_est_ev=0.28211549 S1_ev=1.8352264 T1_ev=1.553111
[RESULT] molecule_key=MEAXUEXYUDPEPU-UHFFFAOYSA-N status=success objective=-0.38346031 delta_est_ev=0.38346031 S1_ev=2.154013 T1_ev=1.7705527
[EVENT] generated suggestions n=2
[RESULT] molecule_key=RMSXYWWMTBMFED-UHFFFAOYSA-N status=success objective=-0.231883 delta_est_ev=0.231883 S1_ev=1.3772421 T1_ev=1.1453591
[RESULT] molecule_key=WGKMZGAJDYWUCE-UHFFFAOYSA-N status=success objective=-0.22323082 delta_est_ev=0.22323082 S1_ev=1.3980195 T1_ev=1.1747887
[EVENT] generated suggestions n=2
[RESULT] molecule_key=QCWXRFCFKSVXNS-UHFFFAOYSA-N status=success objective=-0.2415605 delta_est_ev=0.2415605 S1_ev=1.3051813 T1_ev=1.0636208
[RESULT] molecule_key=VLSAKTJCRGDWDN-UHFFFAOYSA-N status=success objective=-0.35160316 delta_est_ev=0.35160316 S1_ev=2.7349893 T1_ev=2.3833862
[EVENT] exported campaign CSV path=pollice_lowest_conformer_gap_artifacts/bo_export.csv content_type=text/csv; charset=utf-8
[EVENT] paused campaign_id=f023cf90-a1a1-470a-987d-134a38919812
[EVENT] artifacts_dir=pollice_lowest_conformer_gap_artifacts results_csv=pollice_lowest_conformer_gap_artifacts/evaluation_results.csv campaign_id=f023cf90-a1a1-470a-987d-134a38919812
