[EVENT] artifacts=xe_kr_mof_bo_refined_artifacts/20260812_163546 log=xe_kr_mof_bo_refined_artifacts/20260812_163546/run.log
[EVENT] refined space: 109 compatible candidate_id triples; prior ok/total=15/30
[EVENT] created follow-up campaign c3e99bc8-1aef-4487-9db5-318a7c4c2c16
[EVENT] seeded 15 historical compatible results from xe_kr_mof_bo_artifacts/20260812_154010
[EVENT] evaluating suggestion=e53d48d0-7d06-4824-8b53-29375dc50b2c candidate_id=pcu|N16|E129
[RESULT] pcu|N16|E129 -> pcu_N16_E129 ok=True objectives={'selectivity_proxy': 0.0767305229396054, 'capacity_proxy': 2.7663} metrics={'PLD_A': 14.38625, 'LCD_A': 17.63869, 'LFPD_A': 17.63869, 'pore_volume_cm3_g': 2.7663}
[EVENT] evaluating suggestion=492bd5ac-23ee-4973-b747-7c92d1232e70 candidate_id=pcu|N16|E133
[RESULT] pcu|N16|E133 -> pcu_N16_E133 ok=True objectives={'selectivity_proxy': 0.23974330218036705, 'capacity_proxy': 2.38792} metrics={'PLD_A': 11.93724, 'LCD_A': 18.8788, 'LFPD_A': 18.86618, 'pore_volume_cm3_g': 2.38792}
[EVENT] evaluating suggestion=fceeb0df-49ef-4231-8fe8-70270aae2974 candidate_id=pcu|N16|E147
[RESULT] pcu|N16|E147 -> pcu_N16_E147 ok=True objectives={'selectivity_proxy': 0.7243194226128665, 'capacity_proxy': 1.88175} metrics={'PLD_A': 9.00617, 'LCD_A': 14.10375, 'LFPD_A': 14.04886, 'pore_volume_cm3_g': 1.88175}
[EVENT] evaluating suggestion=108e7d9e-4323-4252-8111-7ccb683074b1 candidate_id=pcu|N59|E167
[RESULT] pcu|N59|E167 -> pcu_N59_E167 ok=True objectives={'selectivity_proxy': 1.0, 'capacity_proxy': 0.665674} metrics={'PLD_A': 4.83281, 'LCD_A': 7.12758, 'LFPD_A': 6.8887, 'pore_volume_cm3_g': 0.665674}
[EVENT] evaluating suggestion=1ad0dcb9-e181-41e0-a26b-827c7b38f491 candidate_id=pcu|N16|E167
[RESULT] pcu|N16|E167 -> pcu_N16_E167 ok=True objectives={'selectivity_proxy': 1.0, 'capacity_proxy': 0.852416} metrics={'PLD_A': 4.70036, 'LCD_A': 7.77774, 'LFPD_A': 7.77774, 'pore_volume_cm3_g': 0.852416}
[EVENT] evaluating suggestion=58925754-ef56-4ec3-978d-14c08025518e candidate_id=pcu|N16|E174
[RESULT] pcu|N16|E174 -> pcu_N16_E174 ok=True objectives={'selectivity_proxy': 0.4376292974321685, 'capacity_proxy': 1.75} metrics={'PLD_A': 10.90533, 'LCD_A': 14.89798, 'LFPD_A': 14.89209, 'pore_volume_cm3_g': 1.75}
[EVENT] evaluating suggestion=fbb21dc4-8661-4ab5-990d-bb6fad4db19c candidate_id=pcu|N16|E177
[RESULT] pcu|N16|E177 -> pcu_N16_E177 ok=True objectives={'selectivity_proxy': 0.67364626404707, 'capacity_proxy': 1.68036} metrics={'PLD_A': 9.86756, 'LCD_A': 12.82044, 'LFPD_A': 12.59311, 'pore_volume_cm3_g': 1.68036}
[EVENT] evaluating suggestion=91cc493a-ce5b-427a-add8-efd8a4811080 candidate_id=pcu|N16|E192
[RESULT] pcu|N16|E192 -> pcu_N16_E192 ok=True objectives={'selectivity_proxy': 0.8527291137536862, 'capacity_proxy': 1.51832} metrics={'PLD_A': 8.85391, 'LCD_A': 12.26489, 'LFPD_A': 12.26489, 'pore_volume_cm3_g': 1.51832}
[EVENT] evaluating suggestion=2c76e7d8-c62a-49db-b11c-5ee950240c95 candidate_id=pcu|N16|E203
[RESULT] pcu|N16|E203 -> pcu_N16_E203 ok=True objectives={'selectivity_proxy': 0.15290953647221744, 'capacity_proxy': 3.4805} metrics={'PLD_A': 12.87011, 'LCD_A': 19.77637, 'LFPD_A': 19.62341, 'pore_volume_cm3_g': 3.4805}
[EVENT] evaluating suggestion=5dad2fca-a6b4-4722-a864-dafcf78235db candidate_id=pcu|N16|E213
[RESULT] pcu|N16|E213 -> pcu_N16_E213 ok=True objectives={'selectivity_proxy': 0.3487444465503566, 'capacity_proxy': 1.79858} metrics={'PLD_A': 11.56396, 'LCD_A': 14.95631, 'LFPD_A': 14.95631, 'pore_volume_cm3_g': 1.79858}
[EVENT] evaluating suggestion=f65f5bd9-b9a7-4c77-8b1d-28cc7e07d9b1 candidate_id=pcu|N16|E226
[RESULT] pcu|N16|E226 -> pcu_N16_E226 ok=True objectives={'selectivity_proxy': 1.0, 'capacity_proxy': 0.517023} metrics={'PLD_A': 5.49206, 'LCD_A': 7.54219, 'LFPD_A': 7.52022, 'pore_volume_cm3_g': 0.517023}
[EVENT] evaluating suggestion=bca39231-04be-4a93-9bf7-470f20aa2757 candidate_id=pcu|N16|E73
[RESULT] pcu|N16|E73 -> pcu_N16_E73 ok=True objectives={'selectivity_proxy': 0.9811962609618274, 'capacity_proxy': 1.12968} metrics={'PLD_A': 7.68889, 'LCD_A': 11.14619, 'LFPD_A': 11.14619, 'pore_volume_cm3_g': 1.12968}
[EVENT] evaluating suggestion=01ec963a-b240-4fe9-8686-c1cf2c96c6b4 candidate_id=pcu|N16|E4
[RESULT] pcu|N16|E4 -> pcu_N16_E4 ok=True objectives={'selectivity_proxy': 0.14479800319315259, 'capacity_proxy': 3.63395} metrics={'PLD_A': 12.94483, 'LCD_A': 20.15963, 'LFPD_A': 20.09172, 'pore_volume_cm3_g': 3.63395}
[EVENT] evaluating suggestion=f5fcd53f-55e1-49af-ab7f-83c392a28306 candidate_id=pcu|N16|E50
[RESULT] pcu|N16|E50 -> pcu_N16_E50 ok=True objectives={'selectivity_proxy': 1.0, 'capacity_proxy': 0.973386} metrics={'PLD_A': 6.94582, 'LCD_A': 10.86865, 'LFPD_A': 10.83601, 'pore_volume_cm3_g': 0.973386}
[EVENT] evaluating suggestion=d9805190-d431-4666-88f5-baacfcfed089 candidate_id=pcu|N16|E78
[RESULT] pcu|N16|E78 -> pcu_N16_E78 ok=True objectives={'selectivity_proxy': 0.19851801844027103, 'capacity_proxy': 2.98888} metrics={'PLD_A': 12.42777, 'LCD_A': 18.60359, 'LFPD_A': 18.57343, 'pore_volume_cm3_g': 2.98888}
[EVENT] evaluating suggestion=baaed249-fee8-4641-be3c-e8f072289ffe candidate_id=pcu|N16|E56
[RESULT] pcu|N16|E56 -> pcu_N16_E56 ok=True objectives={'selectivity_proxy': 0.02545946565613259, 'capacity_proxy': 3.38387} metrics={'PLD_A': 15.70205, 'LCD_A': 22.79514, 'LFPD_A': 22.78881, 'pore_volume_cm3_g': 3.38387}
[EVENT] evaluating suggestion=40e0daea-a961-456b-9849-4df487723d39 candidate_id=pcu|N16|E85
[RESULT] pcu|N16|E85 -> pcu_N16_E85 ok=True objectives={'selectivity_proxy': 0.9987658020854885, 'capacity_proxy': 1.26201} metrics={'PLD_A': 7.17571, 'LCD_A': 11.07973, 'LFPD_A': 10.9965, 'pore_volume_cm3_g': 1.26201}
[EVENT] evaluating suggestion=ebd09be7-85e1-4b68-acd4-91e2ecdfda3b candidate_id=pcu|N16|E79
[RESULT] pcu|N16|E79 -> pcu_N16_E79 ok=True objectives={'selectivity_proxy': 1.0, 'capacity_proxy': 0.935094} metrics={'PLD_A': 5.67019, 'LCD_A': 10.40515, 'LFPD_A': 10.27699, 'pore_volume_cm3_g': 0.935094}
[EVENT] evaluating suggestion=655df543-fa5f-43f0-b3b0-0b9d1942c2c4 candidate_id=pcu|N16|E88
[RESULT] pcu|N16|E88 -> pcu_N16_E88 ok=True objectives={'selectivity_proxy': 0.9070914182877994, 'capacity_proxy': 1.38478} metrics={'PLD_A': 7.84458, 'LCD_A': 12.85697, 'LFPD_A': 12.84993, 'pore_volume_cm3_g': 1.38478}
[EVENT] evaluating suggestion=25833434-4eda-46c7-8e3a-fe61885fe9df candidate_id=pcu|N180|E129
[RESULT] pcu|N180|E129 -> pcu_N180_E129 ok=True objectives={'selectivity_proxy': 0.2265034481378095, 'capacity_proxy': 2.8661} metrics={'PLD_A': 12.51813, 'LCD_A': 15.67256, 'LFPD_A': 15.19475, 'pore_volume_cm3_g': 2.8661}
[EVENT] evaluating suggestion=94d23ba6-cc77-47de-98ee-a182a2b574c9 candidate_id=pcu|N180|E133
[RESULT] pcu|N180|E133 -> pcu_N180_E133 ok=True objectives={'selectivity_proxy': 0.3663973592115803, 'capacity_proxy': 2.46418} metrics={'PLD_A': 11.077, 'LCD_A': 16.84521, 'LFPD_A': 16.80511, 'pore_volume_cm3_g': 2.46418}
[EVENT] evaluating suggestion=7dcdb547-a4dd-4fd5-a18d-22296d1119c8 candidate_id=pcu|N180|E174
[RESULT] pcu|N180|E174 -> pcu_N180_E174 ok=True objectives={'selectivity_proxy': 0.7228673992280666, 'capacity_proxy': 1.78499} metrics={'PLD_A': 9.55512, 'LCD_A': 12.78523, 'LFPD_A': 12.67886, 'pore_volume_cm3_g': 1.78499}
[EVENT] evaluating suggestion=15d729f2-e462-4c77-91d5-4ffa885912f3 candidate_id=pcu|N180|E147
[RESULT] pcu|N180|E147 -> pcu_N180_E147 ok=True objectives={'selectivity_proxy': 0.9196589722460342, 'capacity_proxy': 1.92663} metrics={'PLD_A': 8.447, 'LCD_A': 11.90219, 'LFPD_A': 11.83121, 'pore_volume_cm3_g': 1.92663}
[EVENT] evaluating suggestion=2cea8e53-b833-4e65-b931-65a705d184f1 candidate_id=pcu|N180|E177
[RESULT] pcu|N180|E177 -> pcu_N180_E177 ok=True objectives={'selectivity_proxy': 0.9272413205248202, 'capacity_proxy': 1.70642} metrics={'PLD_A': 8.37424, 'LCD_A': 10.61636, 'LFPD_A': 10.58494, 'pore_volume_cm3_g': 1.70642}
[EVENT] evaluating suggestion=a19e184c-b5ea-4df5-853f-5cd163c59de0 candidate_id=pcu|N180|E167
[RESULT] pcu|N180|E167 -> pcu_N180_E167 ok=True objectives={'selectivity_proxy': 1.0, 'capacity_proxy': 0.835284} metrics={'PLD_A': 6.09125, 'LCD_A': 6.98798, 'LFPD_A': 6.83178, 'pore_volume_cm3_g': 0.835284}
[EVENT] evaluating suggestion=4ddedfc3-f7f8-40ae-9447-cef36b008f24 candidate_id=pcu|N180|E192
[RESULT] pcu|N180|E192 -> pcu_N180_E192 ok=True objectives={'selectivity_proxy': 0.9825995668185167, 'capacity_proxy': 1.51922} metrics={'PLD_A': 7.66245, 'LCD_A': 10.58025, 'LFPD_A': 10.58025, 'pore_volume_cm3_g': 1.51922}
[EVENT] evaluating suggestion=71bdaf80-7c51-493d-beb5-efdc7959d935 candidate_id=pcu|N180|E213
[RESULT] pcu|N180|E213 -> pcu_N180_E213 ok=True objectives={'selectivity_proxy': 0.6459283751374392, 'capacity_proxy': 1.84404} metrics={'PLD_A': 9.97027, 'LCD_A': 13.05372, 'LFPD_A': 12.78616, 'pore_volume_cm3_g': 1.84404}
[EVENT] evaluating suggestion=2de6ff90-0a74-4009-92cb-5b378665ec33 candidate_id=pcu|N180|E203
[RESULT] pcu|N180|E203 -> pcu_N180_E203 ok=True objectives={'selectivity_proxy': 0.3278155448745958, 'capacity_proxy': 3.67885} metrics={'PLD_A': 11.43009, 'LCD_A': 16.69623, 'LFPD_A': 16.68541, 'pore_volume_cm3_g': 3.67885}
[EVENT] evaluating suggestion=b6e7ee22-df25-4625-891f-3f244e7ba694 candidate_id=pcu|N214|E192
[RESULT] pcu|N214|E192 -> pcu_N214_E192 ok=True objectives={'selectivity_proxy': 0.9685708058799718, 'capacity_proxy': 1.61891} metrics={'PLD_A': 7.8935, 'LCD_A': 11.15062, 'LFPD_A': 10.88232, 'pore_volume_cm3_g': 1.61891}
[EVENT] evaluating suggestion=d37cc264-3272-47c2-8016-1131e1e8176e candidate_id=pcu|N180|E226
[RESULT] pcu|N180|E226 -> pcu_N180_E226 ok=True objectives={'selectivity_proxy': 1.0, 'capacity_proxy': 0.468781} metrics={'PLD_A': 4.61436, 'LCD_A': 5.58803, 'LFPD_A': 5.54739, 'pore_volume_cm3_g': 0.468781}
[EVENT] evaluating suggestion=8f6babe4-83f2-4db8-9f81-a69bdcf3f215 candidate_id=pcu|N180|E4
[RESULT] pcu|N180|E4 -> pcu_N180_E4 ok=True objectives={'selectivity_proxy': 0.3099608257566635, 'capacity_proxy': 3.81315} metrics={'PLD_A': 11.40458, 'LCD_A': 17.81789, 'LFPD_A': 17.81789, 'pore_volume_cm3_g': 3.81315}
[EVENT] evaluating suggestion=13dd8d62-cd30-406b-9d2e-9975d67be70c candidate_id=pcu|N47|E79
[RESULT] pcu|N47|E79 -> pcu_N47_E79 ok=True objectives={'selectivity_proxy': 0.9379747229851836, 'capacity_proxy': 1.52592} metrics={'PLD_A': 8.26523, 'LCD_A': 11.48207, 'LFPD_A': 11.36528, 'pore_volume_cm3_g': 1.52592}
[EVENT] evaluating suggestion=05759740-e6be-403d-ac4d-a0920cbfbb36 candidate_id=pcu|N214|E174
[RESULT] pcu|N214|E174 -> pcu_N214_E174 ok=True objectives={'selectivity_proxy': 0.6903322470037281, 'capacity_proxy': 1.84841} metrics={'PLD_A': 9.5457, 'LCD_A': 13.41355, 'LFPD_A': 13.19581, 'pore_volume_cm3_g': 1.84841}
[EVENT] evaluating suggestion=6de75aef-e0e1-4e9e-a3c0-f622504078f6 candidate_id=pcu|N180|E50
[RESULT] pcu|N180|E50 -> pcu_N180_E50 ok=True objectives={'selectivity_proxy': 1.0, 'capacity_proxy': 0.932292} metrics={'PLD_A': 4.9773, 'LCD_A': 7.3053, 'LFPD_A': 6.97768, 'pore_volume_cm3_g': 0.932292}
[EVENT] evaluating suggestion=3c2b7bf2-f13b-47db-993f-165bec426b3c candidate_id=pcu|N180|E78
[RESULT] pcu|N180|E78 -> pcu_N180_E78 ok=True objectives={'selectivity_proxy': 0.4671043113164995, 'capacity_proxy': 3.13625} metrics={'PLD_A': 10.51278, 'LCD_A': 15.68217, 'LFPD_A': 15.68217, 'pore_volume_cm3_g': 3.13625}
[EVENT] evaluating suggestion=d0d37892-84d3-4fc3-b32a-c6172fbeac33 candidate_id=pcu|N180|E56
[RESULT] pcu|N180|E56 -> pcu_N180_E56 ok=True objectives={'selectivity_proxy': 0.06615392853722529, 'capacity_proxy': 3.51417} metrics={'PLD_A': 14.42658, 'LCD_A': 19.97565, 'LFPD_A': 19.73176, 'pore_volume_cm3_g': 3.51417}
[EVENT] evaluating suggestion=e4453f65-a645-44c0-8c56-9617e48b6ec5 candidate_id=pcu|N180|E73
[RESULT] pcu|N180|E73 -> pcu_N180_E73 ok=True objectives={'selectivity_proxy': 1.0, 'capacity_proxy': 1.12663} metrics={'PLD_A': 6.95741, 'LCD_A': 9.44203, 'LFPD_A': 9.38363, 'pore_volume_cm3_g': 1.12663}
[EVENT] evaluating suggestion=ed539d1a-2fb2-4c05-8224-a61c606a8464 candidate_id=pcu|N180|E79
[RESULT] pcu|N180|E79 -> pcu_N180_E79 ok=True objectives={'selectivity_proxy': 1.0, 'capacity_proxy': 0.89239} metrics={'PLD_A': 5.04915, 'LCD_A': 7.89586, 'LFPD_A': 7.85774, 'pore_volume_cm3_g': 0.89239}
[EVENT] evaluating suggestion=bf237a38-2a35-4dbf-9a55-47ed91255277 candidate_id=pcu|N180|E85
[RESULT] pcu|N180|E85 -> pcu_N180_E85 ok=True objectives={'selectivity_proxy': 0.9639285016028323, 'capacity_proxy': 1.26678} metrics={'PLD_A': 7.95836, 'LCD_A': 9.85667, 'LFPD_A': 9.62811, 'pore_volume_cm3_g': 1.26678}
[EVENT] evaluating suggestion=dc49ef5b-3e38-476e-94f1-26b228ecac69 candidate_id=pcu|N214|E73
[RESULT] pcu|N214|E73 -> pcu_N214_E73 ok=True objectives={'selectivity_proxy': 0.999927378153094, 'capacity_proxy': 1.21133} metrics={'PLD_A': 7.04261, 'LCD_A': 9.2932, 'LFPD_A': 9.2932, 'pore_volume_cm3_g': 1.21133}
[EVENT] evaluating suggestion=aab61f41-e581-4eb6-98d2-830621582830 candidate_id=pcu|N180|E88
[RESULT] pcu|N180|E88 -> pcu_N180_E88 ok=True objectives={'selectivity_proxy': 1.0, 'capacity_proxy': 1.37564} metrics={'PLD_A': 6.45535, 'LCD_A': 9.43142, 'LFPD_A': 9.43142, 'pore_volume_cm3_g': 1.37564}
[EVENT] evaluating suggestion=90b3de6f-f065-4d9f-8a20-a1a4df97293a candidate_id=pcu|N214|E129
[RESULT] pcu|N214|E129 -> pcu_N214_E129 ok=True objectives={'selectivity_proxy': 0.3878142060593697, 'capacity_proxy': 2.9537} metrics={'PLD_A': 11.21182, 'LCD_A': 15.21921, 'LFPD_A': 15.03938, 'pore_volume_cm3_g': 2.9537}
[EVENT] evaluating suggestion=537cb174-14cc-40be-9a53-50dbedc0517a candidate_id=pcu|N214|E147
[RESULT] pcu|N214|E147 -> pcu_N214_E147 ok=True objectives={'selectivity_proxy': 0.9223354873457481, 'capacity_proxy': 2.01509} metrics={'PLD_A': 8.1343, 'LCD_A': 12.3578, 'LFPD_A': 12.04902, 'pore_volume_cm3_g': 2.01509}
[EVENT] evaluating suggestion=bd5337e2-e1a6-4558-87a0-bc45b4170806 candidate_id=pcu|N214|E203
[RESULT] pcu|N214|E203 -> pcu_N214_E203 ok=True objectives={'selectivity_proxy': 0.3088271017573212, 'capacity_proxy': 3.84102} metrics={'PLD_A': 11.58343, 'LCD_A': 16.76959, 'LFPD_A': 16.74961, 'pore_volume_cm3_g': 3.84102}
[EVENT] evaluating suggestion=e80163d9-47a6-46da-85f3-a425b4d1a5a0 candidate_id=pcu|N214|E133
[RESULT] pcu|N214|E133 -> pcu_N214_E133 ok=True objectives={'selectivity_proxy': 0.32895106480992875, 'capacity_proxy': 2.52487} metrics={'PLD_A': 11.39619, 'LCD_A': 16.83893, 'LFPD_A': 15.87783, 'pore_volume_cm3_g': 2.52487}
[EVENT] evaluating suggestion=3e9b597d-21ee-4018-9746-492aa42a104a candidate_id=pcu|N214|E167
[RESULT] pcu|N214|E167 -> pcu_N214_E167 ok=True objectives={'selectivity_proxy': 1.0, 'capacity_proxy': 0.894166} metrics={'PLD_A': 6.18404, 'LCD_A': 7.30872, 'LFPD_A': 7.07913, 'pore_volume_cm3_g': 0.894166}
[EVENT] evaluating suggestion=60d33c23-ebdd-4a0d-8615-c4ee950883e1 candidate_id=pcu|N214|E4
[RESULT] pcu|N214|E4 -> pcu_N214_E4 ok=True objectives={'selectivity_proxy': 0.29637221531669916, 'capacity_proxy': 3.9607} metrics={'PLD_A': 11.51424, 'LCD_A': 17.91989, 'LFPD_A': 17.88482, 'pore_volume_cm3_g': 3.9607}
[EVENT] evaluating suggestion=573b2921-7236-4554-a45f-f3479c6ced97 candidate_id=pcu|N214|E177
[RESULT] pcu|N214|E177 -> pcu_N214_E177 ok=True objectives={'selectivity_proxy': 0.8289377148005842, 'capacity_proxy': 1.7931} metrics={'PLD_A': 9.1657, 'LCD_A': 11.22122, 'LFPD_A': 11.06762, 'pore_volume_cm3_g': 1.7931}
[EVENT] evaluating suggestion=b079acf7-2b4f-4a25-96dd-09460432746b candidate_id=pcu|N214|E226
[RESULT] pcu|N214|E226 -> pcu_N214_E226 ok=True objectives={'selectivity_proxy': 1.0, 'capacity_proxy': 0.506108} metrics={'PLD_A': 4.34421, 'LCD_A': 5.23322, 'LFPD_A': 5.0878, 'pore_volume_cm3_g': 0.506108}
[EVENT] evaluating suggestion=f5844e50-6514-4897-9f13-b8f950870178 candidate_id=pcu|N214|E213
[RESULT] pcu|N214|E213 -> pcu_N214_E213 ok=True objectives={'selectivity_proxy': 0.6320423805436955, 'capacity_proxy': 1.90745} metrics={'PLD_A': 9.9735, 'LCD_A': 13.33027, 'LFPD_A': 13.09099, 'pore_volume_cm3_g': 1.90745}
[EVENT] exported campaign csv (text/csv; charset=utf-8)
[EVENT] paused campaign c3e99bc8-1aef-4487-9db5-318a7c4c2c16; resume with --campaign-id c3e99bc8-1aef-4487-9db5-318a7c4c2c16
[EVENT] done campaign_id=c3e99bc8-1aef-4487-9db5-318a7c4c2c16 completed_this_invocation=50
