exit_code=0

=== stdout (raw) ===
{
  "name": "Pollice 2021 lowest-conformer TD-DFT gap",
  "description": "Fixed-library molecule BO over Pollice 2021 rows filtered to heavy_atoms < 56. Objective maximizes -(S1_ev - T1_ev) from CREST/GFN2 lowest conformer followed by restricted closed-shell PBE0/def2-SVP gas-phase TD-DFT.",
  "backend": "baybe"
}
top-level keys ['name', 'description', 'backend', 'batch_size', 'initial_design_size', 'random_seed', 'parameters', 'objectives']
{
  "name": "Pollice 2021 lowest-conformer TD-DFT gap",
  "description": "Fixed-library molecule BO over Pollice 2021 rows filtered to heavy_atoms < 56. Objective maximizes -(S1_ev - T1_ev) from CREST/GFN2 lowest conformer followed by restricted closed-shell PBE0/def2-SVP gas-phase TD-DFT.",
  "backend": "baybe",
  "batch_size": 2,
  "initial_design_size": 5,
  "random_seed": 2021,
  "parameters": [
    {
      "name": "molecule_key",
      "type": "categorical",
      "categories": [
        "ABGKQRIFJNWBPG-UHFFFAOYSA-N",
        "ABLZNTPTIOQSLC-UHFFFAOYSA-N",
        "ABOYPHLUVGQTBH-UHFFFAOYSA-N",
        "ACDZEUHKBZHGIW-UHFFFAOYSA-N",
        "ACSHWAUFPUQZFW-UHFFFAOYSA-N",
        "ACVSWDNWZJZSHD-UHFFFAOYSA-N",
        "ADFGYHFITFIZHS-UHFFFAOYSA-N",
        "AEPBAHFIIJTEEY-UHFFFAOYSA-N",
        "AEURHYMMADOUJT-UHFFFAOYSA-N",
        "AFAQGDJZJVVUML-UHFFFAOYSA-N",
        "AFHRVRJLMFNREI-UHFFFAOYSA-N",
        "AGSBLIAYIGWCGZ-UHFFFAOYSA-N",
        "AGWYMCHKOVNNDQ-UHFFFAOYSA-N",
        "AHIPUOAARQTRBU-UHFFFAOYSA-N",
        "AHKBNRJNXWNAJX-UHFFFAOYSA-N",
        "AHYCOJOPBGDSNM-UHFFFAOYSA-N",
        "AIERZRBIVFQOLL-UHFFFAOYSA-N",
        "AIGBYBZMOHGNEC-UHFFFAOYSA-N",
        "AIGCCKYKCMJAQS-UHFFFAOYSA-N",
        "AIMAADOMPVEBCA-UHFFFAOYSA-N",
        "AIXHFSJHIQTYOE-UHFFFAOYSA-N",
        "AIXHNFXCNJGSOG-UHFFFAOYSA-N",
        "AJDYQLLHUPQGEG-UHFFFAOYSA-N",
        "AJYVBLZZTKVLRH-UHFFFAOYSA-N",
        "AJZDADZYINZRJV-UHFFFAOYSA-N",
        "AKWQARHQYCLJOS-UHFFFAOYSA-N",
        "ALADLXLLYNRMRL-UHFFFAOYSA-N",
        "AMGVEBPJFUEWLX-UHFFFAOYSA-N",
        "AMRVQOYWRJQFSS-UHFFFAOYSA-N",
        "AMRWKEOHAVJTOD-UHFFFAOYSA-N",
        "ANCKLNAQDOZOAU-UHFFFAOYSA-N",
        "ANILETUMNPUPLI-UHFFFAOYSA-N",
        "ANJYCPHEGIMXSW-UHFFFAOYSA-N",
        "ANLOPVHRMNAIPD-UHFFFAOYSA-N",
        "ANMXERMNGLVHQL-UHFFFAOYSA-N",
        "AOOCMEJIYXAMSA-UHFFFAOYSA-N",
        "AOPSJYXIZZLMFG-UHFFFAOYSA-N",
        "AOXYIYYABJTKOT-UHFFFAOYSA-N",
        "APDYZKIVCQBQJB-UHFFFAOYSA-N",
        "APLSCWWYEWJUGZ-UHFFFAOYSA-N",
        "AQHYZJCUXBLVIM-UHFFFAOYSA-N",
        "AQPMVBQMEUNRTK-UHFFFAOYSA-N",
        "AQRAAVZKPYCHJH-UHFFFAOYSA-N",
        "AQTBLIXHUWVHAJ-UHFFFAOYSA-N",
        "ARAWNQXSZWBVDU-UHFFFAOYSA-N",
        "ARBGUDTXYSKEMY-UHFFFAOYSA-N",
        "ARPHJSUKWLLLGN-UHFFFAOYSA-N",
        "ARQXTCFAKVZNSR-UHFFFAOYSA-N",
        "ARQZTFGPEZJCNZ-UHFFFAOYSA-N",
        "ASQUIXGHIYVPNG-UHFFFAOYSA-N",
        "ASSIMHWRBXZFRA-UHFFFAOYSA-N",
        "ATDHJAXAKNIHIS-UHFFFAOYSA-N",
        "ATNVTWTWSXYCKH-UHFFFAOYSA-N",
        "ATUIOZMBIFARCZ-UHFFFAOYSA-N",
        "ATXAWYDAWHPBHU-UHFFFAOYSA-N",
        "ATXWBUGFFYGVFY-UHFFFAOYSA-N",
        "AVINMHFSKQXEAZ-UHFFFAOYSA-N",
        "AVPAZKVEDGAHLE-UHFFFAOYSA-N",
        "AWNCKALFSOLWFP-UHFFFAOYSA-N",
        "AWUMUGJBXOHDMX-UHFFFAOYSA-N",
        "AWVWMPJUSWVCKH-UHFFFAOYSA-N",
        "AXGRMFVFBLNAAF-UHFFFAOYSA-N",
        "AXLACIOKINABDA-UHFFFAOYSA-N",
        "AYBXXPZWSWANDU-UHFFFAOYSA-N",
        "AYGICHWWEOEEPY-UHFFFAOYSA-N",
        "AZDXOGJSHLNBAT-UHFFFAOYSA-N",
        "BADMBXOFCXFHGB-UHFFFAOYSA-N",
        "BALPAQPGKUVMTI-UHFFFAOYSA-N",
        "BAXHRBTYPALSSH-UHFFFAOYSA-N",
        "BBKZIXQVXCRBID-UHFFFAOYSA-N",
        "BBXGLLXSLFWTIG-UHFFFAOYSA-N",
        "BCDNNSJMLWXVKM-UHFFFAOYSA-N",
        "BDXRBBBVKQMBNN-UHFFFAOYSA-N",
        "BECKUSSQUVFDGN-UHFFFAOYSA-N",
        "BEGMUQMHOKFLCR-UHFFFAOYSA-N",
        "BEVBWWFRDUBUNS-UHFFFAOYSA-N",
        "BFLLMCKSTWDHTQ-UHFFFAOYSA-N",
        "BGESKGANGYACFW-UHFFFAOYSA-N",
        "BGSNKRFILJZMNW-UHFFFAOYSA-N",
        "BHHGPQGPSPNQQR-UHFFFAOYSA-N",
        "BHYGYTSUNDVIGQ-UHFFFAOYSA-N",
        "BHZFDBBLWSYDGZ-UHFFFAOYSA-N",
        "BIEAERGCJDAKQE-UHFFFAOYSA-N",
        "BIVVZSWOGJTWMA-UHFFFAOYSA-N",
        "BKAWHLTUBJHTHM-UHFFFAOYSA-N",
        "BKLCRMLKOSGONJ-UHFFFAOYSA-N",
        "BKUMJJLBFBDXGD-UHFFFAOYSA-N",
        "BLLBTMXCZGXHEA-UHFFFAOYSA-N",
        "BLRKWNQZHYPHJR-UHFFFAOYSA-N",
        "BLRLJOVSQJCZHW-UHFFFAOYSA-N",



=== stderr (raw) ===


=== stderr (model-visible) ===
