exit_code=0

=== stdout (raw) ===
Wrote /app/.graphchat-workspaces/gallery_guest_1785801755289/pollice_lowest_conformer_gap_reproduction_20260805/plots/bo_improvement_curve.png
Wrote /app/.graphchat-workspaces/gallery_guest_1785801755289/pollice_lowest_conformer_gap_reproduction_20260805/plots/bo_improvement_curve.pdf
Wrote /app/.graphchat-workspaces/gallery_guest_1785801755289/pollice_lowest_conformer_gap_reproduction_20260805/plots/bo_improvement_curve_data.csv
EXPORT_DIR pollice_lowest_conformer_gap_reproduction_20260805
ARCHIVE /app/.graphchat-workspaces/gallery_guest_1785801755289/pollice_lowest_conformer_gap_reproduction_20260805.zip
SUMMARY {
  "campaign_id": "f023cf90-a1a1-470a-987d-134a38919812",
  "status_at_export": "paused",
  "export_folder": "pollice_lowest_conformer_gap_reproduction_20260805",
  "n_attempted": 44,
  "n_success": 39,
  "n_failed": 5,
  "best": {
    "molecule_key": "WGKMZGAJDYWUCE-UHFFFAOYSA-N",
    "smiles_canonical": "CS(=O)C1=CC=C2C=CC=C3C=CC=C1N32",
    "objective": -0.2232308199591746,
    "delta_est_ev": 0.2232308199591746,
    "S1_ev": 1.3980195029632816,
    "T1_ev": 1.174788683004107,
    "oscillator_strength": 0.0002338812497022,
    "n_conformers_generated": 4.0,
    "crest_wall_s": 107.64474599808456,
    "pyscf_wall_s": 278.6284670829773,
    "total_eval_wall_s": 386.2744595920667
  },
  "failed_molecule_keys": [
    "NONGYEVCQNBZFJ-UHFFFAOYSA-N",
    "XDPCAOJHJFQBCS-UHFFFAOYSA-N",
    "OPPMQHHCEYGRSM-UHFFFAOYSA-N",
    "DYHLIWPSYMMWJV-UHFFFAOYSA-N",
    "VJPYKUZBOIDYFX-UHFFFAOYSA-N"
  ]
}


=== stderr (raw) ===


=== stderr (model-visible) ===
