exit_code=0

=== stdout (raw) ===
columns ['molecule_key', 'smiles_canonical', 'n_conformers_generated', 'selected_conformer_energy', 'S1_ev', 'T1_ev', 'delta_est_ev', 'objective', 'oscillator_strength', 'status', 'crest_wall_s', 'pyscf_wall_s', 'total_eval_wall_s', 'error_message']
shape (20, 14)
success 19 failed 1

BEST_JSON
{"molecule_key":"NSFPKBSRRKTUCK-UHFFFAOYSA-N","smiles_canonical":"CC1=CC2=CC=CC3=CC=CC(=C1)N32","n_conformers_generated":2.0,"selected_conformer_energy":null,"S1_ev":1.3987100928,"T1_ev":1.1719231603,"delta_est_ev":0.2267869325,"objective":-0.2267869325,"oscillator_strength":0.0000429187,"status":"success","crest_wall_s":62.7010299638,"pyscf_wall_s":126.6719662305,"total_eval_wall_s":189.3736878578,"error_message":null}

ALL_TABLE
molecule_key,smiles_canonical,objective,delta_est_ev,S1_ev,T1_ev,oscillator_strength,n_conformers_generated,selected_conformer_energy,status,crest_wall_s,pyscf_wall_s,total_eval_wall_s,error_message
NSFPKBSRRKTUCK-UHFFFAOYSA-N,CC1=CC2=CC=CC3=CC=CC(=C1)N32,-0.2267869324879579,0.2267869324879579,1.3987100928366325,1.1719231603486746,4.291868090774e-05,2.0,,success,62.70102996379137,126.67196623049676,189.373687857762,
MLHIMDRRGDRXQW-UHFFFAOYSA-N,FC1=CC2=CC=CC3=CC=CC(=C1)N32,-0.2298038808261615,0.2298038808261615,1.4846145091420722,1.2548106283159106,0.0004969673780462,2.0,,success,57.81920093204826,314.16571599058807,371.9859426114708,
SUVXEVRKTOAMPY-UHFFFAOYSA-N,CC1=NC2=CC(F)=CC3=NC(C)=NC(=N1)N23,-0.2465502080936339,0.2465502080936339,2.669476131805994,2.42292592371236,0.0030277824341178,4.0,,success,75.65406326949596,519.1218113414943,594.7763820309192,
XFLQTXGZQAAHAI-UHFFFAOYSA-N,FC1=CC=C2C=CC=C3C=CC=C1N32,-0.2497015890000705,0.2497015890000705,1.2372693488713844,0.9875677598713138,0.0002641080031957,2.0,,success,57.31618338916451,293.67614437639713,350.9933533985168,
NMHQWTLWOWSATB-UHFFFAOYSA-N,C=CC1=CC2=CC=CC3=CC=CC(=C1)N32,-0.2540564815030829,0.2540564815030829,1.196222409871541,0.942165928368458,0.000936923105056,2.0,,success,73.08002333715558,429.5950136799365,502.675875402987,
XGPVIOJANRNKMD-UHFFFAOYSA-N,FC(F)(F)C1=CC2=CC=CC3=CC=CC(=C1)N32,-0.2631936628581209,0.2631936628581209,1.2540790762878318,0.9908854134297108,0.0002301896058388,2.0,,success,80.85253238584846,641.2018147967756,722.0553661938757,
AMGVEBPJFUEWLX-UHFFFAOYSA-N,CN(C)C1=CC2=CC=CC3=CC=CC(=C1)N32,-0.2672513253286588,0.2672513253286588,1.6502335523581295,1.382982227029471,0.0025660850387672,6.0,,success,124.812908555381,498.5941919889301,623.4082335103303,
YSKSYGZSFISTGH-UHFFFAOYSA-N,NC1=CC2=CC=CC3=CC=CC(=C1)N32,-0.2695549259628587,0.2695549259628587,1.644892084422129,1.3753371584592704,0.0024652503923609,2.0,,success,63.14391381666064,340.0617490550503,403.20614739041775,
ZAGUESFSZZNNGP-UHFFFAOYSA-N,C=CC1=NC2=NC=CC3=CC=NC(=N1)N32,-0.2720058556612108,0.2720058556612108,2.316508945450768,2.0445030897895573,0.0017864327047334,2.0,,success,63.16520989406854,214.48814970627427,277.6543675828725,
BKUMJJLBFBDXGD-UHFFFAOYSA-N,CC1=CC2=CC=CC3=CC=NC(=N1)N32,-0.2814150454570883,0.2814150454570883,1.902749790297655,1.6213347448405664,0.003110698218731,2.0,,success,55.72648816555738,338.2161152837798,393.9436120437458,
UKMKRHRCQLZPGT-UHFFFAOYSA-N,CC(=O)C1=NC2=NC=CC3=CC=NC(=N1)N32,-0.2867886443293266,0.2867886443293266,2.283925672215193,1.9971370278858664,0.0014118333937249,6.0,,success,103.96206499170512,149.83541407156736,253.79812901932743,
YVDLTBKGQDBKQW-UHFFFAOYSA-N,FC1=CC2=CC=CC3=CC=NC(=N1)N32,-0.3066377718971622,0.3066377718971622,2.0149558155061857,1.7083180436090235,0.0051295631411624,2.0,,success,54.30880945082754,289.5521335247904,343.86185249499977,
NNFSKHBTJWXTQJ-UHFFFAOYSA-N,O=[N+]([O-])C1=CC=C2C=CC=C3C=CC=C1N32,-0.3081588927999259,0.3081588927999259,1.6435889450565804,1.3354300522566545,0.0012207196713932,2.0,,success,79.32523820083588,569.3337729433551,648.6600429620594,
MDBVXVGLLQXSTQ-UHFFFAOYSA-N,CNC1=CC=C2C=CC=C3C=CC=C1N32,-0.3085722867528591,0.3085722867528591,1.2595042268277437,0.9509319400748846,0.0005083730082546,8.0,,success,91.50564824417232,478.30501873698086,569.811561291106,
VQJCMFYAJLAEFQ-UHFFFAOYSA-N,N#CC1=CC2=CC=CC3=CC=CC(=C1)N32,-0.3152912170279904,0.3152912170279904,1.138561859191119,0.8232706421631286,0.0009419746783222,2.0,,success,67.13697205577046,368.4193540085107,435.55741885956377,
OHQFVBCXZCGROC-UHFFFAOYSA-N,C1=CC2=CC=NC3=CN=CC(=C1)N23,-0.3286848239330111,0.3286848239330111,1.525665914314808,1.196981090381797,0.0012707111108657,2.0,,success,52.48979499563575,246.22062507178637,298.7108295504004,
STACUZZGKSWALO-UHFFFAOYSA-N,N#CC1=NC2=NC=NC3=NC=CC(=C1)N32,-0.4024623157447224,0.4024623157447224,2.195305202272623,1.7928428865279005,0.0103312378192071,2.0,,success,61.61673529911786,313.97587495762855,375.5934465015307,
HXWXPNZYXZHKRZ-UHFFFAOYSA-N,c1cc2cnc3nncc4ccc1c2n43,-0.4364488117392064,0.4364488117392064,2.6267574056833727,2.190308593944166,0.0033749904547983,2.0,,success,60.014858114533126,208.40377607941628,268.419081248343,
TYRQLYOWVMBGNA-UHFFFAOYSA-N,c1ccc2cn(-c3nc4ncnc5nc(-n6cc7ccccc7c6)c6ccc3c6n45)cc2c1,-0.9227025687864564,0.9227025687864564,2.353076710896651,1.4303741421101943,0.0058567347053161,4.0,,success,369.5669834855944,1477.5715575404463,1847.139645639807,
NONGYEVCQNBZFJ-UHFFFAOYSA-N,C1=CC2=NC(c3ccc(N4CCCCC4)cc3Nc3ccccn3)=NC3=NC(c4ccc(N5CCCCC5)cc4Nc4ccccn4)=NC(=C1)N23,,,,,,,,failed,,,7200.0,Evaluation timed out after 7200.0 s



=== stderr (raw) ===


=== stderr (model-visible) ===
