exit_code=0

=== stdout (raw) ===
n 1708 10% k round 171 cut heavy atoms at rank k 56 tie-inclusive n 196

 top_k
heavy min mean median max 56 59.900584795321635 59.0 85
total min mean median max 70 97.11695906432749 97.0 134
MW min mean median max 735.8550000000001 795.0047777777777 773.8929999999996 1172.0549999999992

 tie_inclusive
heavy min mean median max 56 59.4030612244898 57.0 85
total min mean median max 70 97.03571428571429 98.0 134
MW min mean median max 719.7829999999999 788.1468367346937 769.8369999999999 1172.0549999999992

Top 15 largest by heavy atoms:
               molecule_key  heavy_atoms  total_atoms_including_H   mol_wt  rings
OLAWGZWEEFANRL-UHFFFAOYSA-N           85                      126 1172.055     14
LAKBQBAEICFKKV-UHFFFAOYSA-N           81                      122 1080.055     14
KBZGXPBUFDIORM-UHFFFAOYSA-N           73                      114  972.027     14
OHAKYDBULWTMLA-UHFFFAOYSA-N           73                      134  964.239     12
SGELIDCGRKUSDG-UHFFFAOYSA-N           73                      126  956.175     14
RXLULIYWYCZGPO-UHFFFAOYSA-N           73                      110  940.047     16
IUIZKVKWVJNSEV-UHFFFAOYSA-N           71                      104  987.853      9
ZHFDNCLMAMMGFB-UHFFFAOYSA-N           71                      106  918.001     16
VLPOANBLHOCCEN-UHFFFAOYSA-N           70                      112  903.066     12
HSJSTFKTPHKOJY-UHFFFAOYSA-N           69                      114  900.067     14
HIDGFOFYKGDBRT-UHFFFAOYSA-N           67                      111  914.963     10
CQGVHKQKLRSEMX-UHFFFAOYSA-N           67                      112  913.975     10
JPJDSBKDJNFBOI-UHFFFAOYSA-N           67                      112  913.975     10
RDPLFBBYXMRREL-UHFFFAOYSA-N           67                      112  913.975     10
RMSKGRCEJLUKOJ-UHFFFAOYSA-N           67                      112  913.975     10


=== stderr (raw) ===


=== stderr (model-visible) ===
