exit_code=0

=== stdout (raw) ===
shape (40, 14) success 39 failed 1
best
molecule_key WGKMZGAJDYWUCE-UHFFFAOYSA-N
smiles_canonical CS(=O)C1=CC=C2C=CC=C3C=CC=C1N32
objective -0.2232308199591746
delta_est_ev 0.2232308199591746
S1_ev 1.3980195029632816
T1_ev 1.174788683004107
oscillator_strength 0.0002338812497022
n_conformers_generated 4.0
selected_conformer_energy nan
crest_wall_s 107.64474599808456
pyscf_wall_s 278.6284670829773
total_eval_wall_s 386.2744595920667
status success

top10
molecule_key,objective,delta_est_ev,S1_ev,T1_ev,oscillator_strength,n_conformers_generated
WGKMZGAJDYWUCE-UHFFFAOYSA-N,-0.2232308199591746,0.2232308199591746,1.3980195029632816,1.174788683004107,0.0002338812497022,4.0
NSFPKBSRRKTUCK-UHFFFAOYSA-N,-0.2267869324879579,0.2267869324879579,1.3987100928366325,1.1719231603486746,4.291868090774e-05,2.0
MLHIMDRRGDRXQW-UHFFFAOYSA-N,-0.2298038808261615,0.2298038808261615,1.4846145091420722,1.2548106283159106,0.0004969673780462,2.0
RMSXYWWMTBMFED-UHFFFAOYSA-N,-0.2318829996721805,0.2318829996721805,1.3772421387974194,1.145359139125239,0.0008769722051448,2.0
CGGKYQWGDWHWKT-UHFFFAOYSA-N,-0.2352736816822118,0.2352736816822118,1.4534650954059447,1.2181914137237329,0.0001274063384515,2.0
NMMLJSSHMNUPOJ-UHFFFAOYSA-N,-0.2371723674177559,0.2371723674177559,1.3460499547331333,1.1088775873153771,2.4675462269316525e-05,2.0
QCWXRFCFKSVXNS-UHFFFAOYSA-N,-0.2415604980986294,0.2415604980986294,1.3051812590544585,1.0636207609558288,7.003059235123335e-05,4.0
XFAKGSNBLLHIJS-UHFFFAOYSA-N,-0.2451337883707742,0.2451337883707742,1.2882670247259924,1.0431332363552182,0.0002343594983994,8.0
SUVXEVRKTOAMPY-UHFFFAOYSA-N,-0.2465502080936339,0.2465502080936339,2.669476131805994,2.42292592371236,0.0030277824341178,4.0
XFLQTXGZQAAHAI-UHFFFAOYSA-N,-0.2497015890000705,0.2497015890000705,1.2372693488713844,0.9875677598713138,0.0002641080031957,2.0

failed
molecule_key,status,error_message
NONGYEVCQNBZFJ-UHFFFAOYSA-N,failed,Evaluation timed out after 7200.0 s



=== stderr (raw) ===


=== stderr (model-visible) ===
