[2026-07-24T15:55:03.908796+00:00] QUIET_SUPERVISOR_START target_successes=20 zero_stop_n=5
[2026-07-24T15:55:03.908815+00:00] artifacts=/app/.graphchat-workspaces/gallery_guest_1784900563933/artifacts/real_robochemflex_yield_bo_fresh_20260724T155503Z
[2026-07-24T15:55:03.908823+00:00] logs=/app/.graphchat-workspaces/gallery_guest_1784900563933/logs/real_robochemflex_yield_bo_fresh_20260724T155503Z
[2026-07-24T15:55:04.442748+00:00] PREFLIGHT phase=ready state=ready queued=0 running=0 campaign=False
[2026-07-24T15:55:04.442936+00:00] EVENT invocation_start index=1 bo_campaign_id=NEW
BO campaign: b681a41d-90db-4eb9-a9a9-3cc91098f3c0
Started RoboFlex campaign from existing setup; vial setup was not modified.
RoboFlex run submitted: R0044 (seed01_b681a41d)
15:55:07.027 Submitted RoboFlex run
RoboFlex run R0044: queued
RoboFlex run R0044: still queued; polling quietly
RoboFlex platform: state=building_platform, blocked_on=robot, overdue=False
RoboFlex platform: state=preparing_platform, blocked_on=robot, overdue=False
RoboFlex run R0044: still queued; polling quietly
RoboFlex run R0044: running
RoboFlex platform: state=executing, blocked_on=robot, overdue=False
RoboFlex run R0044: still running; polling quietly
RoboFlex run R0044: still running; polling quietly
RoboFlex run R0044: still running; polling quietly
RoboFlex run R0044: completed
Submitted seed01_b681a41d: yield=0.0, green=60.3
Completed 1 successful evaluation(s) in this invocation.
Artifacts: /app/.graphchat-workspaces/gallery_guest_1784900563933/artifacts/real_robochemflex_yield_bo_fresh_20260724T155503Z
[2026-07-24T17:08:41.098530+00:00] ANALYSIS experiment=1 run_id=R0044 label=seed01_b681a41d yield=0.0 green_score=60.30844155844155 bad_zero_or_no_peak=True zero_streak=1
[2026-07-24T17:08:41.098986+00:00] EVENT invocation_start index=2 bo_campaign_id=b681a41d-90db-4eb9-a9a9-3cc91098f3c0
BO campaign: b681a41d-90db-4eb9-a9a9-3cc91098f3c0
Using current RoboFlex campaign; vial setup was not modified.
RoboFlex run submitted: R0045 (seed02_b681a41d)
17:08:43.725 Submitted RoboFlex run
RoboFlex run R0045: queued
RoboFlex run R0045: still queued; polling quietly
RoboFlex platform: state=executing, blocked_on=robot, overdue=False
RoboFlex run R0045: running
RoboFlex run R0045: still running; polling quietly
RoboFlex run R0045: still running; polling quietly
RoboFlex run R0045: still running; polling quietly
RoboFlex run R0045: completed
Submitted seed02_b681a41d: yield=30.0, green=98.3
Completed 1 successful evaluation(s) in this invocation.
Artifacts: /app/.graphchat-workspaces/gallery_guest_1784900563933/artifacts/real_robochemflex_yield_bo_fresh_20260724T155503Z
[2026-07-24T17:56:24.395473+00:00] ANALYSIS experiment=2 run_id=R0045 label=seed02_b681a41d yield=30.037732281591182 green_score=98.29545454545455 bad_zero_or_no_peak=False zero_streak=0
[2026-07-24T17:56:24.395639+00:00] EVENT invocation_start index=3 bo_campaign_id=b681a41d-90db-4eb9-a9a9-3cc91098f3c0
BO campaign: b681a41d-90db-4eb9-a9a9-3cc91098f3c0
Using current RoboFlex campaign; vial setup was not modified.
RoboFlex run submitted: R0046 (seed03_b681a41d)
17:56:26.657 Submitted RoboFlex run
RoboFlex run R0046: queued
RoboFlex run R0046: still queued; polling quietly
RoboFlex platform: state=executing, blocked_on=robot, overdue=False
RoboFlex run R0046: still queued; polling quietly
RoboFlex run R0046: running
RoboFlex run R0046: still running; polling quietly
RoboFlex run R0046: still running; polling quietly
RoboFlex run R0046: still running; polling quietly
RoboFlex run R0046: still running; polling quietly
RoboFlex run R0046: still running; polling quietly
RoboFlex run R0046: still running; polling quietly
RoboFlex run R0046: still running; polling quietly
RoboFlex run R0046: completed
Submitted seed03_b681a41d: yield=15.8, green=4.3
Completed 1 successful evaluation(s) in this invocation.
Artifacts: /app/.graphchat-workspaces/gallery_guest_1784900563933/artifacts/real_robochemflex_yield_bo_fresh_20260724T155503Z
[2026-07-24T20:02:44.628267+00:00] ANALYSIS experiment=3 run_id=R0046 label=seed03_b681a41d yield=15.766697453699585 green_score=4.261363636363635 bad_zero_or_no_peak=False zero_streak=0
[2026-07-24T20:02:44.628458+00:00] EVENT invocation_start index=4 bo_campaign_id=b681a41d-90db-4eb9-a9a9-3cc91098f3c0
BO campaign: b681a41d-90db-4eb9-a9a9-3cc91098f3c0
Using current RoboFlex campaign; vial setup was not modified.
RoboFlex run submitted: R0047 (seed04_b681a41d)
20:02:46.967 Submitted RoboFlex run
RoboFlex run R0047: queued
RoboFlex run R0047: still queued; polling quietly
RoboFlex platform: state=executing, blocked_on=robot, overdue=False
RoboFlex run R0047: still queued; polling quietly
RoboFlex run R0047: running
RoboFlex run R0047: still running; polling quietly
RoboFlex run R0047: still running; polling quietly
RoboFlex run R0047: still running; polling quietly
RoboFlex run R0047: still running; polling quietly
RoboFlex run R0047: completed
Submitted seed04_b681a41d: yield=11.9, green=65.9
Completed 1 successful evaluation(s) in this invocation.
Artifacts: /app/.graphchat-workspaces/gallery_guest_1784900563933/artifacts/real_robochemflex_yield_bo_fresh_20260724T155503Z
[2026-07-24T21:33:05.576216+00:00] ANALYSIS experiment=4 run_id=R0047 label=seed04_b681a41d yield=11.930255522523904 green_score=65.94785422910422 bad_zero_or_no_peak=False zero_streak=0
[2026-07-24T21:33:05.576581+00:00] EVENT invocation_start index=5 bo_campaign_id=b681a41d-90db-4eb9-a9a9-3cc91098f3c0
BO campaign: b681a41d-90db-4eb9-a9a9-3cc91098f3c0
Using current RoboFlex campaign; vial setup was not modified.
RoboFlex run submitted: R0048 (seed05_b681a41d)
21:33:07.830 Submitted RoboFlex run
RoboFlex run R0048: queued
RoboFlex run R0048: still queued; polling quietly
RoboFlex platform: state=executing, blocked_on=robot, overdue=False
RoboFlex run R0048: running
RoboFlex run R0048: still running; polling quietly
RoboFlex run R0048: still running; polling quietly
RoboFlex run R0048: still running; polling quietly
RoboFlex run R0048: still running; polling quietly
RoboFlex run R0048: completed
Submitted seed05_b681a41d: yield=13.1, green=51.6
Completed 1 successful evaluation(s) in this invocation.
Artifacts: /app/.graphchat-workspaces/gallery_guest_1784900563933/artifacts/real_robochemflex_yield_bo_fresh_20260724T155503Z
[2026-07-24T22:34:33.421022+00:00] ANALYSIS experiment=5 run_id=R0048 label=seed05_b681a41d yield=13.136061617657441 green_score=51.567703130203135 bad_zero_or_no_peak=False zero_streak=0
[2026-07-24T22:34:33.421387+00:00] EVENT invocation_start index=6 bo_campaign_id=b681a41d-90db-4eb9-a9a9-3cc91098f3c0
BO campaign: b681a41d-90db-4eb9-a9a9-3cc91098f3c0
Using current RoboFlex campaign; vial setup was not modified.
RoboFlex run submitted: R0049 (seed06_b681a41d)
22:34:35.817 Submitted RoboFlex run
RoboFlex run R0049: queued
RoboFlex run R0049: still queued; polling quietly
RoboFlex platform: state=executing, blocked_on=robot, overdue=False
RoboFlex run R0049: running
RoboFlex run R0049: still running; polling quietly
RoboFlex run R0049: still running; polling quietly
RoboFlex run R0049: still running; polling quietly
RoboFlex run R0049: still running; polling quietly
RoboFlex run R0049: still running; polling quietly
RoboFlex run R0049: still running; polling quietly
RoboFlex run R0049: still running; polling quietly
RoboFlex run R0049: still running; polling quietly
RoboFlex run R0049: still running; polling quietly
RoboFlex run R0049: completed
Submitted seed06_b681a41d: yield=7.6, green=56.6
Completed 1 successful evaluation(s) in this invocation.
Artifacts: /app/.graphchat-workspaces/gallery_guest_1784900563933/artifacts/real_robochemflex_yield_bo_fresh_20260724T155503Z
[2026-07-25T00:57:06.664706+00:00] ANALYSIS experiment=6 run_id=R0049 label=seed06_b681a41d yield=7.574024955754647 green_score=56.59340659340659 bad_zero_or_no_peak=False zero_streak=0
[2026-07-25T00:57:06.664828+00:00] EVENT invocation_start index=7 bo_campaign_id=b681a41d-90db-4eb9-a9a9-3cc91098f3c0
BO campaign: b681a41d-90db-4eb9-a9a9-3cc91098f3c0
Using current RoboFlex campaign; vial setup was not modified.
RoboFlex run submitted: R0050 (bo_761b6759-b)
00:58:43.801 Submitted RoboFlex run
RoboFlex run R0050: queued
RoboFlex run R0050: still queued; polling quietly
RoboFlex platform: state=executing, blocked_on=robot, overdue=False
RoboFlex run R0050: running
RoboFlex run R0050: still running; polling quietly
RoboFlex run R0050: still running; polling quietly
RoboFlex run R0050: completed
Submitted bo_761b6759-b: yield=15.2, green=100.0
Completed 1 successful evaluation(s) in this invocation.
Artifacts: /app/.graphchat-workspaces/gallery_guest_1784900563933/artifacts/real_robochemflex_yield_bo_fresh_20260724T155503Z
[2026-07-25T01:35:47.475828+00:00] ANALYSIS experiment=7 run_id=R0050 label=bo_761b6759-b yield=15.229219976533518 green_score=100.0 bad_zero_or_no_peak=False zero_streak=0
[2026-07-25T01:35:47.476020+00:00] EVENT invocation_start index=8 bo_campaign_id=b681a41d-90db-4eb9-a9a9-3cc91098f3c0
BO campaign: b681a41d-90db-4eb9-a9a9-3cc91098f3c0
Using current RoboFlex campaign; vial setup was not modified.
RoboFlex run submitted: R0051 (bo_6185a2d1-0)
01:37:21.725 Submitted RoboFlex run
RoboFlex run R0051: queued
RoboFlex run R0051: still queued; polling quietly
RoboFlex platform: state=executing, blocked_on=robot, overdue=False
RoboFlex run R0051: running
RoboFlex run R0051: still running; polling quietly
RoboFlex run R0051: still running; polling quietly
RoboFlex run R0051: still running; polling quietly
RoboFlex run R0051: still running; polling quietly
RoboFlex run R0051: completed
Submitted bo_6185a2d1-0: yield=27.6, green=93.6
Completed 1 successful evaluation(s) in this invocation.
Artifacts: /app/.graphchat-workspaces/gallery_guest_1784900563933/artifacts/real_robochemflex_yield_bo_fresh_20260724T155503Z
[2026-07-25T02:50:25.532524+00:00] ANALYSIS experiment=8 run_id=R0051 label=bo_6185a2d1-0 yield=27.638363856448734 green_score=93.57670454545455 bad_zero_or_no_peak=False zero_streak=0
[2026-07-25T02:50:25.532808+00:00] EVENT invocation_start index=9 bo_campaign_id=b681a41d-90db-4eb9-a9a9-3cc91098f3c0
BO campaign: b681a41d-90db-4eb9-a9a9-3cc91098f3c0
Using current RoboFlex campaign; vial setup was not modified.
RoboFlex run submitted: R0052 (bo_b5aa81fc-1)
02:51:54.720 Submitted RoboFlex run
RoboFlex run R0052: queued
RoboFlex run R0052: still queued; polling quietly
RoboFlex platform: state=executing, blocked_on=robot, overdue=False
RoboFlex run R0052: transient poll error; retrying
RoboFlex run R0052: transient poll error; retrying
RoboFlex run R0052: transient poll error; retrying
RoboFlex run R0052: transient poll error; retrying
RoboFlex run R0052: transient poll error; retrying
RoboFlex run R0052: transient poll error; retrying
RoboFlex run R0052: transient poll error; retrying
RoboFlex run R0052: transient poll error; retrying
RoboFlex run R0052: transient poll error; retrying
RoboFlex run R0052: transient poll error; retrying
RoboFlex run R0052: transient poll error; retrying
RoboFlex run R0052: transient poll error; retrying
RoboFlex run R0052: transient poll error; retrying
RoboFlex run R0052: transient poll error; retrying
RoboFlex run R0052: transient poll error; retrying
RoboFlex run R0052: transient poll error; retrying
RoboFlex run R0052: transient poll error; retrying
RoboFlex run R0052: transient poll error; retrying
RoboFlex run R0052: transient poll error; retrying
RoboFlex run R0052: transient poll error; retrying
RoboFlex run R0052: transient poll error; retrying
RoboFlex run R0052: transient poll error; retrying
RoboFlex run R0052: transient poll error; retrying
RoboFlex run R0052: transient poll error; retrying
RoboFlex run R0052: transient poll error; retrying
RoboFlex run R0052: transient poll error; retrying
RoboFlex run R0052: transient poll error; retrying
RoboFlex run R0052: transient poll error; retrying
RoboFlex run R0052: transient poll error; retrying
RoboFlex run R0052: transient poll error; retrying
RoboFlex run R0052: transient poll error; retrying
RoboFlex run R0052: running
RoboFlex run R0052: still running; polling quietly
RoboFlex run R0052: completed
[2026-07-25T03:29:17.058615+00:00] ALERT invocation_failed index=9 exit_code=1; stopping supervision
[2026-07-25T03:29:17.058700+00:00] QUIET_SUPERVISOR_DONE successes=8 bo_campaign_id=b681a41d-90db-4eb9-a9a9-3cc91098f3c0
