exit_code=0

=== stdout (raw) ===
phosphine_paper_results_bundle_20260805
phosphine_paper_results_bundle_20260805.tar.gz
2.7M	phosphine_paper_results_bundle_20260805
2.1M	phosphine_paper_results_bundle_20260805.tar.gz
phosphine_paper_results_bundle_20260805/README.md
phosphine_paper_results_bundle_20260805/campaign_artifacts/phosphine_electronics_20260805_182629/bo_improvement_curve.csv
phosphine_paper_results_bundle_20260805/campaign_artifacts/phosphine_electronics_20260805_182629/bo_improvement_curve.png
phosphine_paper_results_bundle_20260805/campaign_artifacts/phosphine_electronics_20260805_182629/bo_mcp_export.csv
phosphine_paper_results_bundle_20260805/campaign_artifacts/phosphine_electronics_20260805_182629/campaign_id.txt
phosphine_paper_results_bundle_20260805/campaign_artifacts/phosphine_electronics_20260805_182629/evaluation_records.jsonl
phosphine_paper_results_bundle_20260805/campaign_artifacts/phosphine_electronics_20260805_182629/phosphine_electronic_tuning_map.png
phosphine_paper_results_bundle_20260805/campaign_artifacts/phosphine_electronics_20260805_182629/phosphine_objective_tradeoffs.png
phosphine_paper_results_bundle_20260805/campaign_artifacts/phosphine_electronics_20260805_182629/report.csv
phosphine_paper_results_bundle_20260805/campaign_artifacts/phosphine_electronics_20260805_182629/report.md
phosphine_paper_results_bundle_20260805/campaign_artifacts/phosphine_electronics_20260805_182629/run.log
phosphine_paper_results_bundle_20260805/campaign_artifacts/phosphine_electronics_20260805_182629/warm_start_rationale.csv
phosphine_paper_results_bundle_20260805/campaign_code/phosphine_electronics/__init__.py
phosphine_paper_results_bundle_20260805/campaign_code/phosphine_electronics/campaign.py
phosphine_paper_results_bundle_20260805/campaign_code/phosphine_electronics/candidate_table.csv
phosphine_paper_results_bundle_20260805/campaign_code/phosphine_electronics/evaluator.py
phosphine_paper_results_bundle_20260805/campaign_code/phosphine_electronics/intake.py
phosphine_paper_results_bundle_20260805/campaign_code/phosphine_electronics/reporting.py
phosphine_paper_results_bundle_20260805/campaign_code/phosphine_electronics/space.py
phosphine_paper_results_bundle_20260805/campaign_code/run_phosphine_electronics.py
phosphine_paper_results_bundle_20260805/metadata/HOW_TO_EXECUTE_CAMPAIGN.md
phosphine_paper_results_bundle_20260805/metadata/SHA256SUMS.txt
phosphine_paper_results_bundle_20260805/metadata/campaign_manifest.json
phosphine_paper_results_bundle_20260805/monitor_logs/phosphine_electronics_20260805_182628.log
phosphine_paper_results_bundle_20260805/monitor_logs/phosphine_electronics_continuation_20260805_192447.log
phosphine_paper_results_bundle_20260805/plot_scripts/plot_bo_improvement_curve.py
phosphine_paper_results_bundle_20260805/plot_scripts/plot_phosphine_campaign_summary.py
phosphine_paper_results_bundle_20260805/standalone_plots/bo_improvement_curve.png
phosphine_paper_results_bundle_20260805/standalone_plots/phosphine_electronic_tuning_map.png
phosphine_paper_results_bundle_20260805/standalone_plots/phosphine_objective_tradeoffs.png


=== stderr (raw) ===


=== stderr (model-visible) ===
