exit_code=0

=== stdout (raw) ===
Wrote artifacts/phosphine_electronics_20260805_182629/bo_improvement_curve.png
Wrote artifacts/phosphine_electronics_20260805_182629/bo_improvement_curve.csv
-rw-r--r-- 1 root root 2.5K Aug  5 19:12 artifacts/phosphine_electronics_20260805_182629/bo_improvement_curve.csv
-rw-r--r-- 1 root root 154K Aug  5 19:12 artifacts/phosphine_electronics_20260805_182629/bo_improvement_curve.png
-rwxr-xr-x 1 root root 8.4K Aug  5 19:12 plot_bo_improvement_curve.py
eval_index,successful_eval_count,latest_candidate_id,latest_phase,cumulative_pareto_count,normalized_hypervolume,best_donor_homo_error,best_gap_error,best_heavy_atom_count
1,1,P_0001,warm_start,1,0.5868857927824046,0.8164906790482629,0.8937320612068929,4.0
2,2,P_0002,warm_start,1,0.5868857927824046,0.8164906790482629,0.8937320612068929,4.0
3,3,P_0003,warm_start,1,0.5868857927824046,0.8164906790482629,0.8937320612068929,4.0
4,4,P_0004,warm_start,1,0.5868857927824046,0.8164906790482629,0.8937320612068929,4.0
5,5,P_0005,warm_start,1,0.5868857927824046,0.8164906790482629,0.8937320612068929,4.0
6,6,P_0246,warm_start,2,0.6574079837956197,0.8164906790482629,0.2740852320842091,4.0
7,7,P_0330,warm_start,2,0.6574079837956197,0.8164906790482629,0.2740852320842091,4.0
8,8,P_0361,warm_start,3,0.6602546661988555,0.08518961392093605,0.2740852320842091,4.0
9,9,P_0006,bo,4,0.6749001362017228,0.08518961392093605,0.2740852320842091,4.0
10,10,P_0007,bo,5,0.6783543305210847,0.08518961392093605,0.2740852320842091,4.0
11,11,P_0009,bo,6,0.6815822529123772,0.08518961392093605,0.2740852320842091,4.0


=== stderr (raw) ===


=== stderr (model-visible) ===
