exit_code=0

=== stdout (raw) ===
Wrote artifacts/phosphine_electronics_20260805_182629/bo_improvement_curve.png
Wrote artifacts/phosphine_electronics_20260805_182629/bo_improvement_curve.csv
-rw-r--r-- 1 root root 4.0K Aug  5 20:43 artifacts/phosphine_electronics_20260805_182629/bo_improvement_curve.csv
-rw-r--r-- 1 root root 158K Aug  5 20:43 artifacts/phosphine_electronics_20260805_182629/bo_improvement_curve.png
-rwxr-xr-x 1 root root 8.4K Aug  5 19:12 plot_bo_improvement_curve.py
37,37,P_0032,bo,17,1.0227619297501165,0.08518961392093605,0.2740852320842091,4.0
38,38,P_0034,bo,17,1.0227619297501165,0.08518961392093605,0.2740852320842091,4.0
39,39,P_0018,bo,16,1.0282902636304132,0.08518961392093605,0.2740852320842091,4.0
40,40,P_0013,bo,16,1.0282902636304132,0.08518961392093605,0.2740852320842091,4.0
41,41,P_0332,bo,16,1.0282902636304132,0.08518961392093605,0.2740852320842091,4.0
42,42,P_0200,bo,16,1.0282902636304132,0.08518961392093605,0.2740852320842091,4.0
43,43,P_0184,bo,16,1.0282902636304132,0.08518961392093605,0.2740852320842091,4.0
44,44,P_0188,bo,16,1.0282902636304132,0.08518961392093605,0.2740852320842091,4.0
45,45,P_0045,bo,16,1.0282902636304132,0.08518961392093605,0.2740852320842091,4.0
46,46,P_0256,bo,16,1.0282902636304132,0.08518961392093605,0.2740852320842091,4.0
47,47,P_0025,bo,17,1.0380057701994767,0.08518961392093605,0.2740852320842091,4.0
48,48,P_0196,bo,17,1.0380057701994767,0.08518961392093605,0.2740852320842091,4.0


=== stderr (raw) ===


=== stderr (model-visible) ===
